Archive member included to satisfy reference by file (symbol)

c:/progra~1/raspbe~1/picosd~1.1/gcc-ar~1/bin/../lib/gcc/arm-none-eabi/10.3.1/thumb/v6-m/nofp\libgcc.a(_dvmd_tls.o)
                              CMakeFiles/lidar_uart_test.dir/C_/Program_Files/Raspberry_Pi/Pico_SDK_v1.5.1/pico-sdk/src/rp2_common/pico_divider/divider.S.obj (__aeabi_idiv0)
c:/progra~1/raspbe~1/picosd~1.1/gcc-ar~1/bin/../lib/gcc/arm-none-eabi/10.3.1/../../../../arm-none-eabi/lib/thumb/v6-m/nofp\libg.a(lib_a-calloc.o)
                              CMakeFiles/lidar_uart_test.dir/C_/Program_Files/Raspberry_Pi/Pico_SDK_v1.5.1/pico-sdk/src/rp2_common/pico_malloc/pico_malloc.c.obj (calloc)
c:/progra~1/raspbe~1/picosd~1.1/gcc-ar~1/bin/../lib/gcc/arm-none-eabi/10.3.1/../../../../arm-none-eabi/lib/thumb/v6-m/nofp\libg.a(lib_a-callocr.o)
                              c:/progra~1/raspbe~1/picosd~1.1/gcc-ar~1/bin/../lib/gcc/arm-none-eabi/10.3.1/../../../../arm-none-eabi/lib/thumb/v6-m/nofp\libg.a(lib_a-calloc.o) (_calloc_r)
c:/progra~1/raspbe~1/picosd~1.1/gcc-ar~1/bin/../lib/gcc/arm-none-eabi/10.3.1/../../../../arm-none-eabi/lib/thumb/v6-m/nofp\libg.a(lib_a-errno.o)
                              c:/progra~1/raspbe~1/picosd~1.1/gcc-ar~1/bin/../lib/gcc/arm-none-eabi/10.3.1/../../../../arm-none-eabi/lib/thumb/v6-m/nofp\libg.a(lib_a-callocr.o) (__errno)
c:/progra~1/raspbe~1/picosd~1.1/gcc-ar~1/bin/../lib/gcc/arm-none-eabi/10.3.1/../../../../arm-none-eabi/lib/thumb/v6-m/nofp\libg.a(lib_a-impure.o)
                              c:/progra~1/raspbe~1/picosd~1.1/gcc-ar~1/bin/../lib/gcc/arm-none-eabi/10.3.1/../../../../arm-none-eabi/lib/thumb/v6-m/nofp\libg.a(lib_a-calloc.o) (_impure_ptr)
c:/progra~1/raspbe~1/picosd~1.1/gcc-ar~1/bin/../lib/gcc/arm-none-eabi/10.3.1/../../../../arm-none-eabi/lib/thumb/v6-m/nofp\libg.a(lib_a-init.o)
                              c:/progra~1/raspbe~1/picosd~1.1/gcc-ar~1/bin/../lib/gcc/arm-none-eabi/10.3.1/../../../../arm-none-eabi/lib/thumb/v6-m/nofp/crt0.o (__libc_init_array)
c:/progra~1/raspbe~1/picosd~1.1/gcc-ar~1/bin/../lib/gcc/arm-none-eabi/10.3.1/../../../../arm-none-eabi/lib/thumb/v6-m/nofp\libg.a(lib_a-malloc.o)
                              CMakeFiles/lidar_uart_test.dir/C_/Program_Files/Raspberry_Pi/Pico_SDK_v1.5.1/pico-sdk/src/rp2_common/pico_malloc/pico_malloc.c.obj (malloc)
c:/progra~1/raspbe~1/picosd~1.1/gcc-ar~1/bin/../lib/gcc/arm-none-eabi/10.3.1/../../../../arm-none-eabi/lib/thumb/v6-m/nofp\libg.a(lib_a-mallocr.o)
                              c:/progra~1/raspbe~1/picosd~1.1/gcc-ar~1/bin/../lib/gcc/arm-none-eabi/10.3.1/../../../../arm-none-eabi/lib/thumb/v6-m/nofp\libg.a(lib_a-callocr.o) (_malloc_r)
c:/progra~1/raspbe~1/picosd~1.1/gcc-ar~1/bin/../lib/gcc/arm-none-eabi/10.3.1/../../../../arm-none-eabi/lib/thumb/v6-m/nofp\libg.a(lib_a-mlock.o)
                              c:/progra~1/raspbe~1/picosd~1.1/gcc-ar~1/bin/../lib/gcc/arm-none-eabi/10.3.1/../../../../arm-none-eabi/lib/thumb/v6-m/nofp\libg.a(lib_a-mallocr.o) (__malloc_lock)
c:/progra~1/raspbe~1/picosd~1.1/gcc-ar~1/bin/../lib/gcc/arm-none-eabi/10.3.1/../../../../arm-none-eabi/lib/thumb/v6-m/nofp\libg.a(lib_a-realloc.o)
                              CMakeFiles/lidar_uart_test.dir/C_/Program_Files/Raspberry_Pi/Pico_SDK_v1.5.1/pico-sdk/src/rp2_common/pico_malloc/pico_malloc.c.obj (realloc)
c:/progra~1/raspbe~1/picosd~1.1/gcc-ar~1/bin/../lib/gcc/arm-none-eabi/10.3.1/../../../../arm-none-eabi/lib/thumb/v6-m/nofp\libg.a(lib_a-reallocr.o)
                              c:/progra~1/raspbe~1/picosd~1.1/gcc-ar~1/bin/../lib/gcc/arm-none-eabi/10.3.1/../../../../arm-none-eabi/lib/thumb/v6-m/nofp\libg.a(lib_a-realloc.o) (_realloc_r)
c:/progra~1/raspbe~1/picosd~1.1/gcc-ar~1/bin/../lib/gcc/arm-none-eabi/10.3.1/../../../../arm-none-eabi/lib/thumb/v6-m/nofp\libg.a(lib_a-sbrkr.o)
                              c:/progra~1/raspbe~1/picosd~1.1/gcc-ar~1/bin/../lib/gcc/arm-none-eabi/10.3.1/../../../../arm-none-eabi/lib/thumb/v6-m/nofp\libg.a(lib_a-mallocr.o) (_sbrk_r)
c:/progra~1/raspbe~1/picosd~1.1/gcc-ar~1/bin/../lib/gcc/arm-none-eabi/10.3.1/../../../../arm-none-eabi/lib/thumb/v6-m/nofp\libg.a(lib_a-strlen-stub.o)
                              CMakeFiles/lidar_uart_test.dir/C_/Program_Files/Raspberry_Pi/Pico_SDK_v1.5.1/pico-sdk/src/rp2_common/pico_stdio/stdio.c.obj (strlen)
c:/progra~1/raspbe~1/picosd~1.1/gcc-ar~1/bin/../lib/gcc/arm-none-eabi/10.3.1/../../../../arm-none-eabi/lib/thumb/v6-m/nofp\libg.a(lib_a-strncpy.o)
                              CMakeFiles/lidar_uart_test.dir/src/uart_comm.c.obj (strncpy)
c:/progra~1/raspbe~1/picosd~1.1/gcc-ar~1/bin/../lib/gcc/arm-none-eabi/10.3.1/../../../../arm-none-eabi/lib/thumb/v6-m/nofp\libg.a(lib_a-freer.o)
                              c:/progra~1/raspbe~1/picosd~1.1/gcc-ar~1/bin/../lib/gcc/arm-none-eabi/10.3.1/../../../../arm-none-eabi/lib/thumb/v6-m/nofp\libg.a(lib_a-malloc.o) (_free_r)
c:/progra~1/raspbe~1/picosd~1.1/gcc-ar~1/bin/../lib/gcc/arm-none-eabi/10.3.1/../../../../arm-none-eabi/lib/thumb/v6-m/nofp\libg.a(lib_a-lock.o)
[...]
Memory Configuration

Name             Origin             Length             Attributes
FLASH            0x10000000         0x00200000         xr
RAM              0x20000000         0x00040000         xrw
SCRATCH_X        0x20040000         0x00001000         xrw
SCRATCH_Y        0x20041000         0x00001000         xrw
*default*        0x00000000         0xffffffff

Linker script and memory map

LOAD c:/progra~1/raspbe~1/picosd~1.1/gcc-ar~1/bin/../lib/gcc/arm-none-eabi/10.3.1/thumb/v6-m/nofp/crti.o
LOAD c:/progra~1/raspbe~1/picosd~1.1/gcc-ar~1/bin/../lib/gcc/arm-none-eabi/10.3.1/thumb/v6-m/nofp/crtbegin.o
LOAD c:/progra~1/raspbe~1/picosd~1.1/gcc-ar~1/bin/../lib/gcc/arm-none-eabi/10.3.1/../../../../arm-none-eabi/lib/thumb/v6-m/nofp/crt0.o

.flash_begin    0x10000000        0x0
                0x10000000                __flash_binary_start = .

.boot2          0x10000000      0x100
                0x10000000                __boot2_start__ = .
 *(.boot2)
 .boot2         0x10000000      0x100 C:\Users\Macab\AppData\Local\Temp\cco7Vrbk.o
                0x10000100                __boot2_end__ = .
                0x00000001                ASSERT (((__boot2_end__ - __boot2_start__) == 0x100), ERROR: Pico second stage bootloader must be 256 bytes in size)

.text           0x10000100     0x6fb8
                0x10000100                __logical_binary_start = .
 *(.vectors)
 .vectors       0x10000100       0xd4 CMakeFiles/lidar_uart_test.dir/C_/Program_Files/Raspberry_Pi/Pico_SDK_v1.5.1/pico-sdk/src/rp2_common/pico_standard_link/crt0.S.obj
                0x10000100                __VECTOR_TABLE
                0x10000100                __vectors
                0x100001c0                isr_invalid
                0x100001c0                __default_isrs_start
                0x100001c2                isr_nmi
                0x100001c4                isr_hardfault
                0x100001c6                isr_svcall
                0x100001c8                isr_pendsv
                0x100001ca                isr_systick
                0x100001cc                isr_irq23
                0x100001cc                isr_irq18
                0x100001cc                isr_irq11
                0x100001cc                isr_irq28
                0x100001cc                isr_irq19
                0x100001cc                isr_irq0
                0x100001cc                isr_irq6
                0x100001cc                isr_irq5
                0x100001cc                isr_irq12
                0x100001cc                isr_irq22
                0x100001cc                isr_irq31
                0x100001cc                isr_irq17
                0x100001cc                isr_irq27
                0x100001cc                isr_irq30
                0x100001cc                isr_irq2
                0x100001cc                isr_irq10
                0x100001cc                isr_irq8
                0x100001cc                isr_irq24
                0x100001cc                isr_irq1
                0x100001cc                isr_irq7
                0x100001cc                isr_irq21
                0x100001cc                isr_irq20
                0x100001cc                isr_irq15
                0x100001cc                isr_irq25
                0x100001cc                isr_irq13
                0x100001cc                __unhandled_user_irq
                0x100001cc                isr_irq4
                0x100001cc                isr_irq16
                0x100001cc                isr_irq29
                0x100001cc                isr_irq26
                0x100001cc                __default_isrs_end
                0x100001cc                isr_irq3
                0x100001cc                isr_irq14
                0x100001cc                isr_irq9
                0x100001d2                unhandled_user_irq_num_in_r0
 *(.binary_info_header)
 .binary_info_header
                0x100001d4       0x14 CMakeFiles/lidar_uart_test.dir/C_/Program_Files/Raspberry_Pi/Pico_SDK_v1.5.1/pico-sdk/src/rp2_common/pico_standard_link/crt0.S.obj
                0x100001e8                __binary_info_header_end = .
 *(.reset)
 .reset         0x100001e8       0xa0 CMakeFiles/lidar_uart_test.dir/C_/Program_Files/Raspberry_Pi/Pico_SDK_v1.5.1/pico-sdk/src/rp2_common/pico_standard_link/crt0.S.obj
                0x100001e8                _entry_point
 .reset         0x10000288       0x30 CMakeFiles/lidar_uart_test.dir/C_/Program_Files/Raspberry_Pi/Pico_SDK_v1.5.1/pico-sdk/src/rp2_common/pico_standard_link/binary_info.c.obj
 *(.init)
 .init          0x100002b8        0x4 c:/progra~1/raspbe~1/picosd~1.1/gcc-ar~1/bin/../lib/gcc/arm-none-eabi/10.3.1/thumb/v6-m/nofp/crti.o
                0x100002b8                _init
 *(EXCLUDE_FILE(*libm.a: *libc.a:*lib_a-mem*.o *libgcc.a:) .text*)
 .text          0x100002bc       0x48 c:/progra~1/raspbe~1/picosd~1.1/gcc-ar~1/bin/../lib/gcc/arm-none-eabi/10.3.1/thumb/v6-m/nofp/crtbegin.o
 .text.main     0x10000304       0x5c CMakeFiles/lidar_uart_test.dir/src/lidar_uart_test.c.obj
                0x10000304                main
 .text.uart_comm_init
                0x10000360       0x80 CMakeFiles/lidar_uart_test.dir/src/uart_comm.c.obj
                0x10000360                uart_comm_init
 .text.uart_send_string
                0x100003e0       0x5c CMakeFiles/lidar_uart_test.dir/src/uart_comm.c.obj
                0x100003e0                uart_send_string
 .text.gpio_set_function
                0x1000043c       0x30 CMakeFiles/lidar_uart_test.dir/C_/Program_Files/Raspberry_Pi/Pico_SDK_v1.5.1/pico-sdk/src/rp2_common/hardware_gpio/gpio.c.obj
                0x1000043c                gpio_set_function
 .text.running_on_fpga
                0x1000046c       0x14 CMakeFiles/lidar_uart_test.dir/C_/Program_Files/Raspberry_Pi/Pico_SDK_v1.5.1/pico-sdk/src/rp2_common/pico_platform/platform.c.obj
                0x1000046c                running_on_fpga
 .text.hw_claim_lock
                0x10000480       0x18 CMakeFiles/lidar_uart_test.dir/C_/Program_Files/Raspberry_Pi/Pico_SDK_v1.5.1/pico-sdk/src/rp2_common/hardware_claim/claim.c.obj
                0x10000480                hw_claim_lock
 .text.hw_claim_unlock
                0x10000498       0x14 CMakeFiles/lidar_uart_test.dir/C_/Program_Files/Raspberry_Pi/Pico_SDK_v1.5.1/pico-sdk/src/rp2_common/hardware_claim/claim.c.obj
                0x10000498                hw_claim_unlock
 .text.hw_claim_or_assert
                0x100004ac       0x32 CMakeFiles/lidar_uart_test.dir/C_/Program_Files/Raspberry_Pi/Pico_SDK_v1.5.1/pico-sdk/src/rp2_common/hardware_claim/claim.c.obj
                0x100004ac                hw_claim_or_assert
 .text.hw_claim_unused_from_range
                0x100004de       0x50 CMakeFiles/lidar_uart_test.dir/C_/Program_Files/Raspberry_Pi/Pico_SDK_v1.5.1/pico-sdk/src/rp2_common/hardware_claim/claim.c.obj
                0x100004de                hw_claim_unused_from_range
 *fill*         0x1000052e        0x2 
 .text.spin_locks_reset
                0x10000530       0x20 CMakeFiles/lidar_uart_test.dir/C_/Program_Files/Raspberry_Pi/Pico_SDK_v1.5.1/pico-sdk/src/rp2_common/hardware_sync/sync.c.obj
                0x10000530                spin_locks_reset
 .text.next_striped_spin_lock_num
                0x10000550       0x1c CMakeFiles/lidar_uart_test.dir/C_/Program_Files/Raspberry_Pi/Pico_SDK_v1.5.1/pico-sdk/src/rp2_common/hardware_sync/sync.c.obj
                0x10000550                next_striped_spin_lock_num
 .text.spin_lock_claim_unused
                0x1000056c       0x20 CMakeFiles/lidar_uart_test.dir/C_/Program_Files/Raspberry_Pi/Pico_SDK_v1.5.1/pico-sdk/src/rp2_common/hardware_sync/sync.c.obj
                0x1000056c                spin_lock_claim_unused
 .text.set_raw_irq_handler_and_unlock
                0x1000058c       0x28 CMakeFiles/lidar_uart_test.dir/C_/Program_Files/Raspberry_Pi/Pico_SDK_v1.5.1/pico-sdk/src/rp2_common/hardware_irq/irq.c.obj
 .text.make_branch
                0x100005b4       0x48 CMakeFiles/lidar_uart_test.dir/C_/Program_Files/Raspberry_Pi/Pico_SDK_v1.5.1/pico-sdk/src/rp2_common/hardware_irq/irq.c.obj
 .text.insert_branch_and_link
                0x100005fc       0x40 CMakeFiles/lidar_uart_test.dir/C_/Program_Files/Raspberry_Pi/Pico_SDK_v1.5.1/pico-sdk/src/rp2_common/hardware_irq/irq.c.obj
 .text.irq_is_enabled
                0x1000063c       0x18 CMakeFiles/lidar_uart_test.dir/C_/Program_Files/Raspberry_Pi/Pico_SDK_v1.5.1/pico-sdk/src/rp2_common/hardware_irq/irq.c.obj
                0x1000063c                irq_is_enabled
 .text.irq_set_mask_enabled
                0x10000654       0x20 CMakeFiles/lidar_uart_test.dir/C_/Program_Files/Raspberry_Pi/Pico_SDK_v1.5.1/pico-sdk/src/rp2_common/hardware_irq/irq.c.obj
                0x10000654                irq_set_mask_enabled
 .text.irq_set_enabled
                0x10000674        0xe CMakeFiles/lidar_uart_test.dir/C_/Program_Files/Raspberry_Pi/Pico_SDK_v1.5.1/pico-sdk/src/rp2_common/hardware_irq/irq.c.obj
                0x10000674                irq_set_enabled
 *fill*         0x10000682        0x2 
 .text.irq_set_pending
                0x10000684       0x10 CMakeFiles/lidar_uart_test.dir/C_/Program_Files/Raspberry_Pi/Pico_SDK_v1.5.1/pico-sdk/src/rp2_common/hardware_irq/irq.c.obj
                0x10000684                irq_set_pending
 .text.irq_get_vtable_handler
                0x10000694       0x10 CMakeFiles/lidar_uart_test.dir/C_/Program_Files/Raspberry_Pi/Pico_SDK_v1.5.1/pico-sdk/src/rp2_common/hardware_irq/irq.c.obj
                0x10000694                irq_get_vtable_handler
 .text.irq_has_shared_handler
                0x100006a4       0x24 CMakeFiles/lidar_uart_test.dir/C_/Program_Files/Raspberry_Pi/Pico_SDK_v1.5.1/pico-sdk/src/rp2_common/hardware_irq/irq.c.obj
                0x100006a4                irq_has_shared_handler
 .text.irq_set_exclusive_handler
                0x100006c8       0x54 CMakeFiles/lidar_uart_test.dir/C_/Program_Files/Raspberry_Pi/Pico_SDK_v1.5.1/pico-sdk/src/rp2_common/hardware_irq/irq.c.obj
                0x100006c8                irq_set_exclusive_handler
 .text.irq_add_shared_handler
                0x1000071c      0x234 CMakeFiles/lidar_uart_test.dir/C_/Program_Files/Raspberry_Pi/Pico_SDK_v1.5.1/pico-sdk/src/rp2_common/hardware_irq/irq.c.obj
                0x1000071c                irq_add_shared_handler
 .text.irq_remove_handler
                0x10000950      0x1ac CMakeFiles/lidar_uart_test.dir/C_/Program_Files/Raspberry_Pi/Pico_SDK_v1.5.1/pico-sdk/src/rp2_common/hardware_irq/irq.c.obj
                0x10000950                irq_remove_handler
 .text.irq_add_tail_to_free_list
                0x10000afc       0xf0 CMakeFiles/lidar_uart_test.dir/C_/Program_Files/Raspberry_Pi/Pico_SDK_v1.5.1/pico-sdk/src/rp2_common/hardware_irq/irq.c.obj
                0x10000afc                irq_add_tail_to_free_list
 .text.irq_init_priorities
                0x10000bec       0x1c CMakeFiles/lidar_uart_test.dir/C_/Program_Files/Raspberry_Pi/Pico_SDK_v1.5.1/pico-sdk/src/rp2_common/hardware_irq/irq.c.obj
                0x10000bec                irq_init_priorities
 .text.user_irq_claim_unused
                0x10000c08       0x28 CMakeFiles/lidar_uart_test.dir/C_/Program_Files/Raspberry_Pi/Pico_SDK_v1.5.1/pico-sdk/src/rp2_common/hardware_irq/irq.c.obj
                0x10000c08                user_irq_claim_unused
 .text.lock_init
                0x10000c30       0x10 CMakeFiles/lidar_uart_test.dir/C_/Program_Files/Raspberry_Pi/Pico_SDK_v1.5.1/pico-sdk/src/common/pico_sync/lock_core.c.obj
                0x10000c30                lock_init
 .text.mutex_init
                0x10000c40       0x1a CMakeFiles/lidar_uart_test.dir/C_/Program_Files/Raspberry_Pi/Pico_SDK_v1.5.1/pico-sdk/src/common/pico_sync/mutex.c.obj
                0x10000c40                mutex_init
 .text.recursive_mutex_init
                0x10000c5a       0x1e CMakeFiles/lidar_uart_test.dir/C_/Program_Files/Raspberry_Pi/Pico_SDK_v1.5.1/pico-sdk/src/common/pico_sync/mutex.c.obj
                0x10000c5a                recursive_mutex_init
 .text.critical_section_init_with_lock_num
                0x10000c78       0x14 CMakeFiles/lidar_uart_test.dir/C_/Program_Files/Raspberry_Pi/Pico_SDK_v1.5.1/pico-sdk/src/common/pico_sync/critical_section.c.obj
                0x10000c78                critical_section_init_with_lock_num
 .text.critical_section_init
                0x10000c8c       0x14 CMakeFiles/lidar_uart_test.dir/C_/Program_Files/Raspberry_Pi/Pico_SDK_v1.5.1/pico-sdk/src/common/pico_sync/critical_section.c.obj
                0x10000c8c                critical_section_init
 .text.alarm_pool_post_alloc_init
                0x10000ca0       0x40 CMakeFiles/lidar_uart_test.dir/C_/Program_Files/Raspberry_Pi/Pico_SDK_v1.5.1/pico-sdk/src/common/pico_time/time.c.obj
 .text.sleep_until_callback
                0x10000ce0       0x30 CMakeFiles/lidar_uart_test.dir/C_/Program_Files/Raspberry_Pi/Pico_SDK_v1.5.1/pico-sdk/src/common/pico_time/time.c.obj
 .text.timer_pool_entry_comparator
                0x10000d10       0x7c CMakeFiles/lidar_uart_test.dir/C_/Program_Files/Raspberry_Pi/Pico_SDK_v1.5.1/pico-sdk/src/common/pico_time/time.c.obj
                0x10000d10                timer_pool_entry_comparator
 .text.ph_add_child_node
                0x10000d8c       0xa4 CMakeFiles/lidar_uart_test.dir/C_/Program_Files/Raspberry_Pi/Pico_SDK_v1.5.1/pico-sdk/src/common/pico_time/time.c.obj
 .text.ph_merge_nodes
                0x10000e30       0x3e CMakeFiles/lidar_uart_test.dir/C_/Program_Files/Raspberry_Pi/Pico_SDK_v1.5.1/pico-sdk/src/common/pico_time/time.c.obj
 *fill*         0x10000e6e        0x2 
 .text.add_alarm_under_lock
                0x10000e70      0x174 CMakeFiles/lidar_uart_test.dir/C_/Program_Files/Raspberry_Pi/Pico_SDK_v1.5.1/pico-sdk/src/common/pico_time/time.c.obj
 .text.alarm_pool_alarm_callback
                0x10000fe4      0x33c CMakeFiles/lidar_uart_test.dir/C_/Program_Files/Raspberry_Pi/Pico_SDK_v1.5.1/pico-sdk/src/common/pico_time/time.c.obj
 .text.alarm_pool_init_default
                0x10001320       0x40 CMakeFiles/lidar_uart_test.dir/C_/Program_Files/Raspberry_Pi/Pico_SDK_v1.5.1/pico-sdk/src/common/pico_time/time.c.obj
                0x10001320                alarm_pool_init_default
 .text.alarm_pool_get_default
                0x10001360       0x2c CMakeFiles/lidar_uart_test.dir/C_/Program_Files/Raspberry_Pi/Pico_SDK_v1.5.1/pico-sdk/src/common/pico_time/time.c.obj
                0x10001360                alarm_pool_get_default
 .text.alarm_pool_add_alarm_at
                0x1000138c      0x168 CMakeFiles/lidar_uart_test.dir/C_/Program_Files/Raspberry_Pi/Pico_SDK_v1.5.1/pico-sdk/src/common/pico_time/time.c.obj
                0x1000138c                alarm_pool_add_alarm_at
 .text.alarm_pool_cancel_alarm
                0x100014f4       0xf8 CMakeFiles/lidar_uart_test.dir/C_/Program_Files/Raspberry_Pi/Pico_SDK_v1.5.1/pico-sdk/src/common/pico_time/time.c.obj
                0x100014f4                alarm_pool_cancel_alarm
 .text.alarm_pool_core_num
                0x100015ec        0x4 CMakeFiles/lidar_uart_test.dir/C_/Program_Files/Raspberry_Pi/Pico_SDK_v1.5.1/pico-sdk/src/common/pico_time/time.c.obj
                0x100015ec                alarm_pool_core_num
 .text.sleep_until
                0x100015f0       0xfc CMakeFiles/lidar_uart_test.dir/C_/Program_Files/Raspberry_Pi/Pico_SDK_v1.5.1/pico-sdk/src/common/pico_time/time.c.obj
                0x100015f0                sleep_until
 .text.sleep_us
                0x100016ec       0x58 CMakeFiles/lidar_uart_test.dir/C_/Program_Files/Raspberry_Pi/Pico_SDK_v1.5.1/pico-sdk/src/common/pico_time/time.c.obj
                0x100016ec                sleep_us
 .text.sleep_ms
                0x10001744       0x14 CMakeFiles/lidar_uart_test.dir/C_/Program_Files/Raspberry_Pi/Pico_SDK_v1.5.1/pico-sdk/src/common/pico_time/time.c.obj
                0x10001744                sleep_ms
 .text.best_effort_wfe_or_timeout
                0x10001758       0xac CMakeFiles/lidar_uart_test.dir/C_/Program_Files/Raspberry_Pi/Pico_SDK_v1.5.1/pico-sdk/src/common/pico_time/time.c.obj
                0x10001758                best_effort_wfe_or_timeout
 .text.hardware_alarm_irq_handler
                0x10001804       0x90 CMakeFiles/lidar_uart_test.dir/C_/Program_Files/Raspberry_Pi/Pico_SDK_v1.5.1/pico-sdk/src/rp2_common/hardware_timer/timer.c.obj
 .text.hardware_alarm_claim
                0x10001894       0x18 CMakeFiles/lidar_uart_test.dir/C_/Program_Files/Raspberry_Pi/Pico_SDK_v1.5.1/pico-sdk/src/rp2_common/hardware_timer/timer.c.obj
                0x10001894                hardware_alarm_claim
 .text.time_us_64
                0x100018ac       0x18 CMakeFiles/lidar_uart_test.dir/C_/Program_Files/Raspberry_Pi/Pico_SDK_v1.5.1/pico-sdk/src/rp2_common/hardware_timer/timer.c.obj
                0x100018ac                time_us_64
 .text.busy_wait_until
                0x100018c4       0x28 CMakeFiles/lidar_uart_test.dir/C_/Program_Files/Raspberry_Pi/Pico_SDK_v1.5.1/pico-sdk/src/rp2_common/hardware_timer/timer.c.obj
                0x100018c4                busy_wait_until
 .text.busy_wait_us
                0x100018ec       0x48 CMakeFiles/lidar_uart_test.dir/C_/Program_Files/Raspberry_Pi/Pico_SDK_v1.5.1/pico-sdk/src/rp2_common/hardware_timer/timer.c.obj
                0x100018ec                busy_wait_us
 .text.hardware_alarm_set_callback
                0x10001934       0x90 CMakeFiles/lidar_uart_test.dir/C_/Program_Files/Raspberry_Pi/Pico_SDK_v1.5.1/pico-sdk/src/rp2_common/hardware_timer/timer.c.obj
                0x10001934                hardware_alarm_set_callback
 .text.hardware_alarm_set_target
                0x100019c4       0xe8 CMakeFiles/lidar_uart_test.dir/C_/Program_Files/Raspberry_Pi/Pico_SDK_v1.5.1/pico-sdk/src/rp2_common/hardware_timer/timer.c.obj
                0x100019c4                hardware_alarm_set_target
 .text.hardware_alarm_cancel
                0x10001aac       0x40 CMakeFiles/lidar_uart_test.dir/C_/Program_Files/Raspberry_Pi/Pico_SDK_v1.5.1/pico-sdk/src/rp2_common/hardware_timer/timer.c.obj
                0x10001aac                hardware_alarm_cancel
 .text.ph_add_child_node
                0x10001aec       0xa4 CMakeFiles/lidar_uart_test.dir/C_/Program_Files/Raspberry_Pi/Pico_SDK_v1.5.1/pico-sdk/src/common/pico_util/pheap.c.obj
 .text.ph_merge_nodes
                0x10001b90       0x3e CMakeFiles/lidar_uart_test.dir/C_/Program_Files/Raspberry_Pi/Pico_SDK_v1.5.1/pico-sdk/src/common/pico_util/pheap.c.obj
 *fill*         0x10001bce        0x2 
 .text.ph_clear
                0x10001bd0       0x70 CMakeFiles/lidar_uart_test.dir/C_/Program_Files/Raspberry_Pi/Pico_SDK_v1.5.1/pico-sdk/src/common/pico_util/pheap.c.obj
                0x10001bd0                ph_clear
 .text.ph_post_alloc_init
                0x10001c40        0xe CMakeFiles/lidar_uart_test.dir/C_/Program_Files/Raspberry_Pi/Pico_SDK_v1.5.1/pico-sdk/src/common/pico_util/pheap.c.obj
                0x10001c40                ph_post_alloc_init
 *fill*         0x10001c4e        0x2 
 .text.ph_merge_two_pass
                0x10001c50       0xa8 CMakeFiles/lidar_uart_test.dir/C_/Program_Files/Raspberry_Pi/Pico_SDK_v1.5.1/pico-sdk/src/common/pico_util/pheap.c.obj
                0x10001c50                ph_merge_two_pass
 .text.ph_remove_any_head
                0x10001cf8      0x128 CMakeFiles/lidar_uart_test.dir/C_/Program_Files/Raspberry_Pi/Pico_SDK_v1.5.1/pico-sdk/src/common/pico_util/pheap.c.obj
 .text.ph_remove_head
                0x10001e20       0x14 CMakeFiles/lidar_uart_test.dir/C_/Program_Files/Raspberry_Pi/Pico_SDK_v1.5.1/pico-sdk/src/common/pico_util/pheap.c.obj
                0x10001e20                ph_remove_head
 .text.ph_remove_and_free_node
                0x10001e34       0xf8 CMakeFiles/lidar_uart_test.dir/C_/Program_Files/Raspberry_Pi/Pico_SDK_v1.5.1/pico-sdk/src/common/pico_util/pheap.c.obj
                0x10001e34                ph_remove_and_free_node
 .text.uart_disable_before_lcr_write
                0x10001f2c       0x48 CMakeFiles/lidar_uart_test.dir/C_/Program_Files/Raspberry_Pi/Pico_SDK_v1.5.1/pico-sdk/src/rp2_common/hardware_uart/uart.c.obj
 .text.uart_write_lcr_bits_masked
                0x10001f74       0x22 CMakeFiles/lidar_uart_test.dir/C_/Program_Files/Raspberry_Pi/Pico_SDK_v1.5.1/pico-sdk/src/rp2_common/hardware_uart/uart.c.obj
 *fill*         0x10001f96        0x2 
 .text.uart_set_baudrate
                0x10001f98       0x5c CMakeFiles/lidar_uart_test.dir/C_/Program_Files/Raspberry_Pi/Pico_SDK_v1.5.1/pico-sdk/src/rp2_common/hardware_uart/uart.c.obj
                0x10001f98                uart_set_baudrate
 .text.uart_set_format
                0x10001ff4       0x2c CMakeFiles/lidar_uart_test.dir/C_/Program_Files/Raspberry_Pi/Pico_SDK_v1.5.1/pico-sdk/src/rp2_common/hardware_uart/uart.c.obj
                0x10001ff4                uart_set_format
 .text.uart_set_fifo_enabled
                0x10002020       0x10 CMakeFiles/lidar_uart_test.dir/C_/Program_Files/Raspberry_Pi/Pico_SDK_v1.5.1/pico-sdk/src/rp2_common/hardware_uart/uart.c.obj
                0x10002020                uart_set_fifo_enabled
 .text.uart_set_translate_crlf
                0x10002030       0x28 CMakeFiles/lidar_uart_test.dir/C_/Program_Files/Raspberry_Pi/Pico_SDK_v1.5.1/pico-sdk/src/rp2_common/hardware_uart/uart.c.obj
                0x10002030                uart_set_translate_crlf
 .text.uart_init
                0x10002058       0x80 CMakeFiles/lidar_uart_test.dir/C_/Program_Files/Raspberry_Pi/Pico_SDK_v1.5.1/pico-sdk/src/rp2_common/hardware_uart/uart.c.obj
                0x10002058                uart_init
 .text.clock_configure
                0x100020d8      0x108 CMakeFiles/lidar_uart_test.dir/C_/Program_Files/Raspberry_Pi/Pico_SDK_v1.5.1/pico-sdk/src/rp2_common/hardware_clocks/clocks.c.obj
                0x100020d8                clock_configure
 .text.clocks_init
                0x100021e0      0x100 CMakeFiles/lidar_uart_test.dir/C_/Program_Files/Raspberry_Pi/Pico_SDK_v1.5.1/pico-sdk/src/rp2_common/hardware_clocks/clocks.c.obj
                0x100021e0                clocks_init
 .text.clock_get_hz
                0x100022e0        0xc CMakeFiles/lidar_uart_test.dir/C_/Program_Files/Raspberry_Pi/Pico_SDK_v1.5.1/pico-sdk/src/rp2_common/hardware_clocks/clocks.c.obj
                0x100022e0                clock_get_hz
 .text.pll_init
                0x100022ec      0x120 CMakeFiles/lidar_uart_test.dir/C_/Program_Files/Raspberry_Pi/Pico_SDK_v1.5.1/pico-sdk/src/rp2_common/hardware_pll/pll.c.obj
                0x100022ec                pll_init
 .text.watchdog_start_tick
                0x1000240c       0x10 CMakeFiles/lidar_uart_test.dir/C_/Program_Files/Raspberry_Pi/Pico_SDK_v1.5.1/pico-sdk/src/rp2_common/hardware_watchdog/watchdog.c.obj
                0x1000240c                watchdog_start_tick
 .text.watchdog_update
                0x1000241c       0x14 CMakeFiles/lidar_uart_test.dir/C_/Program_Files/Raspberry_Pi/Pico_SDK_v1.5.1/pico-sdk/src/rp2_common/hardware_watchdog/watchdog.c.obj
                0x1000241c                watchdog_update
 .text._watchdog_enable
                0x10002430       0x78 CMakeFiles/lidar_uart_test.dir/C_/Program_Files/Raspberry_Pi/Pico_SDK_v1.5.1/pico-sdk/src/rp2_common/hardware_watchdog/watchdog.c.obj
                0x10002430                _watchdog_enable
 .text.watchdog_reboot
                0x100024a8       0x48 CMakeFiles/lidar_uart_test.dir/C_/Program_Files/Raspberry_Pi/Pico_SDK_v1.5.1/pico-sdk/src/rp2_common/hardware_watchdog/watchdog.c.obj
                0x100024a8                watchdog_reboot
 .text.xosc_init
                0x100024f0       0x28 CMakeFiles/lidar_uart_test.dir/C_/Program_Files/Raspberry_Pi/Pico_SDK_v1.5.1/pico-sdk/src/rp2_common/hardware_xosc/xosc.c.obj
                0x100024f0                xosc_init
 .text._exit    0x10002518        0x4 CMakeFiles/lidar_uart_test.dir/C_/Program_Files/Raspberry_Pi/Pico_SDK_v1.5.1/pico-sdk/src/rp2_common/pico_runtime/runtime.c.obj
                0x10002518                _exit
 .text.exit     0x1000251c        0x6 CMakeFiles/lidar_uart_test.dir/C_/Program_Files/Raspberry_Pi/Pico_SDK_v1.5.1/pico-sdk/src/rp2_common/pico_runtime/runtime.c.obj
                0x1000251c                exit
 *fill*         0x10002522        0x2 
 .text.__assert_func
                0x10002524       0x3c CMakeFiles/lidar_uart_test.dir/C_/Program_Files/Raspberry_Pi/Pico_SDK_v1.5.1/pico-sdk/src/rp2_common/pico_runtime/runtime.c.obj
                0x10002524                __assert_func
 .text.runtime_init
                0x10002560       0xf8 CMakeFiles/lidar_uart_test.dir/C_/Program_Files/Raspberry_Pi/Pico_SDK_v1.5.1/pico-sdk/src/rp2_common/pico_runtime/runtime.c.obj
                0x10002560                runtime_init
 .text.panic    0x10002658       0x30 CMakeFiles/lidar_uart_test.dir/C_/Program_Files/Raspberry_Pi/Pico_SDK_v1.5.1/pico-sdk/src/rp2_common/pico_runtime/runtime.c.obj
                0x10002658                panic
 .text._out_buffer
                0x10002688        0x8 CMakeFiles/lidar_uart_test.dir/C_/Program_Files/Raspberry_Pi/Pico_SDK_v1.5.1/pico-sdk/src/rp2_common/pico_printf/printf.c.obj
 .text._out_null
                0x10002690        0x2 CMakeFiles/lidar_uart_test.dir/C_/Program_Files/Raspberry_Pi/Pico_SDK_v1.5.1/pico-sdk/src/rp2_common/pico_printf/printf.c.obj
 .text._out_fct
                0x10002692        0xe CMakeFiles/lidar_uart_test.dir/C_/Program_Files/Raspberry_Pi/Pico_SDK_v1.5.1/pico-sdk/src/rp2_common/pico_printf/printf.c.obj
 .text._atoi    0x100026a0       0x24 CMakeFiles/lidar_uart_test.dir/C_/Program_Files/Raspberry_Pi/Pico_SDK_v1.5.1/pico-sdk/src/rp2_common/pico_printf/printf.c.obj
 .text._out_rev
                0x100026c4       0xae CMakeFiles/lidar_uart_test.dir/C_/Program_Files/Raspberry_Pi/Pico_SDK_v1.5.1/pico-sdk/src/rp2_common/pico_printf/printf.c.obj
 .text._ntoa_format
                0x10002772      0x112 CMakeFiles/lidar_uart_test.dir/C_/Program_Files/Raspberry_Pi/Pico_SDK_v1.5.1/pico-sdk/src/rp2_common/pico_printf/printf.c.obj
 .text._ntoa_long
                0x10002884       0xbc CMakeFiles/lidar_uart_test.dir/C_/Program_Files/Raspberry_Pi/Pico_SDK_v1.5.1/pico-sdk/src/rp2_common/pico_printf/printf.c.obj
 .text._ntoa_long_long
                0x10002940       0xe2 CMakeFiles/lidar_uart_test.dir/C_/Program_Files/Raspberry_Pi/Pico_SDK_v1.5.1/pico-sdk/src/rp2_common/pico_printf/printf.c.obj
 *fill*         0x10002a22        0x2 
 .text._etoa    0x10002a24      0x414 CMakeFiles/lidar_uart_test.dir/C_/Program_Files/Raspberry_Pi/Pico_SDK_v1.5.1/pico-sdk/src/rp2_common/pico_printf/printf.c.obj
 .text._ftoa    0x10002e38      0x354 CMakeFiles/lidar_uart_test.dir/C_/Program_Files/Raspberry_Pi/Pico_SDK_v1.5.1/pico-sdk/src/rp2_common/pico_printf/printf.c.obj
 .text._vsnprintf
                0x1000318c      0x624 CMakeFiles/lidar_uart_test.dir/C_/Program_Files/Raspberry_Pi/Pico_SDK_v1.5.1/pico-sdk/src/rp2_common/pico_printf/printf.c.obj
 .text.__wrap_sprintf
                0x100037b0       0x28 CMakeFiles/lidar_uart_test.dir/C_/Program_Files/Raspberry_Pi/Pico_SDK_v1.5.1/pico-sdk/src/rp2_common/pico_printf/printf.c.obj
                0x100037b0                __wrap_sprintf
 .text.vfctprintf
                0x100037d8       0x20 CMakeFiles/lidar_uart_test.dir/C_/Program_Files/Raspberry_Pi/Pico_SDK_v1.5.1/pico-sdk/src/rp2_common/pico_printf/printf.c.obj
                0x100037d8                vfctprintf
 .text          0x100037f8       0x10 CMakeFiles/lidar_uart_test.dir/C_/Program_Files/Raspberry_Pi/Pico_SDK_v1.5.1/pico-sdk/src/rp2_common/pico_bit_ops/bit_ops_aeabi.S.obj
 .text.rom_func_lookup
                0x10003808       0x10 CMakeFiles/lidar_uart_test.dir/C_/Program_Files/Raspberry_Pi/Pico_SDK_v1.5.1/pico-sdk/src/rp2_common/pico_bootrom/bootrom.c.obj
                0x10003808                rom_func_lookup
 .text.rom_data_lookup
                0x10003818       0x10 CMakeFiles/lidar_uart_test.dir/C_/Program_Files/Raspberry_Pi/Pico_SDK_v1.5.1/pico-sdk/src/rp2_common/pico_bootrom/bootrom.c.obj
                0x10003818                rom_data_lookup
 .text.rom_funcs_lookup
                0x10003828       0x36 CMakeFiles/lidar_uart_test.dir/C_/Program_Files/Raspberry_Pi/Pico_SDK_v1.5.1/pico-sdk/src/rp2_common/pico_bootrom/bootrom.c.obj
                0x10003828                rom_funcs_lookup
 *fill*         0x1000385e        0x2 
 .text.__wrap___aeabi_idiv
                0x10003860       0x50 CMakeFiles/lidar_uart_test.dir/C_/Program_Files/Raspberry_Pi/Pico_SDK_v1.5.1/pico-sdk/src/rp2_common/pico_divider/divider.S.obj
                0x10003860                __wrap___aeabi_idivmod
                0x10003860                divmod_s32s32
                0x10003860                div_s32s32
                0x10003860                __wrap___aeabi_idiv
                0x10003868                divmod_s32s32_unsafe
                0x10003894                divmod_s32s32_savestate
 .text.__wrap___aeabi_uidiv
                0x100038b0       0x4c CMakeFiles/lidar_uart_test.dir/C_/Program_Files/Raspberry_Pi/Pico_SDK_v1.5.1/pico-sdk/src/rp2_common/pico_divider/divider.S.obj
                0x100038b0                __wrap___aeabi_uidiv
                0x100038b0                __wrap___aeabi_uidivmod
                0x100038b0                div_u32u32
                0x100038b0                divmod_u32u32
                0x100038b8                divmod_u32u32_unsafe
                0x100038e0                divmod_u32u32_savestate
 .text.__wrap___aeabi_ldiv
                0x100038fc      0x424 CMakeFiles/lidar_uart_test.dir/C_/Program_Files/Raspberry_Pi/Pico_SDK_v1.5.1/pico-sdk/src/rp2_common/pico_divider/divider.S.obj
                0x100038fc                div_s64s64
                0x100038fc                divmod_s64s64
                0x100038fc                __wrap___aeabi_ldivmod
                0x1000392c                divmod_u64u64
                0x1000392c                div_u64u64
                0x1000392c                __wrap___aeabi_uldivmod
                0x1000393c                divmod_u64u64_savestate
                0x1000395c                divmod_s64s64_unsafe
                0x100039e4                divmod_u64u64_unsafe
 .text.__wrap___aeabi_darithmetic
                0x10003d20       0x80 CMakeFiles/lidar_uart_test.dir/C_/Program_Files/Raspberry_Pi/Pico_SDK_v1.5.1/pico-sdk/src/rp2_common/pico_double/double_aeabi.S.obj
                0x10003d20                __wrap___aeabi_drsub
                0x10003d26                __wrap___aeabi_dsub
                0x10003d38                __wrap___aeabi_dadd
                0x10003d4a                __wrap___aeabi_ddiv
                0x10003d86                __wrap___aeabi_dmul
 .text.__wrap___aeabi_cdcmple
                0x10003da0       0x6c CMakeFiles/lidar_uart_test.dir/C_/Program_Files/Raspberry_Pi/Pico_SDK_v1.5.1/pico-sdk/src/rp2_common/pico_double/double_aeabi.S.obj
                0x10003da0                __wrap___aeabi_cdrcmple
                0x10003db0                __wrap___aeabi_cdcmpeq
                0x10003db0                __wrap___aeabi_cdcmple
 .text.__wrap___aeabi_dcmplt
                0x10003e0c        0xc CMakeFiles/lidar_uart_test.dir/C_/Program_Files/Raspberry_Pi/Pico_SDK_v1.5.1/pico-sdk/src/rp2_common/pico_double/double_aeabi.S.obj
                0x10003e0c                __wrap___aeabi_dcmplt
 .text.__wrap___aeabi_dcmple
                0x10003e18       0x10 CMakeFiles/lidar_uart_test.dir/C_/Program_Files/Raspberry_Pi/Pico_SDK_v1.5.1/pico-sdk/src/rp2_common/pico_double/double_aeabi.S.obj
                0x10003e18                __wrap___aeabi_dcmple
 .text.__wrap___aeabi_dcmpge
                0x10003e28       0x10 CMakeFiles/lidar_uart_test.dir/C_/Program_Files/Raspberry_Pi/Pico_SDK_v1.5.1/pico-sdk/src/rp2_common/pico_double/double_aeabi.S.obj
                0x10003e28                __wrap___aeabi_dcmpge
 .text.__wrap___aeabi_dcmpgt
                0x10003e38        0xa CMakeFiles/lidar_uart_test.dir/C_/Program_Files/Raspberry_Pi/Pico_SDK_v1.5.1/pico-sdk/src/rp2_common/pico_double/double_aeabi.S.obj
                0x10003e38                __wrap___aeabi_dcmpgt
 .text.__wrap___aeabi_dcmpun
                0x10003e42       0x1c CMakeFiles/lidar_uart_test.dir/C_/Program_Files/Raspberry_Pi/Pico_SDK_v1.5.1/pico-sdk/src/rp2_common/pico_double/double_aeabi.S.obj
                0x10003e42                __wrap___aeabi_dcmpun
 *fill*         0x10003e5e        0x2 
 .text.__wrap___aeabi_i2d
                0x10003e60       0x38 CMakeFiles/lidar_uart_test.dir/C_/Program_Files/Raspberry_Pi/Pico_SDK_v1.5.1/pico-sdk/src/rp2_common/pico_double/double_aeabi.S.obj
                0x10003e60                __wrap___aeabi_ui2d
                0x10003e68                __wrap___aeabi_i2d
 .text.__wrap___aeabi_d2iz
                0x10003e98       0x48 CMakeFiles/lidar_uart_test.dir/C_/Program_Files/Raspberry_Pi/Pico_SDK_v1.5.1/pico-sdk/src/rp2_common/pico_double/double_aeabi.S.obj
                0x10003e98                double2int_z
                0x10003e98                __wrap___aeabi_d2iz
 .text.__wrap___aeabi_d2uiz
                0x10003ee0       0x18 CMakeFiles/lidar_uart_test.dir/C_/Program_Files/Raspberry_Pi/Pico_SDK_v1.5.1/pico-sdk/src/rp2_common/pico_double/double_aeabi.S.obj
                0x10003ee0                __wrap___aeabi_d2uiz
                0x10003ee0                double2uint
 .text.__aeabi_double_init
                0x10003ef8       0xc8 CMakeFiles/lidar_uart_test.dir/C_/Program_Files/Raspberry_Pi/Pico_SDK_v1.5.1/pico-sdk/src/rp2_common/pico_double/double_init_rom.c.obj
                0x10003ef8                __aeabi_double_init
 .text.double_table_shim_on_use_helper
                0x10003fc0       0x34 CMakeFiles/lidar_uart_test.dir/C_/Program_Files/Raspberry_Pi/Pico_SDK_v1.5.1/pico-sdk/src/rp2_common/pico_double/double_v1_rom_shim.S.obj
                0x10003fc0                double_table_shim_on_use_helper
 .text.__wrap___aeabi_dsub
                0x10003ff4       0x10 CMakeFiles/lidar_uart_test.dir/C_/Program_Files/Raspberry_Pi/Pico_SDK_v1.5.1/pico-sdk/src/rp2_common/pico_double/double_v1_rom_shim.S.obj
                0x10003ff4                drsub_shim
                0x10003ffa                dsub_shim
 .text.dadd_shim
                0x10004004      0x15c CMakeFiles/lidar_uart_test.dir/C_/Program_Files/Raspberry_Pi/Pico_SDK_v1.5.1/pico-sdk/src/rp2_common/pico_double/double_v1_rom_shim.S.obj
                0x10004004                dadd_shim
 .text.dmul_shim
                0x10004160      0x15c CMakeFiles/lidar_uart_test.dir/C_/Program_Files/Raspberry_Pi/Pico_SDK_v1.5.1/pico-sdk/src/rp2_common/pico_double/double_v1_rom_shim.S.obj
                0x10004160                dmul_shim
 .text.ddiv_shim
                0x100042bc      0x1b0 CMakeFiles/lidar_uart_test.dir/C_/Program_Files/Raspberry_Pi/Pico_SDK_v1.5.1/pico-sdk/src/rp2_common/pico_double/double_v1_rom_shim.S.obj
                0x100042bc                ddiv_shim
 .text.double2uint_shim
                0x1000446c        0xe CMakeFiles/lidar_uart_test.dir/C_/Program_Files/Raspberry_Pi/Pico_SDK_v1.5.1/pico-sdk/src/rp2_common/pico_double/double_v1_rom_shim.S.obj
                0x1000446c                double2uint_shim
                0x1000446e                double2ufix_shim
 *fill*         0x1000447a        0x2 
 .text.double2uint64_shim
                0x1000447c       0x70 CMakeFiles/lidar_uart_test.dir/C_/Program_Files/Raspberry_Pi/Pico_SDK_v1.5.1/pico-sdk/src/rp2_common/pico_double/double_v1_rom_shim.S.obj
                0x1000447c                double2uint64_shim
                0x1000447e                double2ufix64_shim
                0x1000449e                d2fix_a
 .text.dunpacks
                0x100044ec       0x3c CMakeFiles/lidar_uart_test.dir/C_/Program_Files/Raspberry_Pi/Pico_SDK_v1.5.1/pico-sdk/src/rp2_common/pico_double/double_v1_rom_shim.S.obj
                0x100044ec                dunpacks
 .text.__aeabi_lmul
                0x10004528       0x32 CMakeFiles/lidar_uart_test.dir/C_/Program_Files/Raspberry_Pi/Pico_SDK_v1.5.1/pico-sdk/src/rp2_common/pico_int64_ops/pico_int64_ops_aeabi.S.obj
                0x10004528                __wrap___aeabi_lmul
 *fill*         0x1000455a        0x2 
 .text.__aeabi_float_init
                0x1000455c       0xfc CMakeFiles/lidar_uart_test.dir/C_/Program_Files/Raspberry_Pi/Pico_SDK_v1.5.1/pico-sdk/src/rp2_common/pico_float/float_init_rom.c.obj
                0x1000455c                __aeabi_float_init
 .text.float_table_shim_on_use_helper
                0x10004658       0x34 CMakeFiles/lidar_uart_test.dir/C_/Program_Files/Raspberry_Pi/Pico_SDK_v1.5.1/pico-sdk/src/rp2_common/pico_float/float_v1_rom_shim.S.obj
                0x10004658                float_table_shim_on_use_helper
 .text          0x1000468c       0x10 CMakeFiles/lidar_uart_test.dir/C_/Program_Files/Raspberry_Pi/Pico_SDK_v1.5.1/pico-sdk/src/rp2_common/pico_mem_ops/mem_ops_aeabi.S.obj
                0x1000468c                __aeabi_mem_init
 .text.memset   0x1000469c        0xc CMakeFiles/lidar_uart_test.dir/C_/Program_Files/Raspberry_Pi/Pico_SDK_v1.5.1/pico-sdk/src/rp2_common/pico_mem_ops/mem_ops_aeabi.S.obj
                0x1000469c                __wrap_memset
 .text.memcpy   0x100046a8        0xc CMakeFiles/lidar_uart_test.dir/C_/Program_Files/Raspberry_Pi/Pico_SDK_v1.5.1/pico-sdk/src/rp2_common/pico_mem_ops/mem_ops_aeabi.S.obj
                0x100046a8                __wrap_memcpy
                0x100046a8                __wrap___aeabi_memcpy
 .text.stdio_out_chars_no_crlf
                0x100046b4        0xe CMakeFiles/lidar_uart_test.dir/C_/Program_Files/Raspberry_Pi/Pico_SDK_v1.5.1/pico-sdk/src/rp2_common/pico_stdio/stdio.c.obj
 *fill*         0x100046c2        0x2 
 .text.stdio_out_chars_crlf
                0x100046c4       0x80 CMakeFiles/lidar_uart_test.dir/C_/Program_Files/Raspberry_Pi/Pico_SDK_v1.5.1/pico-sdk/src/rp2_common/pico_stdio/stdio.c.obj
 .text.stdio_stack_buffer_flush
                0x10004744       0x44 CMakeFiles/lidar_uart_test.dir/C_/Program_Files/Raspberry_Pi/Pico_SDK_v1.5.1/pico-sdk/src/rp2_common/pico_stdio/stdio.c.obj
 .text.stdio_buffered_printer
                0x10004788       0x20 CMakeFiles/lidar_uart_test.dir/C_/Program_Files/Raspberry_Pi/Pico_SDK_v1.5.1/pico-sdk/src/rp2_common/pico_stdio/stdio.c.obj
 .text.stdout_serialize_begin
                0x100047a8       0x5c CMakeFiles/lidar_uart_test.dir/C_/Program_Files/Raspberry_Pi/Pico_SDK_v1.5.1/pico-sdk/src/rp2_common/pico_stdio/stdio.c.obj
                0x100047a8                stdout_serialize_begin
 .text.stdout_serialize_end
                0x10004804       0x10 CMakeFiles/lidar_uart_test.dir/C_/Program_Files/Raspberry_Pi/Pico_SDK_v1.5.1/pico-sdk/src/rp2_common/pico_stdio/stdio.c.obj
                0x10004804                stdout_serialize_end
 .text.stdio_put_string
                0x10004814       0x98 CMakeFiles/lidar_uart_test.dir/C_/Program_Files/Raspberry_Pi/Pico_SDK_v1.5.1/pico-sdk/src/rp2_common/pico_stdio/stdio.c.obj
 .text.stdio_set_driver_enabled
                0x100048ac       0x2c CMakeFiles/lidar_uart_test.dir/C_/Program_Files/Raspberry_Pi/Pico_SDK_v1.5.1/pico-sdk/src/rp2_common/pico_stdio/stdio.c.obj
                0x100048ac                stdio_set_driver_enabled
 .text.stdio_flush
                0x100048d8       0x20 CMakeFiles/lidar_uart_test.dir/C_/Program_Files/Raspberry_Pi/Pico_SDK_v1.5.1/pico-sdk/src/rp2_common/pico_stdio/stdio.c.obj
                0x100048d8                stdio_flush
 .text.__wrap_puts
                0x100048f8       0x1e CMakeFiles/lidar_uart_test.dir/C_/Program_Files/Raspberry_Pi/Pico_SDK_v1.5.1/pico-sdk/src/rp2_common/pico_stdio/stdio.c.obj
                0x100048f8                __wrap_puts
 *fill*         0x10004916        0x2 
 .text.__wrap_vprintf
                0x10004918       0x40 CMakeFiles/lidar_uart_test.dir/C_/Program_Files/Raspberry_Pi/Pico_SDK_v1.5.1/pico-sdk/src/rp2_common/pico_stdio/stdio.c.obj
                0x10004918                __wrap_vprintf
 .text.__wrap_printf
                0x10004958       0x18 CMakeFiles/lidar_uart_test.dir/C_/Program_Files/Raspberry_Pi/Pico_SDK_v1.5.1/pico-sdk/src/rp2_common/pico_stdio/stdio.c.obj
                0x10004958                __wrap_printf
 .text.stdio_init_all
                0x10004970        0x8 CMakeFiles/lidar_uart_test.dir/C_/Program_Files/Raspberry_Pi/Pico_SDK_v1.5.1/pico-sdk/src/rp2_common/pico_stdio/stdio.c.obj
                0x10004970                stdio_init_all
 .text.resetd_init
                0x10004978        0x2 CMakeFiles/lidar_uart_test.dir/C_/Program_Files/Raspberry_Pi/Pico_SDK_v1.5.1/pico-sdk/src/rp2_common/pico_stdio_usb/reset_interface.c.obj
 *fill*         0x1000497a        0x2 
 .text.resetd_reset
                0x1000497c        0xc CMakeFiles/lidar_uart_test.dir/C_/Program_Files/Raspberry_Pi/Pico_SDK_v1.5.1/pico-sdk/src/rp2_common/pico_stdio_usb/reset_interface.c.obj
 .text.resetd_open
                0x10004988       0x34 CMakeFiles/lidar_uart_test.dir/C_/Program_Files/Raspberry_Pi/Pico_SDK_v1.5.1/pico-sdk/src/rp2_common/pico_stdio_usb/reset_interface.c.obj
 .text.resetd_xfer_cb
                0x100049bc        0x4 CMakeFiles/lidar_uart_test.dir/C_/Program_Files/Raspberry_Pi/Pico_SDK_v1.5.1/pico-sdk/src/rp2_common/pico_stdio_usb/reset_interface.c.obj
 .text.reset_usb_boot
                0x100049c0       0x18 CMakeFiles/lidar_uart_test.dir/C_/Program_Files/Raspberry_Pi/Pico_SDK_v1.5.1/pico-sdk/src/rp2_common/pico_stdio_usb/reset_interface.c.obj
 .text.resetd_control_xfer_cb
                0x100049d8       0x5c CMakeFiles/lidar_uart_test.dir/C_/Program_Files/Raspberry_Pi/Pico_SDK_v1.5.1/pico-sdk/src/rp2_common/pico_stdio_usb/reset_interface.c.obj
 .text.usbd_app_driver_get_cb
                0x10004a34        0xc CMakeFiles/lidar_uart_test.dir/C_/Program_Files/Raspberry_Pi/Pico_SDK_v1.5.1/pico-sdk/src/rp2_common/pico_stdio_usb/reset_interface.c.obj
                0x10004a34                usbd_app_driver_get_cb
 .text.tud_cdc_line_coding_cb
                0x10004a40       0x28 CMakeFiles/lidar_uart_test.dir/C_/Program_Files/Raspberry_Pi/Pico_SDK_v1.5.1/pico-sdk/src/rp2_common/pico_stdio_usb/reset_interface.c.obj
                0x10004a40                tud_cdc_line_coding_cb
 .text.stdio_usb_set_chars_available_callback
                0x10004a68       0x14 CMakeFiles/lidar_uart_test.dir/C_/Program_Files/Raspberry_Pi/Pico_SDK_v1.5.1/pico-sdk/src/rp2_common/pico_stdio_usb/stdio_usb.c.obj
                0x10004a68                stdio_usb_set_chars_available_callback
 .text.usb_irq  0x10004a7c       0x10 CMakeFiles/lidar_uart_test.dir/C_/Program_Files/Raspberry_Pi/Pico_SDK_v1.5.1/pico-sdk/src/rp2_common/pico_stdio_usb/stdio_usb.c.obj
 .text.timer_task
                0x10004a8c       0x5c CMakeFiles/lidar_uart_test.dir/C_/Program_Files/Raspberry_Pi/Pico_SDK_v1.5.1/pico-sdk/src/rp2_common/pico_stdio_usb/stdio_usb.c.obj
 .text.low_priority_worker_irq
                0x10004ae8       0xdc CMakeFiles/lidar_uart_test.dir/C_/Program_Files/Raspberry_Pi/Pico_SDK_v1.5.1/pico-sdk/src/rp2_common/pico_stdio_usb/stdio_usb.c.obj
 .text.tud_cdc_rx_cb
                0x10004bc4       0x20 CMakeFiles/lidar_uart_test.dir/C_/Program_Files/Raspberry_Pi/Pico_SDK_v1.5.1/pico-sdk/src/rp2_common/pico_stdio_usb/stdio_usb.c.obj
                0x10004bc4                tud_cdc_rx_cb
 .text.stdio_usb_init
                0x10004be4      0x11c CMakeFiles/lidar_uart_test.dir/C_/Program_Files/Raspberry_Pi/Pico_SDK_v1.5.1/pico-sdk/src/rp2_common/pico_stdio_usb/stdio_usb.c.obj
                0x10004be4                stdio_usb_init
 .text.stdio_usb_connected
                0x10004d00        0xa CMakeFiles/lidar_uart_test.dir/C_/Program_Files/Raspberry_Pi/Pico_SDK_v1.5.1/pico-sdk/src/rp2_common/pico_stdio_usb/stdio_usb.c.obj
                0x10004d00                stdio_usb_connected
 *fill*         0x10004d0a        0x2 
 .text.stdio_usb_in_chars
                0x10004d0c       0xc4 CMakeFiles/lidar_uart_test.dir/C_/Program_Files/Raspberry_Pi/Pico_SDK_v1.5.1/pico-sdk/src/rp2_common/pico_stdio_usb/stdio_usb.c.obj
                0x10004d0c                stdio_usb_in_chars
 .text.stdio_usb_out_chars
                0x10004dd0      0x114 CMakeFiles/lidar_uart_test.dir/C_/Program_Files/Raspberry_Pi/Pico_SDK_v1.5.1/pico-sdk/src/rp2_common/pico_stdio_usb/stdio_usb.c.obj
 .text.tud_descriptor_device_cb
                0x10004ee4        0x8 CMakeFiles/lidar_uart_test.dir/C_/Program_Files/Raspberry_Pi/Pico_SDK_v1.5.1/pico-sdk/src/rp2_common/pico_stdio_usb/stdio_usb_descriptors.c.obj
                0x10004ee4                tud_descriptor_device_cb
 .text.tud_descriptor_configuration_cb
                0x10004eec        0x8 CMakeFiles/lidar_uart_test.dir/C_/Program_Files/Raspberry_Pi/Pico_SDK_v1.5.1/pico-sdk/src/rp2_common/pico_stdio_usb/stdio_usb_descriptors.c.obj
                0x10004eec                tud_descriptor_configuration_cb
 .text.tud_descriptor_string_cb
                0x10004ef4       0x6c CMakeFiles/lidar_uart_test.dir/C_/Program_Files/Raspberry_Pi/Pico_SDK_v1.5.1/pico-sdk/src/rp2_common/pico_stdio_usb/stdio_usb_descriptors.c.obj
                0x10004ef4                tud_descriptor_string_cb
 .text._retrieve_unique_id_on_boot
                0x10004f60       0x10 CMakeFiles/lidar_uart_test.dir/C_/Program_Files/Raspberry_Pi/Pico_SDK_v1.5.1/pico-sdk/src/rp2_common/pico_unique_id/unique_id.c.obj
 .text.pico_get_unique_board_id_string
                0x10004f70       0x60 CMakeFiles/lidar_uart_test.dir/C_/Program_Files/Raspberry_Pi/Pico_SDK_v1.5.1/pico-sdk/src/rp2_common/pico_unique_id/unique_id.c.obj
                0x10004f70                pico_get_unique_board_id_string
 .text.flash_get_unique_id
                0x10004fd0       0x46 CMakeFiles/lidar_uart_test.dir/C_/Program_Files/Raspberry_Pi/Pico_SDK_v1.5.1/pico-sdk/src/rp2_common/hardware_flash/flash.c.obj
                0x10004fd0                flash_get_unique_id
 *fill*         0x10005016        0x2 
 .text.hw_endpoint_get_by_addr
                0x10005018       0x18 CMakeFiles/lidar_uart_test.dir/C_/Program_Files/Raspberry_Pi/Pico_SDK_v1.5.1/pico-sdk/lib/tinyusb/src/portable/raspberrypi/rp2040/dcd_rp2040.c.obj
 .text._hw_endpoint_alloc
                0x10005030       0x70 CMakeFiles/lidar_uart_test.dir/C_/Program_Files/Raspberry_Pi/Pico_SDK_v1.5.1/pico-sdk/lib/tinyusb/src/portable/raspberrypi/rp2040/dcd_rp2040.c.obj
 .text.hw_endpoint_init
                0x100050a0       0x88 CMakeFiles/lidar_uart_test.dir/C_/Program_Files/Raspberry_Pi/Pico_SDK_v1.5.1/pico-sdk/lib/tinyusb/src/portable/raspberrypi/rp2040/dcd_rp2040.c.obj
 .text.hw_endpoint_xfer
                0x10005128       0x14 CMakeFiles/lidar_uart_test.dir/C_/Program_Files/Raspberry_Pi/Pico_SDK_v1.5.1/pico-sdk/lib/tinyusb/src/portable/raspberrypi/rp2040/dcd_rp2040.c.obj
 .text.dcd_int_enable
                0x1000513c       0x2c CMakeFiles/lidar_uart_test.dir/C_/Program_Files/Raspberry_Pi/Pico_SDK_v1.5.1/pico-sdk/lib/tinyusb/src/portable/raspberrypi/rp2040/dcd_rp2040.c.obj
                0x1000513c                dcd_int_enable
 .text.dcd_set_address
                0x10005168       0x2c CMakeFiles/lidar_uart_test.dir/C_/Program_Files/Raspberry_Pi/Pico_SDK_v1.5.1/pico-sdk/lib/tinyusb/src/portable/raspberrypi/rp2040/dcd_rp2040.c.obj
                0x10005168                dcd_set_address
 .text.dcd_connect
                0x10005194       0x10 CMakeFiles/lidar_uart_test.dir/C_/Program_Files/Raspberry_Pi/Pico_SDK_v1.5.1/pico-sdk/lib/tinyusb/src/portable/raspberrypi/rp2040/dcd_rp2040.c.obj
                0x10005194                dcd_connect
 .text.dcd_init
                0x100051a4       0x80 CMakeFiles/lidar_uart_test.dir/C_/Program_Files/Raspberry_Pi/Pico_SDK_v1.5.1/pico-sdk/lib/tinyusb/src/portable/raspberrypi/rp2040/dcd_rp2040.c.obj
                0x100051a4                dcd_init
 .text.dcd_edpt0_status_complete
                0x10005224       0x1c CMakeFiles/lidar_uart_test.dir/C_/Program_Files/Raspberry_Pi/Pico_SDK_v1.5.1/pico-sdk/lib/tinyusb/src/portable/raspberrypi/rp2040/dcd_rp2040.c.obj
                0x10005224                dcd_edpt0_status_complete
 .text.dcd_edpt_open
                0x10005240       0x40 CMakeFiles/lidar_uart_test.dir/C_/Program_Files/Raspberry_Pi/Pico_SDK_v1.5.1/pico-sdk/lib/tinyusb/src/portable/raspberrypi/rp2040/dcd_rp2040.c.obj
                0x10005240                dcd_edpt_open
 .text.dcd_edpt_close_all
                0x10005280        0x8 CMakeFiles/lidar_uart_test.dir/C_/Program_Files/Raspberry_Pi/Pico_SDK_v1.5.1/pico-sdk/lib/tinyusb/src/portable/raspberrypi/rp2040/dcd_rp2040.c.obj
                0x10005280                dcd_edpt_close_all
 .text.dcd_edpt_xfer
                0x10005288       0x34 CMakeFiles/lidar_uart_test.dir/C_/Program_Files/Raspberry_Pi/Pico_SDK_v1.5.1/pico-sdk/lib/tinyusb/src/portable/raspberrypi/rp2040/dcd_rp2040.c.obj
                0x10005288                dcd_edpt_xfer
 .text.dcd_edpt_stall
                0x100052bc       0x2c CMakeFiles/lidar_uart_test.dir/C_/Program_Files/Raspberry_Pi/Pico_SDK_v1.5.1/pico-sdk/lib/tinyusb/src/portable/raspberrypi/rp2040/dcd_rp2040.c.obj
                0x100052bc                dcd_edpt_stall
 .text.dcd_edpt_clear_stall
                0x100052e8       0x20 CMakeFiles/lidar_uart_test.dir/C_/Program_Files/Raspberry_Pi/Pico_SDK_v1.5.1/pico-sdk/lib/tinyusb/src/portable/raspberrypi/rp2040/dcd_rp2040.c.obj
                0x100052e8                dcd_edpt_clear_stall
 .text.rp2040_usb_init
                0x10005308       0x4c CMakeFiles/lidar_uart_test.dir/C_/Program_Files/Raspberry_Pi/Pico_SDK_v1.5.1/pico-sdk/lib/tinyusb/src/portable/raspberrypi/rp2040/rp2040_usb.c.obj
                0x10005308                rp2040_usb_init
 .text.hw_endpoint_xfer_start
                0x10005354       0x50 CMakeFiles/lidar_uart_test.dir/C_/Program_Files/Raspberry_Pi/Pico_SDK_v1.5.1/pico-sdk/lib/tinyusb/src/portable/raspberrypi/rp2040/rp2040_usb.c.obj
                0x10005354                hw_endpoint_xfer_start
 .text.configuration_reset
                0x100053a4       0x84 CMakeFiles/lidar_uart_test.dir/C_/Program_Files/Raspberry_Pi/Pico_SDK_v1.5.1/pico-sdk/lib/tinyusb/src/device/usbd.c.obj
 .text.usbd_reset
                0x10005428        0xc CMakeFiles/lidar_uart_test.dir/C_/Program_Files/Raspberry_Pi/Pico_SDK_v1.5.1/pico-sdk/lib/tinyusb/src/device/usbd.c.obj
 .text.invoke_class_control
                0x10005434       0x1a CMakeFiles/lidar_uart_test.dir/C_/Program_Files/Raspberry_Pi/Pico_SDK_v1.5.1/pico-sdk/lib/tinyusb/src/device/usbd.c.obj
 *fill*         0x1000544e        0x2 
 .text.process_set_config
                0x10005450      0x178 CMakeFiles/lidar_uart_test.dir/C_/Program_Files/Raspberry_Pi/Pico_SDK_v1.5.1/pico-sdk/lib/tinyusb/src/device/usbd.c.obj
 .text.process_get_descriptor
                0x100055c8       0xdc CMakeFiles/lidar_uart_test.dir/C_/Program_Files/Raspberry_Pi/Pico_SDK_v1.5.1/pico-sdk/lib/tinyusb/src/device/usbd.c.obj
 .text.tud_mounted
                0x100056a4       0x10 CMakeFiles/lidar_uart_test.dir/C_/Program_Files/Raspberry_Pi/Pico_SDK_v1.5.1/pico-sdk/lib/tinyusb/src/device/usbd.c.obj
                0x100056a4                tud_mounted
 .text.tud_suspended
                0x100056b4       0x10 CMakeFiles/lidar_uart_test.dir/C_/Program_Files/Raspberry_Pi/Pico_SDK_v1.5.1/pico-sdk/lib/tinyusb/src/device/usbd.c.obj
                0x100056b4                tud_suspended
 .text.tud_inited
                0x100056c4       0x14 CMakeFiles/lidar_uart_test.dir/C_/Program_Files/Raspberry_Pi/Pico_SDK_v1.5.1/pico-sdk/lib/tinyusb/src/device/usbd.c.obj
                0x100056c4                tud_inited
 .text.tud_init
                0x100056d8       0xcc CMakeFiles/lidar_uart_test.dir/C_/Program_Files/Raspberry_Pi/Pico_SDK_v1.5.1/pico-sdk/lib/tinyusb/src/device/usbd.c.obj
                0x100056d8                tud_init
 .text.usbd_defer_func
                0x100057a4       0x2a CMakeFiles/lidar_uart_test.dir/C_/Program_Files/Raspberry_Pi/Pico_SDK_v1.5.1/pico-sdk/lib/tinyusb/src/device/usbd.c.obj
                0x100057a4                usbd_defer_func
 *fill*         0x100057ce        0x2 
 .text.usbd_edpt_open
                0x100057d0       0x34 CMakeFiles/lidar_uart_test.dir/C_/Program_Files/Raspberry_Pi/Pico_SDK_v1.5.1/pico-sdk/lib/tinyusb/src/device/usbd.c.obj
                0x100057d0                usbd_edpt_open
 .text.usbd_open_edpt_pair
                0x10005804       0x62 CMakeFiles/lidar_uart_test.dir/C_/Program_Files/Raspberry_Pi/Pico_SDK_v1.5.1/pico-sdk/lib/tinyusb/src/device/usbd.c.obj
                0x10005804                usbd_open_edpt_pair
 *fill*         0x10005866        0x2 
 .text.usbd_edpt_claim
                0x10005868       0x28 CMakeFiles/lidar_uart_test.dir/C_/Program_Files/Raspberry_Pi/Pico_SDK_v1.5.1/pico-sdk/lib/tinyusb/src/device/usbd.c.obj
                0x10005868                usbd_edpt_claim
 .text.usbd_edpt_release
                0x10005890       0x28 CMakeFiles/lidar_uart_test.dir/C_/Program_Files/Raspberry_Pi/Pico_SDK_v1.5.1/pico-sdk/lib/tinyusb/src/device/usbd.c.obj
                0x10005890                usbd_edpt_release
 .text.usbd_edpt_xfer
                0x100058b8       0x78 CMakeFiles/lidar_uart_test.dir/C_/Program_Files/Raspberry_Pi/Pico_SDK_v1.5.1/pico-sdk/lib/tinyusb/src/device/usbd.c.obj
                0x100058b8                usbd_edpt_xfer
 .text.usbd_edpt_stall
                0x10005930       0x48 CMakeFiles/lidar_uart_test.dir/C_/Program_Files/Raspberry_Pi/Pico_SDK_v1.5.1/pico-sdk/lib/tinyusb/src/device/usbd.c.obj
                0x10005930                usbd_edpt_stall
 .text.usbd_edpt_clear_stall
                0x10005978       0x48 CMakeFiles/lidar_uart_test.dir/C_/Program_Files/Raspberry_Pi/Pico_SDK_v1.5.1/pico-sdk/lib/tinyusb/src/device/usbd.c.obj
                0x10005978                usbd_edpt_clear_stall
 .text.usbd_edpt_stalled
                0x100059c0       0x1c CMakeFiles/lidar_uart_test.dir/C_/Program_Files/Raspberry_Pi/Pico_SDK_v1.5.1/pico-sdk/lib/tinyusb/src/device/usbd.c.obj
                0x100059c0                usbd_edpt_stalled
 .text.process_control_request
                0x100059dc      0x37c CMakeFiles/lidar_uart_test.dir/C_/Program_Files/Raspberry_Pi/Pico_SDK_v1.5.1/pico-sdk/lib/tinyusb/src/device/usbd.c.obj
 .text.tud_task_ext
                0x10005d58      0x1b8 CMakeFiles/lidar_uart_test.dir/C_/Program_Files/Raspberry_Pi/Pico_SDK_v1.5.1/pico-sdk/lib/tinyusb/src/device/usbd.c.obj
                0x10005d58                tud_task_ext
 .text._data_stage_xact
                0x10005f10       0x58 CMakeFiles/lidar_uart_test.dir/C_/Program_Files/Raspberry_Pi/Pico_SDK_v1.5.1/pico-sdk/lib/tinyusb/src/device/usbd_control.c.obj
 .text.tud_control_status
                0x10005f68       0x38 CMakeFiles/lidar_uart_test.dir/C_/Program_Files/Raspberry_Pi/Pico_SDK_v1.5.1/pico-sdk/lib/tinyusb/src/device/usbd_control.c.obj
                0x10005f68                tud_control_status
 .text.tud_control_xfer
                0x10005fa0       0x74 CMakeFiles/lidar_uart_test.dir/C_/Program_Files/Raspberry_Pi/Pico_SDK_v1.5.1/pico-sdk/lib/tinyusb/src/device/usbd_control.c.obj
                0x10005fa0                tud_control_xfer
 .text.usbd_control_reset
                0x10006014       0x14 CMakeFiles/lidar_uart_test.dir/C_/Program_Files/Raspberry_Pi/Pico_SDK_v1.5.1/pico-sdk/lib/tinyusb/src/device/usbd_control.c.obj
                0x10006014                usbd_control_reset
 .text.usbd_control_set_complete_callback
                0x10006028        0xc CMakeFiles/lidar_uart_test.dir/C_/Program_Files/Raspberry_Pi/Pico_SDK_v1.5.1/pico-sdk/lib/tinyusb/src/device/usbd_control.c.obj
                0x10006028                usbd_control_set_complete_callback
 .text.usbd_control_set_request
                0x10006034       0x1c CMakeFiles/lidar_uart_test.dir/C_/Program_Files/Raspberry_Pi/Pico_SDK_v1.5.1/pico-sdk/lib/tinyusb/src/device/usbd_control.c.obj
                0x10006034                usbd_control_set_request
 .text.usbd_control_xfer_cb
                0x10006050       0xcc CMakeFiles/lidar_uart_test.dir/C_/Program_Files/Raspberry_Pi/Pico_SDK_v1.5.1/pico-sdk/lib/tinyusb/src/device/usbd_control.c.obj
                0x10006050                usbd_control_xfer_cb
 .text._prep_out_transaction
                0x1000611c       0x4a CMakeFiles/lidar_uart_test.dir/C_/Program_Files/Raspberry_Pi/Pico_SDK_v1.5.1/pico-sdk/lib/tinyusb/src/class/cdc/cdc_device.c.obj
 *fill*         0x10006166        0x2 
 .text.tud_cdc_n_connected
                0x10006168       0x44 CMakeFiles/lidar_uart_test.dir/C_/Program_Files/Raspberry_Pi/Pico_SDK_v1.5.1/pico-sdk/lib/tinyusb/src/class/cdc/cdc_device.c.obj
                0x10006168                tud_cdc_n_connected
 .text.tud_cdc_n_available
                0x100061ac       0x18 CMakeFiles/lidar_uart_test.dir/C_/Program_Files/Raspberry_Pi/Pico_SDK_v1.5.1/pico-sdk/lib/tinyusb/src/class/cdc/cdc_device.c.obj
                0x100061ac                tud_cdc_n_available
 .text.tud_cdc_n_read
                0x100061c4       0x28 CMakeFiles/lidar_uart_test.dir/C_/Program_Files/Raspberry_Pi/Pico_SDK_v1.5.1/pico-sdk/lib/tinyusb/src/class/cdc/cdc_device.c.obj
                0x100061c4                tud_cdc_n_read
 .text.tud_cdc_n_write_flush
                0x100061ec       0xb8 CMakeFiles/lidar_uart_test.dir/C_/Program_Files/Raspberry_Pi/Pico_SDK_v1.5.1/pico-sdk/lib/tinyusb/src/class/cdc/cdc_device.c.obj
                0x100061ec                tud_cdc_n_write_flush
 .text.tud_cdc_n_write
                0x100062a4       0x38 CMakeFiles/lidar_uart_test.dir/C_/Program_Files/Raspberry_Pi/Pico_SDK_v1.5.1/pico-sdk/lib/tinyusb/src/class/cdc/cdc_device.c.obj
                0x100062a4                tud_cdc_n_write
 .text.tud_cdc_n_write_available
                0x100062dc       0x1c CMakeFiles/lidar_uart_test.dir/C_/Program_Files/Raspberry_Pi/Pico_SDK_v1.5.1/pico-sdk/lib/tinyusb/src/class/cdc/cdc_device.c.obj
                0x100062dc                tud_cdc_n_write_available
 .text.cdcd_init
                0x100062f8       0xbc CMakeFiles/lidar_uart_test.dir/C_/Program_Files/Raspberry_Pi/Pico_SDK_v1.5.1/pico-sdk/lib/tinyusb/src/class/cdc/cdc_device.c.obj
                0x100062f8                cdcd_init
 .text.cdcd_reset
                0x100063b4       0x44 CMakeFiles/lidar_uart_test.dir/C_/Program_Files/Raspberry_Pi/Pico_SDK_v1.5.1/pico-sdk/lib/tinyusb/src/class/cdc/cdc_device.c.obj
                0x100063b4                cdcd_reset
 .text.cdcd_open
                0x100063f8       0xcc CMakeFiles/lidar_uart_test.dir/C_/Program_Files/Raspberry_Pi/Pico_SDK_v1.5.1/pico-sdk/lib/tinyusb/src/class/cdc/cdc_device.c.obj
                0x100063f8                cdcd_open
 .text.cdcd_control_xfer_cb
                0x100064c4      0x134 CMakeFiles/lidar_uart_test.dir/C_/Program_Files/Raspberry_Pi/Pico_SDK_v1.5.1/pico-sdk/lib/tinyusb/src/class/cdc/cdc_device.c.obj
                0x100064c4                cdcd_control_xfer_cb
 .text.cdcd_xfer_cb
                0x100065f8      0x130 CMakeFiles/lidar_uart_test.dir/C_/Program_Files/Raspberry_Pi/Pico_SDK_v1.5.1/pico-sdk/lib/tinyusb/src/class/cdc/cdc_device.c.obj
                0x100065f8                cdcd_xfer_cb
 .text.tusb_init
                0x10006728        0xa CMakeFiles/lidar_uart_test.dir/C_/Program_Files/Raspberry_Pi/Pico_SDK_v1.5.1/pico-sdk/lib/tinyusb/src/tusb.c.obj
                0x10006728                tusb_init
 .text.tusb_inited
                0x10006732        0xe CMakeFiles/lidar_uart_test.dir/C_/Program_Files/Raspberry_Pi/Pico_SDK_v1.5.1/pico-sdk/lib/tinyusb/src/tusb.c.obj
                0x10006732                tusb_inited
 .text.tu_edpt_claim
                0x10006740       0x50 CMakeFiles/lidar_uart_test.dir/C_/Program_Files/Raspberry_Pi/Pico_SDK_v1.5.1/pico-sdk/lib/tinyusb/src/tusb.c.obj
                0x10006740                tu_edpt_claim
 .text.tu_edpt_release
                0x10006790       0x3c CMakeFiles/lidar_uart_test.dir/C_/Program_Files/Raspberry_Pi/Pico_SDK_v1.5.1/pico-sdk/lib/tinyusb/src/tusb.c.obj
                0x10006790                tu_edpt_release
 .text.tu_edpt_validate
                0x100067cc       0x78 CMakeFiles/lidar_uart_test.dir/C_/Program_Files/Raspberry_Pi/Pico_SDK_v1.5.1/pico-sdk/lib/tinyusb/src/tusb.c.obj
                0x100067cc                tu_edpt_validate
 .text.tu_edpt_bind_driver
                0x10006844       0x26 CMakeFiles/lidar_uart_test.dir/C_/Program_Files/Raspberry_Pi/Pico_SDK_v1.5.1/pico-sdk/lib/tinyusb/src/tusb.c.obj
                0x10006844                tu_edpt_bind_driver
 .text.advance_index
                0x1000686a       0x1a CMakeFiles/lidar_uart_test.dir/C_/Program_Files/Raspberry_Pi/Pico_SDK_v1.5.1/pico-sdk/lib/tinyusb/src/common/tusb_fifo.c.obj
 .text._tu_fifo_peek
                0x10006884       0x56 CMakeFiles/lidar_uart_test.dir/C_/Program_Files/Raspberry_Pi/Pico_SDK_v1.5.1/pico-sdk/lib/tinyusb/src/common/tusb_fifo.c.obj
 .text._ff_pull_const_addr
                0x100068da       0x4c CMakeFiles/lidar_uart_test.dir/C_/Program_Files/Raspberry_Pi/Pico_SDK_v1.5.1/pico-sdk/lib/tinyusb/src/common/tusb_fifo.c.obj
 .text._ff_pull_n
                0x10006926      0x110 CMakeFiles/lidar_uart_test.dir/C_/Program_Files/Raspberry_Pi/Pico_SDK_v1.5.1/pico-sdk/lib/tinyusb/src/common/tusb_fifo.c.obj
 .text._tu_fifo_peek_n
                0x10006a36       0x6a CMakeFiles/lidar_uart_test.dir/C_/Program_Files/Raspberry_Pi/Pico_SDK_v1.5.1/pico-sdk/lib/tinyusb/src/common/tusb_fifo.c.obj
 .text._tu_fifo_read_n
                0x10006aa0       0x4e CMakeFiles/lidar_uart_test.dir/C_/Program_Files/Raspberry_Pi/Pico_SDK_v1.5.1/pico-sdk/lib/tinyusb/src/common/tusb_fifo.c.obj
 .text._ff_push_const_addr
                0x10006aee       0x40 CMakeFiles/lidar_uart_test.dir/C_/Program_Files/Raspberry_Pi/Pico_SDK_v1.5.1/pico-sdk/lib/tinyusb/src/common/tusb_fifo.c.obj
 .text._ff_push_n
                0x10006b2e      0x10c CMakeFiles/lidar_uart_test.dir/C_/Program_Files/Raspberry_Pi/Pico_SDK_v1.5.1/pico-sdk/lib/tinyusb/src/common/tusb_fifo.c.obj
 .text._tu_fifo_write_n
                0x10006c3a       0xf0 CMakeFiles/lidar_uart_test.dir/C_/Program_Files/Raspberry_Pi/Pico_SDK_v1.5.1/pico-sdk/lib/tinyusb/src/common/tusb_fifo.c.obj
 .text.tu_fifo_config
                0x10006d2a       0x7c CMakeFiles/lidar_uart_test.dir/C_/Program_Files/Raspberry_Pi/Pico_SDK_v1.5.1/pico-sdk/lib/tinyusb/src/common/tusb_fifo.c.obj
                0x10006d2a                tu_fifo_config
 .text.tu_fifo_count
                0x10006da6       0x2a CMakeFiles/lidar_uart_test.dir/C_/Program_Files/Raspberry_Pi/Pico_SDK_v1.5.1/pico-sdk/lib/tinyusb/src/common/tusb_fifo.c.obj
                0x10006da6                tu_fifo_count
 .text.tu_fifo_empty
                0x10006dd0       0x10 CMakeFiles/lidar_uart_test.dir/C_/Program_Files/Raspberry_Pi/Pico_SDK_v1.5.1/pico-sdk/lib/tinyusb/src/common/tusb_fifo.c.obj
                0x10006dd0                tu_fifo_empty
 .text.tu_fifo_full
                0x10006de0       0x28 CMakeFiles/lidar_uart_test.dir/C_/Program_Files/Raspberry_Pi/Pico_SDK_v1.5.1/pico-sdk/lib/tinyusb/src/common/tusb_fifo.c.obj
                0x10006de0                tu_fifo_full
 .text.tu_fifo_remaining
                0x10006e08       0x2c CMakeFiles/lidar_uart_test.dir/C_/Program_Files/Raspberry_Pi/Pico_SDK_v1.5.1/pico-sdk/lib/tinyusb/src/common/tusb_fifo.c.obj
                0x10006e08                tu_fifo_remaining
 .text.tu_fifo_read
                0x10006e34       0x42 CMakeFiles/lidar_uart_test.dir/C_/Program_Files/Raspberry_Pi/Pico_SDK_v1.5.1/pico-sdk/lib/tinyusb/src/common/tusb_fifo.c.obj
                0x10006e34                tu_fifo_read
 .text.tu_fifo_read_n
                0x10006e76        0xa CMakeFiles/lidar_uart_test.dir/C_/Program_Files/Raspberry_Pi/Pico_SDK_v1.5.1/pico-sdk/lib/tinyusb/src/common/tusb_fifo.c.obj
                0x10006e76                tu_fifo_read_n
 .text.tu_fifo_write
                0x10006e80       0x64 CMakeFiles/lidar_uart_test.dir/C_/Program_Files/Raspberry_Pi/Pico_SDK_v1.5.1/pico-sdk/lib/tinyusb/src/common/tusb_fifo.c.obj
                0x10006e80                tu_fifo_write
 .text.tu_fifo_write_n
                0x10006ee4        0xa CMakeFiles/lidar_uart_test.dir/C_/Program_Files/Raspberry_Pi/Pico_SDK_v1.5.1/pico-sdk/lib/tinyusb/src/common/tusb_fifo.c.obj
                0x10006ee4                tu_fifo_write_n
 .text.tu_fifo_clear
                0x10006eee       0x3e CMakeFiles/lidar_uart_test.dir/C_/Program_Files/Raspberry_Pi/Pico_SDK_v1.5.1/pico-sdk/lib/tinyusb/src/common/tusb_fifo.c.obj
                0x10006eee                tu_fifo_clear
 .text.tu_fifo_set_overwritable
                0x10006f2c       0x46 CMakeFiles/lidar_uart_test.dir/C_/Program_Files/Raspberry_Pi/Pico_SDK_v1.5.1/pico-sdk/lib/tinyusb/src/common/tusb_fifo.c.obj
                0x10006f2c                tu_fifo_set_overwritable
 *fill*         0x10006f72        0x2 
 .text.strlen   0x10006f74       0x5c c:/progra~1/raspbe~1/picosd~1.1/gcc-ar~1/bin/../lib/gcc/arm-none-eabi/10.3.1/../../../../arm-none-eabi/lib/thumb/v6-m/nofp\libg.a(lib_a-strlen-stub.o)
                0x10006f74                strlen
 *(.fini)
 .fini          0x10006fd0        0x4 c:/progra~1/raspbe~1/picosd~1.1/gcc-ar~1/bin/../lib/gcc/arm-none-eabi/10.3.1/thumb/v6-m/nofp/crti.o
                0x10006fd0                _fini
 *fill*         0x10006fd4        0x4 
 .fini.__stub   0x10006fd8       0xe0 linker stubs
 *crtbegin.o(.ctors)
 *crtbegin?.o(.ctors)
 *(EXCLUDE_FILE(*crtend.o *crtend?.o) .ctors)
 *(SORT_BY_NAME(.ctors.*))
 *(.ctors)
 *crtbegin.o(.dtors)
 *crtbegin?.o(.dtors)
 *(EXCLUDE_FILE(*crtend.o *crtend?.o) .dtors)
 *(SORT_BY_NAME(.dtors.*))
 *(.dtors)
 *(.eh_frame*)
 .eh_frame      0x100070b8        0x0 c:/progra~1/raspbe~1/picosd~1.1/gcc-ar~1/bin/../lib/gcc/arm-none-eabi/10.3.1/thumb/v6-m/nofp/crtbegin.o
                0x100070b8                . = ALIGN (0x4)

.glue_7         0x100070b8        0x0
 .glue_7        0x100070b8        0x0 linker stubs

.glue_7t        0x100070b8        0x0
 .glue_7t       0x100070b8        0x0 linker stubs

.vfp11_veneer   0x100070b8        0x0
 .vfp11_veneer  0x100070b8        0x0 linker stubs

.v4_bx          0x100070b8        0x0
 .v4_bx         0x100070b8        0x0 linker stubs

.iplt           0x100070b8        0x0
 .iplt          0x100070b8        0x0 c:/progra~1/raspbe~1/picosd~1.1/gcc-ar~1/bin/../lib/gcc/arm-none-eabi/10.3.1/thumb/v6-m/nofp/crtbegin.o

.rodata         0x100070b8     0x17bc
 *(EXCLUDE_FILE(*libm.a: *libc.a:*lib_a-mem*.o *libgcc.a:) .rodata*)
 .rodata.main.str1.4
                0x100070b8       0x6e CMakeFiles/lidar_uart_test.dir/src/lidar_uart_test.c.obj
 *fill*         0x10007126        0x2 
 .rodata.spin_lock_claim_unused.str1.4
                0x10007128       0x1b CMakeFiles/lidar_uart_test.dir/C_/Program_Files/Raspberry_Pi/Pico_SDK_v1.5.1/pico-sdk/src/rp2_common/hardware_sync/sync.c.obj
 *fill*         0x10007143        0x1 
 .rodata.make_branch.str1.4
                0x10007144       0x89 CMakeFiles/lidar_uart_test.dir/C_/Program_Files/Raspberry_Pi/Pico_SDK_v1.5.1/pico-sdk/src/rp2_common/hardware_irq/irq.c.obj
 *fill*         0x100071cd        0x3 
 .rodata.insert_branch_and_link.str1.4
                0x100071d0       0x10 CMakeFiles/lidar_uart_test.dir/C_/Program_Files/Raspberry_Pi/Pico_SDK_v1.5.1/pico-sdk/src/rp2_common/hardware_irq/irq.c.obj
 .rodata.irq_set_exclusive_handler.str1.4
                0x100071e0       0x36 CMakeFiles/lidar_uart_test.dir/C_/Program_Files/Raspberry_Pi/Pico_SDK_v1.5.1/pico-sdk/src/rp2_common/hardware_irq/irq.c.obj
 *fill*         0x10007216        0x2 
 .rodata.irq_add_shared_handler.str1.4
                0x10007218       0xd9 CMakeFiles/lidar_uart_test.dir/C_/Program_Files/Raspberry_Pi/Pico_SDK_v1.5.1/pico-sdk/src/rp2_common/hardware_irq/irq.c.obj
 *fill*         0x100072f1        0x3 
 .rodata.irq_remove_handler.str1.4
                0x100072f4       0x3a CMakeFiles/lidar_uart_test.dir/C_/Program_Files/Raspberry_Pi/Pico_SDK_v1.5.1/pico-sdk/src/rp2_common/hardware_irq/irq.c.obj
 *fill*         0x1000732e        0x2 
 .rodata.irq_add_tail_to_free_list.str1.4
                0x10007330       0x3a CMakeFiles/lidar_uart_test.dir/C_/Program_Files/Raspberry_Pi/Pico_SDK_v1.5.1/pico-sdk/src/rp2_common/hardware_irq/irq.c.obj
 *fill*         0x1000736a        0x2 
 .rodata.user_irq_claim_unused.str1.4
                0x1000736c       0x1b CMakeFiles/lidar_uart_test.dir/C_/Program_Files/Raspberry_Pi/Pico_SDK_v1.5.1/pico-sdk/src/rp2_common/hardware_irq/irq.c.obj
 *fill*         0x10007387        0x1 
 .rodata.__func__.0
                0x10007388       0x1a CMakeFiles/lidar_uart_test.dir/C_/Program_Files/Raspberry_Pi/Pico_SDK_v1.5.1/pico-sdk/src/rp2_common/hardware_irq/irq.c.obj
 *fill*         0x100073a2        0x2 
 .rodata.__func__.1
                0x100073a4       0x17 CMakeFiles/lidar_uart_test.dir/C_/Program_Files/Raspberry_Pi/Pico_SDK_v1.5.1/pico-sdk/src/rp2_common/hardware_irq/irq.c.obj
 *fill*         0x100073bb        0x1 
 .rodata.__func__.2
                0x100073bc       0x13 CMakeFiles/lidar_uart_test.dir/C_/Program_Files/Raspberry_Pi/Pico_SDK_v1.5.1/pico-sdk/src/rp2_common/hardware_irq/irq.c.obj
 *fill*         0x100073cf        0x1 
 .rodata.__func__.3
                0x100073d0        0xc CMakeFiles/lidar_uart_test.dir/C_/Program_Files/Raspberry_Pi/Pico_SDK_v1.5.1/pico-sdk/src/rp2_common/hardware_irq/irq.c.obj
 .rodata.__func__.4
                0x100073dc        0xf CMakeFiles/lidar_uart_test.dir/C_/Program_Files/Raspberry_Pi/Pico_SDK_v1.5.1/pico-sdk/src/rp2_common/hardware_irq/irq.c.obj
 *fill*         0x100073eb        0x1 
 .rodata.__func__.5
                0x100073ec       0x17 CMakeFiles/lidar_uart_test.dir/C_/Program_Files/Raspberry_Pi/Pico_SDK_v1.5.1/pico-sdk/src/rp2_common/hardware_irq/irq.c.obj
 *fill*         0x10007403        0x1 
 .rodata.__func__.6
                0x10007404       0x1a CMakeFiles/lidar_uart_test.dir/C_/Program_Files/Raspberry_Pi/Pico_SDK_v1.5.1/pico-sdk/src/rp2_common/hardware_irq/irq.c.obj
 *fill*         0x1000741e        0x2 
 .rodata.str1.4
                0x10007420      0x125 CMakeFiles/lidar_uart_test.dir/C_/Program_Files/Raspberry_Pi/Pico_SDK_v1.5.1/pico-sdk/src/common/pico_sync/mutex.c.obj
 *fill*         0x10007545        0x3 
 .rodata.__func__.1
                0x10007548        0xb CMakeFiles/lidar_uart_test.dir/C_/Program_Files/Raspberry_Pi/Pico_SDK_v1.5.1/pico-sdk/src/common/pico_sync/mutex.c.obj
 *fill*         0x10007553        0x1 
 .rodata.__func__.3
                0x10007554       0x18 CMakeFiles/lidar_uart_test.dir/C_/Program_Files/Raspberry_Pi/Pico_SDK_v1.5.1/pico-sdk/src/common/pico_sync/mutex.c.obj
 .rodata.__func__.4
                0x1000756c       0x15 CMakeFiles/lidar_uart_test.dir/C_/Program_Files/Raspberry_Pi/Pico_SDK_v1.5.1/pico-sdk/src/common/pico_sync/mutex.c.obj
 *fill*         0x10007581        0x3 
 .rodata.repeating_timer_callback.str1.4
                0x10007584       0x67 CMakeFiles/lidar_uart_test.dir/C_/Program_Files/Raspberry_Pi/Pico_SDK_v1.5.1/pico-sdk/src/common/pico_time/time.c.obj
 *fill*         0x100075eb        0x1 
 .rodata.timer_pool_entry_comparator.str1.4
                0x100075ec       0x22 CMakeFiles/lidar_uart_test.dir/C_/Program_Files/Raspberry_Pi/Pico_SDK_v1.5.1/pico-sdk/src/common/pico_time/time.c.obj
 *fill*         0x1000760e        0x2 
 .rodata.ph_add_child_node.str1.4
                0x10007610       0xb2 CMakeFiles/lidar_uart_test.dir/C_/Program_Files/Raspberry_Pi/Pico_SDK_v1.5.1/pico-sdk/src/common/pico_time/time.c.obj
 *fill*         0x100076c2        0x2 
 .rodata.add_alarm_under_lock.str1.4
                0x100076c4       0x28 CMakeFiles/lidar_uart_test.dir/C_/Program_Files/Raspberry_Pi/Pico_SDK_v1.5.1/pico-sdk/src/common/pico_time/time.c.obj
                                 0x2b (size before relaxing)
 .rodata.alarm_pool_alarm_callback.str1.4
                0x100076ec       0x98 CMakeFiles/lidar_uart_test.dir/C_/Program_Files/Raspberry_Pi/Pico_SDK_v1.5.1/pico-sdk/src/common/pico_time/time.c.obj
                                0x118 (size before relaxing)
 .rodata.alarm_pool_get_default.str1.4
                0x10007784       0x21 CMakeFiles/lidar_uart_test.dir/C_/Program_Files/Raspberry_Pi/Pico_SDK_v1.5.1/pico-sdk/src/common/pico_time/time.c.obj
 *fill*         0x100077a5        0x3 
 .rodata.alarm_pool_cancel_alarm.str1.4
                0x100077a8       0x27 CMakeFiles/lidar_uart_test.dir/C_/Program_Files/Raspberry_Pi/Pico_SDK_v1.5.1/pico-sdk/src/common/pico_time/time.c.obj
 *fill*         0x100077cf        0x1 
 .rodata.sleep_until.str1.4
                0x100077d0       0x4d CMakeFiles/lidar_uart_test.dir/C_/Program_Files/Raspberry_Pi/Pico_SDK_v1.5.1/pico-sdk/src/common/pico_time/time.c.obj
 *fill*         0x1000781d        0x3 
 .rodata.__func__.1
                0x10007820       0x18 CMakeFiles/lidar_uart_test.dir/C_/Program_Files/Raspberry_Pi/Pico_SDK_v1.5.1/pico-sdk/src/common/pico_time/time.c.obj
 .rodata.__func__.10
                0x10007838       0x15 CMakeFiles/lidar_uart_test.dir/C_/Program_Files/Raspberry_Pi/Pico_SDK_v1.5.1/pico-sdk/src/common/pico_time/time.c.obj
 *fill*         0x1000784d        0x3 
 .rodata.__func__.11
                0x10007850       0x1a CMakeFiles/lidar_uart_test.dir/C_/Program_Files/Raspberry_Pi/Pico_SDK_v1.5.1/pico-sdk/src/common/pico_time/time.c.obj
 *fill*         0x1000786a        0x2 
 .rodata.__func__.12
                0x1000786c        0xa CMakeFiles/lidar_uart_test.dir/C_/Program_Files/Raspberry_Pi/Pico_SDK_v1.5.1/pico-sdk/src/common/pico_time/time.c.obj
 *fill*         0x10007876        0x2 
 .rodata.__func__.3
                0x10007878       0x17 CMakeFiles/lidar_uart_test.dir/C_/Program_Files/Raspberry_Pi/Pico_SDK_v1.5.1/pico-sdk/src/common/pico_time/time.c.obj
 *fill*         0x1000788f        0x1 
 .rodata.__func__.4
                0x10007890       0x12 CMakeFiles/lidar_uart_test.dir/C_/Program_Files/Raspberry_Pi/Pico_SDK_v1.5.1/pico-sdk/src/common/pico_time/time.c.obj
 *fill*         0x100078a2        0x2 
 .rodata.__func__.5
                0x100078a4        0xd CMakeFiles/lidar_uart_test.dir/C_/Program_Files/Raspberry_Pi/Pico_SDK_v1.5.1/pico-sdk/src/common/pico_time/time.c.obj
 *fill*         0x100078b1        0x3 
 .rodata.__func__.6
                0x100078b4       0x12 CMakeFiles/lidar_uart_test.dir/C_/Program_Files/Raspberry_Pi/Pico_SDK_v1.5.1/pico-sdk/src/common/pico_time/time.c.obj
 *fill*         0x100078c6        0x2 
 .rodata.__func__.7
                0x100078c8        0xf CMakeFiles/lidar_uart_test.dir/C_/Program_Files/Raspberry_Pi/Pico_SDK_v1.5.1/pico-sdk/src/common/pico_time/time.c.obj
 *fill*         0x100078d7        0x1 
 .rodata.__func__.8
                0x100078d8        0xc CMakeFiles/lidar_uart_test.dir/C_/Program_Files/Raspberry_Pi/Pico_SDK_v1.5.1/pico-sdk/src/common/pico_time/time.c.obj
 .rodata.__func__.9
                0x100078e4       0x15 CMakeFiles/lidar_uart_test.dir/C_/Program_Files/Raspberry_Pi/Pico_SDK_v1.5.1/pico-sdk/src/common/pico_time/time.c.obj
 *fill*         0x100078f9        0x3 
 .rodata.hardware_alarm_claim.str1.4
                0x100078fc       0x22 CMakeFiles/lidar_uart_test.dir/C_/Program_Files/Raspberry_Pi/Pico_SDK_v1.5.1/pico-sdk/src/rp2_common/hardware_timer/timer.c.obj
 .rodata.busy_wait_us.str1.4
                0x1000791e       0x7d CMakeFiles/lidar_uart_test.dir/C_/Program_Files/Raspberry_Pi/Pico_SDK_v1.5.1/pico-sdk/src/rp2_common/hardware_timer/timer.c.obj
 *fill*         0x1000791e        0x2 
 .rodata.hardware_alarm_set_target.str1.4
                0x10007920       0x81 CMakeFiles/lidar_uart_test.dir/C_/Program_Files/Raspberry_Pi/Pico_SDK_v1.5.1/pico-sdk/src/rp2_common/hardware_timer/timer.c.obj
 *fill*         0x100079a1        0x3 
 .rodata.__func__.0
                0x100079a4       0x1a CMakeFiles/lidar_uart_test.dir/C_/Program_Files/Raspberry_Pi/Pico_SDK_v1.5.1/pico-sdk/src/rp2_common/hardware_timer/timer.c.obj
 *fill*         0x100079be        0x2 
 .rodata.__func__.1
                0x100079c0       0x15 CMakeFiles/lidar_uart_test.dir/C_/Program_Files/Raspberry_Pi/Pico_SDK_v1.5.1/pico-sdk/src/rp2_common/hardware_timer/timer.c.obj
 .rodata.ph_add_child_node.str1.4
                0x100079d5       0xb2 CMakeFiles/lidar_uart_test.dir/C_/Program_Files/Raspberry_Pi/Pico_SDK_v1.5.1/pico-sdk/src/common/pico_util/pheap.c.obj
 *fill*         0x100079d5        0x3 
 .rodata.ph_remove_any_head.str1.4
                0x100079d8       0xa8 CMakeFiles/lidar_uart_test.dir/C_/Program_Files/Raspberry_Pi/Pico_SDK_v1.5.1/pico-sdk/src/common/pico_util/pheap.c.obj
                                 0xbc (size before relaxing)
 .rodata.ph_remove_and_free_node.str1.4
                0x10007a80       0x1e CMakeFiles/lidar_uart_test.dir/C_/Program_Files/Raspberry_Pi/Pico_SDK_v1.5.1/pico-sdk/src/common/pico_util/pheap.c.obj
                                 0x26 (size before relaxing)
 *fill*         0x10007a9e        0x2 
 .rodata.__func__.0
                0x10007aa0       0x18 CMakeFiles/lidar_uart_test.dir/C_/Program_Files/Raspberry_Pi/Pico_SDK_v1.5.1/pico-sdk/src/common/pico_util/pheap.c.obj
 .rodata.__func__.1
                0x10007ab8       0x13 CMakeFiles/lidar_uart_test.dir/C_/Program_Files/Raspberry_Pi/Pico_SDK_v1.5.1/pico-sdk/src/common/pico_util/pheap.c.obj
 *fill*         0x10007acb        0x1 
 .rodata.__func__.2
                0x10007acc       0x12 CMakeFiles/lidar_uart_test.dir/C_/Program_Files/Raspberry_Pi/Pico_SDK_v1.5.1/pico-sdk/src/common/pico_util/pheap.c.obj
 *fill*         0x10007ade        0x2 
 .rodata.__func__.3
                0x10007ae0        0xc CMakeFiles/lidar_uart_test.dir/C_/Program_Files/Raspberry_Pi/Pico_SDK_v1.5.1/pico-sdk/src/common/pico_util/pheap.c.obj
 .rodata.clock_configure.str1.4
                0x10007aec       0x73 CMakeFiles/lidar_uart_test.dir/C_/Program_Files/Raspberry_Pi/Pico_SDK_v1.5.1/pico-sdk/src/rp2_common/hardware_clocks/clocks.c.obj
 *fill*         0x10007b5f        0x1 
 .rodata.__func__.1
                0x10007b60       0x10 CMakeFiles/lidar_uart_test.dir/C_/Program_Files/Raspberry_Pi/Pico_SDK_v1.5.1/pico-sdk/src/rp2_common/hardware_clocks/clocks.c.obj
 .rodata.pll_init.str1.4
                0x10007b70      0x140 CMakeFiles/lidar_uart_test.dir/C_/Program_Files/Raspberry_Pi/Pico_SDK_v1.5.1/pico-sdk/src/rp2_common/hardware_pll/pll.c.obj
 .rodata.__func__.0
                0x10007cb0        0x9 CMakeFiles/lidar_uart_test.dir/C_/Program_Files/Raspberry_Pi/Pico_SDK_v1.5.1/pico-sdk/src/rp2_common/hardware_pll/pll.c.obj
 *fill*         0x10007cb9        0x3 
 .rodata.__assert_func.str1.4
                0x10007cbc       0x3f CMakeFiles/lidar_uart_test.dir/C_/Program_Files/Raspberry_Pi/Pico_SDK_v1.5.1/pico-sdk/src/rp2_common/pico_runtime/runtime.c.obj
                                 0x43 (size before relaxing)
 *fill*         0x10007cfb        0x1 
 .rodata.runtime_init.str1.4
                0x10007cfc       0x7d CMakeFiles/lidar_uart_test.dir/C_/Program_Files/Raspberry_Pi/Pico_SDK_v1.5.1/pico-sdk/src/rp2_common/pico_runtime/runtime.c.obj
 *fill*         0x10007d79        0x3 
 .rodata.panic.str1.4
                0x10007d7c       0x10 CMakeFiles/lidar_uart_test.dir/C_/Program_Files/Raspberry_Pi/Pico_SDK_v1.5.1/pico-sdk/src/rp2_common/pico_runtime/runtime.c.obj
                                 0x12 (size before relaxing)
 .rodata.__func__.2
                0x10007d8c        0xd CMakeFiles/lidar_uart_test.dir/C_/Program_Files/Raspberry_Pi/Pico_SDK_v1.5.1/pico-sdk/src/rp2_common/pico_runtime/runtime.c.obj
 *fill*         0x10007d99        0x3 
 .rodata._ftoa.str1.4
                0x10007d9c       0x15 CMakeFiles/lidar_uart_test.dir/C_/Program_Files/Raspberry_Pi/Pico_SDK_v1.5.1/pico-sdk/src/rp2_common/pico_printf/printf.c.obj
 *fill*         0x10007db1        0x3 
 .rodata._vsnprintf
                0x10007db4      0x1e0 CMakeFiles/lidar_uart_test.dir/C_/Program_Files/Raspberry_Pi/Pico_SDK_v1.5.1/pico-sdk/src/rp2_common/pico_printf/printf.c.obj
 *fill*         0x10007f94        0x4 
 .rodata.pow10.0
                0x10007f98       0x50 CMakeFiles/lidar_uart_test.dir/C_/Program_Files/Raspberry_Pi/Pico_SDK_v1.5.1/pico-sdk/src/rp2_common/pico_printf/printf.c.obj
 .rodata.__aeabi_double_init.str1.4
                0x10007fe8       0xb8 CMakeFiles/lidar_uart_test.dir/C_/Program_Files/Raspberry_Pi/Pico_SDK_v1.5.1/pico-sdk/src/rp2_common/pico_double/double_init_rom.c.obj
 .rodata.__func__.0
                0x100080a0       0x14 CMakeFiles/lidar_uart_test.dir/C_/Program_Files/Raspberry_Pi/Pico_SDK_v1.5.1/pico-sdk/src/rp2_common/pico_double/double_init_rom.c.obj
 .rodata.__aeabi_float_init.str1.4
                0x100080b4       0x96 CMakeFiles/lidar_uart_test.dir/C_/Program_Files/Raspberry_Pi/Pico_SDK_v1.5.1/pico-sdk/src/rp2_common/pico_float/float_init_rom.c.obj
                                 0x9a (size before relaxing)
 *fill*         0x1000814a        0x2 
 .rodata.__func__.0
                0x1000814c       0x13 CMakeFiles/lidar_uart_test.dir/C_/Program_Files/Raspberry_Pi/Pico_SDK_v1.5.1/pico-sdk/src/rp2_common/pico_float/float_init_rom.c.obj
 *fill*         0x1000815f        0x1 
 .rodata.str1.4
                0x10008160       0x44 CMakeFiles/lidar_uart_test.dir/C_/Program_Files/Raspberry_Pi/Pico_SDK_v1.5.1/pico-sdk/src/rp2_common/pico_standard_link/binary_info.c.obj
 .rodata.__bi_44
                0x100081a4        0xc CMakeFiles/lidar_uart_test.dir/C_/Program_Files/Raspberry_Pi/Pico_SDK_v1.5.1/pico-sdk/src/rp2_common/pico_standard_link/binary_info.c.obj
 .rodata.__bi_75
                0x100081b0        0xc CMakeFiles/lidar_uart_test.dir/C_/Program_Files/Raspberry_Pi/Pico_SDK_v1.5.1/pico-sdk/src/rp2_common/pico_standard_link/binary_info.c.obj
 .rodata.__bi_81
                0x100081bc        0xc CMakeFiles/lidar_uart_test.dir/C_/Program_Files/Raspberry_Pi/Pico_SDK_v1.5.1/pico-sdk/src/rp2_common/pico_standard_link/binary_info.c.obj
 .rodata.stdout_serialize_begin.str1.4
                0x100081c8       0x7d CMakeFiles/lidar_uart_test.dir/C_/Program_Files/Raspberry_Pi/Pico_SDK_v1.5.1/pico-sdk/src/rp2_common/pico_stdio/stdio.c.obj
 .rodata.__func__.3
                0x100081c8       0x15 CMakeFiles/lidar_uart_test.dir/C_/Program_Files/Raspberry_Pi/Pico_SDK_v1.5.1/pico-sdk/src/rp2_common/pico_stdio/stdio.c.obj
 *fill*         0x100081dd        0x3 
 .rodata.crlf_str.2
                0x100081e0        0x2 CMakeFiles/lidar_uart_test.dir/C_/Program_Files/Raspberry_Pi/Pico_SDK_v1.5.1/pico-sdk/src/rp2_common/pico_stdio/stdio.c.obj
 *fill*         0x100081e2        0x2 
 .rodata._resetd_driver
                0x100081e4       0x18 CMakeFiles/lidar_uart_test.dir/C_/Program_Files/Raspberry_Pi/Pico_SDK_v1.5.1/pico-sdk/src/rp2_common/pico_stdio_usb/reset_interface.c.obj
 .rodata.low_priority_worker_irq.str1.4
                0x100081fc       0x7d CMakeFiles/lidar_uart_test.dir/C_/Program_Files/Raspberry_Pi/Pico_SDK_v1.5.1/pico-sdk/src/rp2_common/pico_stdio_usb/stdio_usb.c.obj
 .rodata.stdio_usb_init.str1.4
                0x100081fc       0x61 CMakeFiles/lidar_uart_test.dir/C_/Program_Files/Raspberry_Pi/Pico_SDK_v1.5.1/pico-sdk/src/rp2_common/pico_stdio_usb/stdio_usb.c.obj
                                 0x69 (size before relaxing)
 *fill*         0x1000825d        0x3 
 .rodata.str1.4
                0x10008260       0x13 CMakeFiles/lidar_uart_test.dir/C_/Program_Files/Raspberry_Pi/Pico_SDK_v1.5.1/pico-sdk/src/rp2_common/pico_stdio_usb/stdio_usb.c.obj
 *fill*         0x10008273        0x1 
 .rodata.__bi_182.0
                0x10008274        0xc CMakeFiles/lidar_uart_test.dir/C_/Program_Files/Raspberry_Pi/Pico_SDK_v1.5.1/pico-sdk/src/rp2_common/pico_stdio_usb/stdio_usb.c.obj
 .rodata.__func__.1
                0x10008280        0xf CMakeFiles/lidar_uart_test.dir/C_/Program_Files/Raspberry_Pi/Pico_SDK_v1.5.1/pico-sdk/src/rp2_common/pico_stdio_usb/stdio_usb.c.obj
 *fill*         0x1000828f        0x1 
 .rodata.__func__.3
                0x10008290       0x15 CMakeFiles/lidar_uart_test.dir/C_/Program_Files/Raspberry_Pi/Pico_SDK_v1.5.1/pico-sdk/src/rp2_common/pico_stdio_usb/stdio_usb.c.obj
 *fill*         0x100082a5        0x3 
 .rodata.str1.4
                0x100082a8       0x2a CMakeFiles/lidar_uart_test.dir/C_/Program_Files/Raspberry_Pi/Pico_SDK_v1.5.1/pico-sdk/src/rp2_common/pico_stdio_usb/stdio_usb_descriptors.c.obj
 *fill*         0x100082d2        0x2 
 .rodata.usbd_desc_cfg
                0x100082d4       0x54 CMakeFiles/lidar_uart_test.dir/C_/Program_Files/Raspberry_Pi/Pico_SDK_v1.5.1/pico-sdk/src/rp2_common/pico_stdio_usb/stdio_usb_descriptors.c.obj
 .rodata.usbd_desc_device
                0x10008328       0x12 CMakeFiles/lidar_uart_test.dir/C_/Program_Files/Raspberry_Pi/Pico_SDK_v1.5.1/pico-sdk/src/rp2_common/pico_stdio_usb/stdio_usb_descriptors.c.obj
 *fill*         0x1000833a        0x2 
 .rodata.usbd_desc_str
                0x1000833c       0x18 CMakeFiles/lidar_uart_test.dir/C_/Program_Files/Raspberry_Pi/Pico_SDK_v1.5.1/pico-sdk/src/rp2_common/pico_stdio_usb/stdio_usb_descriptors.c.obj
 .rodata.pico_get_unique_board_id_string.str1.4
                0x10008354       0x69 CMakeFiles/lidar_uart_test.dir/C_/Program_Files/Raspberry_Pi/Pico_SDK_v1.5.1/pico-sdk/src/rp2_common/pico_unique_id/unique_id.c.obj
 *fill*         0x100083bd        0x3 
 .rodata.__func__.0
                0x100083c0       0x20 CMakeFiles/lidar_uart_test.dir/C_/Program_Files/Raspberry_Pi/Pico_SDK_v1.5.1/pico-sdk/src/rp2_common/pico_unique_id/unique_id.c.obj
 .rodata.str1.4
                0x100083e0      0x176 CMakeFiles/lidar_uart_test.dir/C_/Program_Files/Raspberry_Pi/Pico_SDK_v1.5.1/pico-sdk/src/rp2_common/hardware_flash/flash.c.obj
 *fill*         0x10008556        0x2 
 .rodata.__func__.0
                0x10008558        0xd CMakeFiles/lidar_uart_test.dir/C_/Program_Files/Raspberry_Pi/Pico_SDK_v1.5.1/pico-sdk/src/rp2_common/hardware_flash/flash.c.obj
 *fill*         0x10008565        0x3 
 .rodata._hw_endpoint_alloc.str1.4
                0x10008568       0xd1 CMakeFiles/lidar_uart_test.dir/C_/Program_Files/Raspberry_Pi/Pico_SDK_v1.5.1/pico-sdk/lib/tinyusb/src/portable/raspberrypi/rp2040/dcd_rp2040.c.obj
 *fill*         0x10008639        0x3 
 .rodata.str1.4
                0x1000863c       0x14 CMakeFiles/lidar_uart_test.dir/C_/Program_Files/Raspberry_Pi/Pico_SDK_v1.5.1/pico-sdk/lib/tinyusb/src/portable/raspberrypi/rp2040/dcd_rp2040.c.obj
 .rodata.dcd_int_enable.str1.4
                0x10008650        0xc CMakeFiles/lidar_uart_test.dir/C_/Program_Files/Raspberry_Pi/Pico_SDK_v1.5.1/pico-sdk/lib/tinyusb/src/portable/raspberrypi/rp2040/dcd_rp2040.c.obj
 .rodata.__func__.0
                0x1000865c        0xe CMakeFiles/lidar_uart_test.dir/C_/Program_Files/Raspberry_Pi/Pico_SDK_v1.5.1/pico-sdk/lib/tinyusb/src/portable/raspberrypi/rp2040/dcd_rp2040.c.obj
 *fill*         0x1000866a        0x2 
 .rodata.__func__.1
                0x1000866c        0xe CMakeFiles/lidar_uart_test.dir/C_/Program_Files/Raspberry_Pi/Pico_SDK_v1.5.1/pico-sdk/lib/tinyusb/src/portable/raspberrypi/rp2040/dcd_rp2040.c.obj
 *fill*         0x1000867a        0x2 
 .rodata.__func__.3
                0x1000867c       0x10 CMakeFiles/lidar_uart_test.dir/C_/Program_Files/Raspberry_Pi/Pico_SDK_v1.5.1/pico-sdk/lib/tinyusb/src/portable/raspberrypi/rp2040/dcd_rp2040.c.obj
 .rodata.__func__.5
                0x1000868c        0xf CMakeFiles/lidar_uart_test.dir/C_/Program_Files/Raspberry_Pi/Pico_SDK_v1.5.1/pico-sdk/lib/tinyusb/src/portable/raspberrypi/rp2040/dcd_rp2040.c.obj
 *fill*         0x1000869b        0x1 
 .rodata.__func__.6
                0x1000869c       0x13 CMakeFiles/lidar_uart_test.dir/C_/Program_Files/Raspberry_Pi/Pico_SDK_v1.5.1/pico-sdk/lib/tinyusb/src/portable/raspberrypi/rp2040/dcd_rp2040.c.obj
 *fill*         0x100086af        0x1 
 .rodata.__func__.7
                0x100086b0        0x9 CMakeFiles/lidar_uart_test.dir/C_/Program_Files/Raspberry_Pi/Pico_SDK_v1.5.1/pico-sdk/lib/tinyusb/src/portable/raspberrypi/rp2040/dcd_rp2040.c.obj
 *fill*         0x100086b9        0x3 
 .rodata.str1.4
                0x100086bc      0x103 CMakeFiles/lidar_uart_test.dir/C_/Program_Files/Raspberry_Pi/Pico_SDK_v1.5.1/pico-sdk/lib/tinyusb/src/portable/raspberrypi/rp2040/rp2040_usb.c.obj
 *fill*         0x100087bf        0x1 
 .rodata.__func__.0
                0x100087c0        0xf CMakeFiles/lidar_uart_test.dir/C_/Program_Files/Raspberry_Pi/Pico_SDK_v1.5.1/pico-sdk/lib/tinyusb/src/portable/raspberrypi/rp2040/rp2040_usb.c.obj
 *fill*         0x100087cf        0x1 
 .rodata.process_get_descriptor
                0x100087d0       0x40 CMakeFiles/lidar_uart_test.dir/C_/Program_Files/Raspberry_Pi/Pico_SDK_v1.5.1/pico-sdk/lib/tinyusb/src/device/usbd.c.obj
 .rodata.process_control_request
                0x10008810       0x28 CMakeFiles/lidar_uart_test.dir/C_/Program_Files/Raspberry_Pi/Pico_SDK_v1.5.1/pico-sdk/lib/tinyusb/src/device/usbd.c.obj
 .rodata.tud_task_ext
                0x10008838       0x24 CMakeFiles/lidar_uart_test.dir/C_/Program_Files/Raspberry_Pi/Pico_SDK_v1.5.1/pico-sdk/lib/tinyusb/src/device/usbd.c.obj
 .rodata._usbd_driver
                0x1000885c       0x18 CMakeFiles/lidar_uart_test.dir/C_/Program_Files/Raspberry_Pi/Pico_SDK_v1.5.1/pico-sdk/lib/tinyusb/src/device/usbd.c.obj
                0x10008874                . = ALIGN (0x4)
 *(SORT_BY_ALIGNMENT(SORT_BY_NAME(.flashdata*)))
                0x10008874                . = ALIGN (0x4)

.ARM.extab
 *(.ARM.extab* .gnu.linkonce.armextab.*)
                0x10008874                __exidx_start = .

.ARM.exidx
 *(.ARM.exidx* .gnu.linkonce.armexidx.*)
                0x10008874                __exidx_end = .
                0x10008874                . = ALIGN (0x4)
                0x10008874                __binary_info_start = .

.binary_info    0x10008874       0x20
 *(.binary_info.keep.*)
 .binary_info.keep.__bi_ptr22
                0x10008874        0x4 CMakeFiles/lidar_uart_test.dir/C_/Program_Files/Raspberry_Pi/Pico_SDK_v1.5.1/pico-sdk/src/rp2_common/pico_standard_link/binary_info.c.obj
 .binary_info.keep.__bi_ptr30
                0x10008878        0x4 CMakeFiles/lidar_uart_test.dir/C_/Program_Files/Raspberry_Pi/Pico_SDK_v1.5.1/pico-sdk/src/rp2_common/pico_standard_link/binary_info.c.obj
 .binary_info.keep.__bi_ptr38
                0x1000887c        0x4 CMakeFiles/lidar_uart_test.dir/C_/Program_Files/Raspberry_Pi/Pico_SDK_v1.5.1/pico-sdk/src/rp2_common/pico_standard_link/binary_info.c.obj
 .binary_info.keep.__bi_ptr44
                0x10008880        0x4 CMakeFiles/lidar_uart_test.dir/C_/Program_Files/Raspberry_Pi/Pico_SDK_v1.5.1/pico-sdk/src/rp2_common/pico_standard_link/binary_info.c.obj
 .binary_info.keep.__bi_ptr50
                0x10008884        0x4 CMakeFiles/lidar_uart_test.dir/C_/Program_Files/Raspberry_Pi/Pico_SDK_v1.5.1/pico-sdk/src/rp2_common/pico_standard_link/binary_info.c.obj
 .binary_info.keep.__bi_ptr75
                0x10008888        0x4 CMakeFiles/lidar_uart_test.dir/C_/Program_Files/Raspberry_Pi/Pico_SDK_v1.5.1/pico-sdk/src/rp2_common/pico_standard_link/binary_info.c.obj
 .binary_info.keep.__bi_ptr81
                0x1000888c        0x4 CMakeFiles/lidar_uart_test.dir/C_/Program_Files/Raspberry_Pi/Pico_SDK_v1.5.1/pico-sdk/src/rp2_common/pico_standard_link/binary_info.c.obj
 *(.binary_info.*)
 .binary_info.__bi_ptr182
                0x10008890        0x4 CMakeFiles/lidar_uart_test.dir/C_/Program_Files/Raspberry_Pi/Pico_SDK_v1.5.1/pico-sdk/src/rp2_common/pico_stdio_usb/stdio_usb.c.obj
                0x10008894                __binary_info_end = .

.rel.dyn        0x10008894        0x0
 .rel.iplt      0x10008894        0x0 c:/progra~1/raspbe~1/picosd~1.1/gcc-ar~1/bin/../lib/gcc/arm-none-eabi/10.3.1/thumb/v6-m/nofp/crtbegin.o
                0x10008894                . = ALIGN (0x4)

.ram_vector_table
                0x20000000       0xc0
 *(.ram_vector_table)
 .ram_vector_table
                0x20000000       0xc0 CMakeFiles/lidar_uart_test.dir/C_/Program_Files/Raspberry_Pi/Pico_SDK_v1.5.1/pico-sdk/src/rp2_common/pico_runtime/runtime.c.obj
                0x20000000                ram_vector_table

.data           0x200000c0      0xbf0 load address 0x10008894
                0x200000c0                __data_start__ = .
 *(vtable)
 *(.time_critical*)
 .time_critical.mutex_try_enter
                0x200000c0       0x46 CMakeFiles/lidar_uart_test.dir/C_/Program_Files/Raspberry_Pi/Pico_SDK_v1.5.1/pico-sdk/src/common/pico_sync/mutex.c.obj
                0x200000c0                mutex_try_enter
 *fill*         0x20000106        0x2 
 .time_critical.mutex_enter_block_until
                0x20000108       0x8c CMakeFiles/lidar_uart_test.dir/C_/Program_Files/Raspberry_Pi/Pico_SDK_v1.5.1/pico-sdk/src/common/pico_sync/mutex.c.obj
                0x20000108                mutex_enter_block_until
 .time_critical.mutex_try_enter_block_until
                0x20000194       0x34 CMakeFiles/lidar_uart_test.dir/C_/Program_Files/Raspberry_Pi/Pico_SDK_v1.5.1/pico-sdk/src/common/pico_sync/mutex.c.obj
                0x20000194                mutex_try_enter_block_until
 .time_critical.mutex_enter_timeout_ms
                0x200001c8       0x68 CMakeFiles/lidar_uart_test.dir/C_/Program_Files/Raspberry_Pi/Pico_SDK_v1.5.1/pico-sdk/src/common/pico_sync/mutex.c.obj
                0x200001c8                mutex_enter_timeout_ms
 .time_critical.mutex_exit
                0x20000230       0x4c CMakeFiles/lidar_uart_test.dir/C_/Program_Files/Raspberry_Pi/Pico_SDK_v1.5.1/pico-sdk/src/common/pico_sync/mutex.c.obj
                0x20000230                mutex_exit
 .time_critical.flash_init_boot2_copyout
                0x2000027c       0x30 CMakeFiles/lidar_uart_test.dir/C_/Program_Files/Raspberry_Pi/Pico_SDK_v1.5.1/pico-sdk/src/rp2_common/hardware_flash/flash.c.obj
 .time_critical.flash_enable_xip_via_boot2
                0x200002ac       0x10 CMakeFiles/lidar_uart_test.dir/C_/Program_Files/Raspberry_Pi/Pico_SDK_v1.5.1/pico-sdk/src/rp2_common/hardware_flash/flash.c.obj
 .time_critical.flash_cs_force
                0x200002bc       0x28 CMakeFiles/lidar_uart_test.dir/C_/Program_Files/Raspberry_Pi/Pico_SDK_v1.5.1/pico-sdk/src/rp2_common/hardware_flash/flash.c.obj
 .time_critical.flash_do_cmd
                0x200002e4       0xd8 CMakeFiles/lidar_uart_test.dir/C_/Program_Files/Raspberry_Pi/Pico_SDK_v1.5.1/pico-sdk/src/rp2_common/hardware_flash/flash.c.obj
                0x200002e4                flash_do_cmd