Archive member included to satisfy reference by file (symbol)

c:/progra~1/raspbe~1/picosd~1.1/gcc-ar~1/bin/../lib/gcc/arm-none-eabi/10.3.1/thumb/v6-m/nofp\libgcc.a(_dvmd_tls.o)
                              CMakeFiles/maker_pi_pico.dir/C_/Program_Files/Raspberry_Pi/Pico_SDK_v1.5.1/pico-sdk/src/rp2_common/pico_divider/divider.S.obj (__aeabi_idiv0)
c:/progra~1/raspbe~1/picosd~1.1/gcc-ar~1/bin/../lib/gcc/arm-none-eabi/10.3.1/../../../../arm-none-eabi/lib/thumb/v6-m/nofp\libg.a(lib_a-calloc.o)
                              CMakeFiles/maker_pi_pico.dir/C_/Program_Files/Raspberry_Pi/Pico_SDK_v1.5.1/pico-sdk/src/rp2_common/pico_malloc/pico_malloc.c.obj (calloc)
c:/progra~1/raspbe~1/picosd~1.1/gcc-ar~1/bin/../lib/gcc/arm-none-eabi/10.3.1/../../../../arm-none-eabi/lib/thumb/v6-m/nofp\libg.a(lib_a-callocr.o)
                              c:/progra~1/raspbe~1/picosd~1.1/gcc-ar~1/bin/../lib/gcc/arm-none-eabi/10.3.1/../../../../arm-none-eabi/lib/thumb/v6-m/nofp\libg.a(lib_a-calloc.o) (_calloc_r)
c:/progra~1/raspbe~1/picosd~1.1/gcc-ar~1/bin/../lib/gcc/arm-none-eabi/10.3.1/../../../../arm-none-eabi/lib/thumb/v6-m/nofp\libg.a(lib_a-errno.o)
                              c:/progra~1/raspbe~1/picosd~1.1/gcc-ar~1/bin/../lib/gcc/arm-none-eabi/10.3.1/../../../../arm-none-eabi/lib/thumb/v6-m/nofp\libg.a(lib_a-callocr.o) (__errno)
c:/progra~1/raspbe~1/picosd~1.1/gcc-ar~1/bin/../lib/gcc/arm-none-eabi/10.3.1/../../../../arm-none-eabi/lib/thumb/v6-m/nofp\libg.a(lib_a-impure.o)
                              c:/progra~1/raspbe~1/picosd~1.1/gcc-ar~1/bin/../lib/gcc/arm-none-eabi/10.3.1/../../../../arm-none-eabi/lib/thumb/v6-m/nofp\libg.a(lib_a-calloc.o) (_impure_ptr)
c:/progra~1/raspbe~1/picosd~1.1/gcc-ar~1/bin/../lib/gcc/arm-none-eabi/10.3.1/../../../../arm-none-eabi/lib/thumb/v6-m/nofp\libg.a(lib_a-init.o)
                              c:/progra~1/raspbe~1/picosd~1.1/gcc-ar~1/bin/../lib/gcc/arm-none-eabi/10.3.1/../../../../arm-none-eabi/lib/thumb/v6-m/nofp/crt0.o (__libc_init_array)
c:/progra~1/raspbe~1/picosd~1.1/gcc-ar~1/bin/../lib/gcc/arm-none-eabi/10.3.1/../../../../arm-none-eabi/lib/thumb/v6-m/nofp\libg.a(lib_a-malloc.o)
                              CMakeFiles/maker_pi_pico.dir/C_/Program_Files/Raspberry_Pi/Pico_SDK_v1.5.1/pico-sdk/src/rp2_common/pico_malloc/pico_malloc.c.obj (malloc)
c:/progra~1/raspbe~1/picosd~1.1/gcc-ar~1/bin/../lib/gcc/arm-none-eabi/10.3.1/../../../../arm-none-eabi/lib/thumb/v6-m/nofp\libg.a(lib_a-mallocr.o)
                              c:/progra~1/raspbe~1/picosd~1.1/gcc-ar~1/bin/../lib/gcc/arm-none-eabi/10.3.1/../../../../arm-none-eabi/lib/thumb/v6-m/nofp\libg.a(lib_a-callocr.o) (_malloc_r)
c:/progra~1/raspbe~1/picosd~1.1/gcc-ar~1/bin/../lib/gcc/arm-none-eabi/10.3.1/../../../../arm-none-eabi/lib/thumb/v6-m/nofp\libg.a(lib_a-mlock.o)
                              c:/progra~1/raspbe~1/picosd~1.1/gcc-ar~1/bin/../lib/gcc/arm-none-eabi/10.3.1/../../../../arm-none-eabi/lib/thumb/v6-m/nofp\libg.a(lib_a-mallocr.o) (__malloc_lock)
c:/progra~1/raspbe~1/picosd~1.1/gcc-ar~1/bin/../lib/gcc/arm-none-eabi/10.3.1/../../../../arm-none-eabi/lib/thumb/v6-m/nofp\libg.a(lib_a-realloc.o)
                              CMakeFiles/maker_pi_pico.dir/C_/Program_Files/Raspberry_Pi/Pico_SDK_v1.5.1/pico-sdk/src/rp2_common/pico_malloc/pico_malloc.c.obj (realloc)
c:/progra~1/raspbe~1/picosd~1.1/gcc-ar~1/bin/../lib/gcc/arm-none-eabi/10.3.1/../../../../arm-none-eabi/lib/thumb/v6-m/nofp\libg.a(lib_a-reallocr.o)
                              c:/progra~1/raspbe~1/picosd~1.1/gcc-ar~1/bin/../lib/gcc/arm-none-eabi/10.3.1/../../../../arm-none-eabi/lib/thumb/v6-m/nofp\libg.a(lib_a-realloc.o) (_realloc_r)
c:/progra~1/raspbe~1/picosd~1.1/gcc-ar~1/bin/../lib/gcc/arm-none-eabi/10.3.1/../../../../arm-none-eabi/lib/thumb/v6-m/nofp\libg.a(lib_a-sbrkr.o)
                              c:/progra~1/raspbe~1/picosd~1.1/gcc-ar~1/bin/../lib/gcc/arm-none-eabi/10.3.1/../../../../arm-none-eabi/lib/thumb/v6-m/nofp\libg.a(lib_a-mallocr.o) (_sbrk_r)
c:/progra~1/raspbe~1/picosd~1.1/gcc-ar~1/bin/../lib/gcc/arm-none-eabi/10.3.1/../../../../arm-none-eabi/lib/thumb/v6-m/nofp\libg.a(lib_a-strcmp.o)
                              CMakeFiles/maker_pi_pico.dir/src/maker_pi_pico.c.obj (strcmp)
c:/progra~1/raspbe~1/picosd~1.1/gcc-ar~1/bin/../lib/gcc/arm-none-eabi/10.3.1/../../../../arm-none-eabi/lib/thumb/v6-m/nofp\libg.a(lib_a-strlen-stub.o)
                              CMakeFiles/maker_pi_pico.dir/C_/Program_Files/Raspberry_Pi/Pico_SDK_v1.5.1/pico-sdk/src/rp2_common/pico_stdio/stdio.c.obj (strlen)
c:/progra~1/raspbe~1/picosd~1.1/gcc-ar~1/bin/../lib/gcc/arm-none-eabi/10.3.1/../../../../arm-none-eabi/lib/thumb/v6-m/nofp\libg.a(lib_a-strncpy.o)
                              CMakeFiles/maker_pi_pico.dir/src/uart_comm.c.obj (strncpy)
c:/progra~1/raspbe~1/picosd~1.1/gcc-ar~1/bin/../lib/gcc/arm-none-eabi/10.3.1/../../../../arm-none-eabi/lib/thumb/v6-m/nofp\libg.a(lib_a-freer.o)
[...]
Memory Configuration

Name             Origin             Length             Attributes
FLASH            0x10000000         0x00200000         xr
RAM              0x20000000         0x00040000         xrw
SCRATCH_X        0x20040000         0x00001000         xrw
SCRATCH_Y        0x20041000         0x00001000         xrw
*default*        0x00000000         0xffffffff

Linker script and memory map

LOAD c:/progra~1/raspbe~1/picosd~1.1/gcc-ar~1/bin/../lib/gcc/arm-none-eabi/10.3.1/thumb/v6-m/nofp/crti.o
LOAD c:/progra~1/raspbe~1/picosd~1.1/gcc-ar~1/bin/../lib/gcc/arm-none-eabi/10.3.1/thumb/v6-m/nofp/crtbegin.o
LOAD c:/progra~1/raspbe~1/picosd~1.1/gcc-ar~1/bin/../lib/gcc/arm-none-eabi/10.3.1/../../../../arm-none-eabi/lib/thumb/v6-m/nofp/crt0.o

.flash_begin    0x10000000        0x0
                0x10000000                __flash_binary_start = .

.boot2          0x10000000      0x100
                0x10000000                __boot2_start__ = .
 *(.boot2)
 .boot2         0x10000000      0x100 C:\Users\Macab\AppData\Local\Temp\ccawMq0s.o
                0x10000100                __boot2_end__ = .
                0x00000001                ASSERT (((__boot2_end__ - __boot2_start__) == 0x100), ERROR: Pico second stage bootloader must be 256 bytes in size)

.text           0x10000100     0x7468
                0x10000100                __logical_binary_start = .
 *(.vectors)
 .vectors       0x10000100       0xd4 CMakeFiles/maker_pi_pico.dir/C_/Program_Files/Raspberry_Pi/Pico_SDK_v1.5.1/pico-sdk/src/rp2_common/pico_standard_link/crt0.S.obj
                0x10000100                __VECTOR_TABLE
                0x10000100                __vectors
                0x100001c0                isr_invalid
                0x100001c0                __default_isrs_start
                0x100001c2                isr_nmi
                0x100001c4                isr_hardfault
                0x100001c6                isr_svcall
                0x100001c8                isr_pendsv
                0x100001ca                isr_systick
                0x100001cc                isr_irq23
                0x100001cc                isr_irq18
                0x100001cc                isr_irq11
                0x100001cc                isr_irq28
                0x100001cc                isr_irq19
                0x100001cc                isr_irq0
                0x100001cc                isr_irq6
                0x100001cc                isr_irq5
                0x100001cc                isr_irq12
                0x100001cc                isr_irq22
                0x100001cc                isr_irq31
                0x100001cc                isr_irq17
                0x100001cc                isr_irq27
                0x100001cc                isr_irq30
                0x100001cc                isr_irq2
                0x100001cc                isr_irq10
                0x100001cc                isr_irq8
                0x100001cc                isr_irq24
                0x100001cc                isr_irq1
                0x100001cc                isr_irq7
                0x100001cc                isr_irq21
                0x100001cc                isr_irq20
                0x100001cc                isr_irq15
                0x100001cc                isr_irq25
                0x100001cc                isr_irq13
                0x100001cc                __unhandled_user_irq
                0x100001cc                isr_irq4
                0x100001cc                isr_irq16
                0x100001cc                isr_irq29
                0x100001cc                isr_irq26
                0x100001cc                __default_isrs_end
                0x100001cc                isr_irq3
                0x100001cc                isr_irq14
                0x100001cc                isr_irq9
                0x100001d2                unhandled_user_irq_num_in_r0
 *(.binary_info_header)
 .binary_info_header
                0x100001d4       0x14 CMakeFiles/maker_pi_pico.dir/C_/Program_Files/Raspberry_Pi/Pico_SDK_v1.5.1/pico-sdk/src/rp2_common/pico_standard_link/crt0.S.obj
                0x100001e8                __binary_info_header_end = .
 *(.reset)
 .reset         0x100001e8       0xa0 CMakeFiles/maker_pi_pico.dir/C_/Program_Files/Raspberry_Pi/Pico_SDK_v1.5.1/pico-sdk/src/rp2_common/pico_standard_link/crt0.S.obj
                0x100001e8                _entry_point
 .reset         0x10000288       0x30 CMakeFiles/maker_pi_pico.dir/C_/Program_Files/Raspberry_Pi/Pico_SDK_v1.5.1/pico-sdk/src/rp2_common/pico_standard_link/binary_info.c.obj
 *(.init)
 .init          0x100002b8        0x4 c:/progra~1/raspbe~1/picosd~1.1/gcc-ar~1/bin/../lib/gcc/arm-none-eabi/10.3.1/thumb/v6-m/nofp/crti.o
                0x100002b8                _init
 *(EXCLUDE_FILE(*libm.a: *libc.a:*lib_a-mem*.o *libgcc.a:) .text*)
 .text          0x100002bc       0x48 c:/progra~1/raspbe~1/picosd~1.1/gcc-ar~1/bin/../lib/gcc/arm-none-eabi/10.3.1/thumb/v6-m/nofp/crtbegin.o
 .text.send_command_and_wait
                0x10000304      0x104 CMakeFiles/maker_pi_pico.dir/src/maker_pi_pico.c.obj
                0x10000304                send_command_and_wait
 .text.execute_sequence
                0x10000408       0xe0 CMakeFiles/maker_pi_pico.dir/src/maker_pi_pico.c.obj
                0x10000408                execute_sequence
 .text.main     0x100004e8      0x114 CMakeFiles/maker_pi_pico.dir/src/maker_pi_pico.c.obj
                0x100004e8                main
 .text.dequeue_message
                0x100005fc       0x58 CMakeFiles/maker_pi_pico.dir/src/uart_comm.c.obj
 .text.enqueue_message
                0x10000654       0x50 CMakeFiles/maker_pi_pico.dir/src/uart_comm.c.obj
 .text.uart_comm_init
                0x100006a4       0x80 CMakeFiles/maker_pi_pico.dir/src/uart_comm.c.obj
                0x100006a4                uart_comm_init
 .text.uart_send_string
                0x10000724       0x5c CMakeFiles/maker_pi_pico.dir/src/uart_comm.c.obj
                0x10000724                uart_send_string
 .text.uart_receive_message
                0x10000780        0x8 CMakeFiles/maker_pi_pico.dir/src/uart_comm.c.obj
                0x10000780                uart_receive_message
 .text.uart_comm_process
                0x10000788       0x8c CMakeFiles/maker_pi_pico.dir/src/uart_comm.c.obj
                0x10000788                uart_comm_process
 .text.gpio_set_function
                0x10000814       0x30 CMakeFiles/maker_pi_pico.dir/C_/Program_Files/Raspberry_Pi/Pico_SDK_v1.5.1/pico-sdk/src/rp2_common/hardware_gpio/gpio.c.obj
                0x10000814                gpio_set_function
 .text.gpio_init
                0x10000844       0x16 CMakeFiles/maker_pi_pico.dir/C_/Program_Files/Raspberry_Pi/Pico_SDK_v1.5.1/pico-sdk/src/rp2_common/hardware_gpio/gpio.c.obj
                0x10000844                gpio_init
 *fill*         0x1000085a        0x2 
 .text.running_on_fpga
                0x1000085c       0x14 CMakeFiles/maker_pi_pico.dir/C_/Program_Files/Raspberry_Pi/Pico_SDK_v1.5.1/pico-sdk/src/rp2_common/pico_platform/platform.c.obj
                0x1000085c                running_on_fpga
 .text.hw_claim_lock
                0x10000870       0x18 CMakeFiles/maker_pi_pico.dir/C_/Program_Files/Raspberry_Pi/Pico_SDK_v1.5.1/pico-sdk/src/rp2_common/hardware_claim/claim.c.obj
                0x10000870                hw_claim_lock
 .text.hw_claim_unlock
                0x10000888       0x14 CMakeFiles/maker_pi_pico.dir/C_/Program_Files/Raspberry_Pi/Pico_SDK_v1.5.1/pico-sdk/src/rp2_common/hardware_claim/claim.c.obj
                0x10000888                hw_claim_unlock
 .text.hw_claim_or_assert
                0x1000089c       0x32 CMakeFiles/maker_pi_pico.dir/C_/Program_Files/Raspberry_Pi/Pico_SDK_v1.5.1/pico-sdk/src/rp2_common/hardware_claim/claim.c.obj
                0x1000089c                hw_claim_or_assert
 .text.hw_claim_unused_from_range
                0x100008ce       0x50 CMakeFiles/maker_pi_pico.dir/C_/Program_Files/Raspberry_Pi/Pico_SDK_v1.5.1/pico-sdk/src/rp2_common/hardware_claim/claim.c.obj
                0x100008ce                hw_claim_unused_from_range
 *fill*         0x1000091e        0x2 
 .text.spin_locks_reset
                0x10000920       0x20 CMakeFiles/maker_pi_pico.dir/C_/Program_Files/Raspberry_Pi/Pico_SDK_v1.5.1/pico-sdk/src/rp2_common/hardware_sync/sync.c.obj
                0x10000920                spin_locks_reset
 .text.next_striped_spin_lock_num
                0x10000940       0x1c CMakeFiles/maker_pi_pico.dir/C_/Program_Files/Raspberry_Pi/Pico_SDK_v1.5.1/pico-sdk/src/rp2_common/hardware_sync/sync.c.obj
                0x10000940                next_striped_spin_lock_num
 .text.spin_lock_claim_unused
                0x1000095c       0x20 CMakeFiles/maker_pi_pico.dir/C_/Program_Files/Raspberry_Pi/Pico_SDK_v1.5.1/pico-sdk/src/rp2_common/hardware_sync/sync.c.obj
                0x1000095c                spin_lock_claim_unused
 .text.set_raw_irq_handler_and_unlock
                0x1000097c       0x28 CMakeFiles/maker_pi_pico.dir/C_/Program_Files/Raspberry_Pi/Pico_SDK_v1.5.1/pico-sdk/src/rp2_common/hardware_irq/irq.c.obj
 .text.make_branch
                0x100009a4       0x48 CMakeFiles/maker_pi_pico.dir/C_/Program_Files/Raspberry_Pi/Pico_SDK_v1.5.1/pico-sdk/src/rp2_common/hardware_irq/irq.c.obj
 .text.insert_branch_and_link
                0x100009ec       0x40 CMakeFiles/maker_pi_pico.dir/C_/Program_Files/Raspberry_Pi/Pico_SDK_v1.5.1/pico-sdk/src/rp2_common/hardware_irq/irq.c.obj
 .text.irq_is_enabled
                0x10000a2c       0x18 CMakeFiles/maker_pi_pico.dir/C_/Program_Files/Raspberry_Pi/Pico_SDK_v1.5.1/pico-sdk/src/rp2_common/hardware_irq/irq.c.obj
                0x10000a2c                irq_is_enabled
 .text.irq_set_mask_enabled
                0x10000a44       0x20 CMakeFiles/maker_pi_pico.dir/C_/Program_Files/Raspberry_Pi/Pico_SDK_v1.5.1/pico-sdk/src/rp2_common/hardware_irq/irq.c.obj
                0x10000a44                irq_set_mask_enabled
 .text.irq_set_enabled
                0x10000a64        0xe CMakeFiles/maker_pi_pico.dir/C_/Program_Files/Raspberry_Pi/Pico_SDK_v1.5.1/pico-sdk/src/rp2_common/hardware_irq/irq.c.obj
                0x10000a64                irq_set_enabled
 *fill*         0x10000a72        0x2 
 .text.irq_set_pending
                0x10000a74       0x10 CMakeFiles/maker_pi_pico.dir/C_/Program_Files/Raspberry_Pi/Pico_SDK_v1.5.1/pico-sdk/src/rp2_common/hardware_irq/irq.c.obj
                0x10000a74                irq_set_pending
 .text.irq_get_vtable_handler
                0x10000a84       0x10 CMakeFiles/maker_pi_pico.dir/C_/Program_Files/Raspberry_Pi/Pico_SDK_v1.5.1/pico-sdk/src/rp2_common/hardware_irq/irq.c.obj
                0x10000a84                irq_get_vtable_handler
 .text.irq_has_shared_handler
                0x10000a94       0x24 CMakeFiles/maker_pi_pico.dir/C_/Program_Files/Raspberry_Pi/Pico_SDK_v1.5.1/pico-sdk/src/rp2_common/hardware_irq/irq.c.obj
                0x10000a94                irq_has_shared_handler
 .text.irq_set_exclusive_handler
                0x10000ab8       0x54 CMakeFiles/maker_pi_pico.dir/C_/Program_Files/Raspberry_Pi/Pico_SDK_v1.5.1/pico-sdk/src/rp2_common/hardware_irq/irq.c.obj
                0x10000ab8                irq_set_exclusive_handler
 .text.irq_add_shared_handler
                0x10000b0c      0x234 CMakeFiles/maker_pi_pico.dir/C_/Program_Files/Raspberry_Pi/Pico_SDK_v1.5.1/pico-sdk/src/rp2_common/hardware_irq/irq.c.obj
                0x10000b0c                irq_add_shared_handler
 .text.irq_remove_handler
                0x10000d40      0x1ac CMakeFiles/maker_pi_pico.dir/C_/Program_Files/Raspberry_Pi/Pico_SDK_v1.5.1/pico-sdk/src/rp2_common/hardware_irq/irq.c.obj
                0x10000d40                irq_remove_handler
 .text.irq_add_tail_to_free_list
                0x10000eec       0xf0 CMakeFiles/maker_pi_pico.dir/C_/Program_Files/Raspberry_Pi/Pico_SDK_v1.5.1/pico-sdk/src/rp2_common/hardware_irq/irq.c.obj
                0x10000eec                irq_add_tail_to_free_list
 .text.irq_init_priorities
                0x10000fdc       0x1c CMakeFiles/maker_pi_pico.dir/C_/Program_Files/Raspberry_Pi/Pico_SDK_v1.5.1/pico-sdk/src/rp2_common/hardware_irq/irq.c.obj
                0x10000fdc                irq_init_priorities
 .text.user_irq_claim_unused
                0x10000ff8       0x28 CMakeFiles/maker_pi_pico.dir/C_/Program_Files/Raspberry_Pi/Pico_SDK_v1.5.1/pico-sdk/src/rp2_common/hardware_irq/irq.c.obj
                0x10000ff8                user_irq_claim_unused
 .text.lock_init
                0x10001020       0x10 CMakeFiles/maker_pi_pico.dir/C_/Program_Files/Raspberry_Pi/Pico_SDK_v1.5.1/pico-sdk/src/common/pico_sync/lock_core.c.obj
                0x10001020                lock_init
 .text.mutex_init
                0x10001030       0x1a CMakeFiles/maker_pi_pico.dir/C_/Program_Files/Raspberry_Pi/Pico_SDK_v1.5.1/pico-sdk/src/common/pico_sync/mutex.c.obj
                0x10001030                mutex_init
 .text.recursive_mutex_init
                0x1000104a       0x1e CMakeFiles/maker_pi_pico.dir/C_/Program_Files/Raspberry_Pi/Pico_SDK_v1.5.1/pico-sdk/src/common/pico_sync/mutex.c.obj
                0x1000104a                recursive_mutex_init
 .text.critical_section_init_with_lock_num
                0x10001068       0x14 CMakeFiles/maker_pi_pico.dir/C_/Program_Files/Raspberry_Pi/Pico_SDK_v1.5.1/pico-sdk/src/common/pico_sync/critical_section.c.obj
                0x10001068                critical_section_init_with_lock_num
 .text.critical_section_init
                0x1000107c       0x14 CMakeFiles/maker_pi_pico.dir/C_/Program_Files/Raspberry_Pi/Pico_SDK_v1.5.1/pico-sdk/src/common/pico_sync/critical_section.c.obj
                0x1000107c                critical_section_init
 .text.alarm_pool_post_alloc_init
                0x10001090       0x40 CMakeFiles/maker_pi_pico.dir/C_/Program_Files/Raspberry_Pi/Pico_SDK_v1.5.1/pico-sdk/src/common/pico_time/time.c.obj
 .text.sleep_until_callback
                0x100010d0       0x30 CMakeFiles/maker_pi_pico.dir/C_/Program_Files/Raspberry_Pi/Pico_SDK_v1.5.1/pico-sdk/src/common/pico_time/time.c.obj
 .text.timer_pool_entry_comparator
                0x10001100       0x7c CMakeFiles/maker_pi_pico.dir/C_/Program_Files/Raspberry_Pi/Pico_SDK_v1.5.1/pico-sdk/src/common/pico_time/time.c.obj
                0x10001100                timer_pool_entry_comparator
 .text.ph_add_child_node
                0x1000117c       0xa4 CMakeFiles/maker_pi_pico.dir/C_/Program_Files/Raspberry_Pi/Pico_SDK_v1.5.1/pico-sdk/src/common/pico_time/time.c.obj
 .text.ph_merge_nodes
                0x10001220       0x3e CMakeFiles/maker_pi_pico.dir/C_/Program_Files/Raspberry_Pi/Pico_SDK_v1.5.1/pico-sdk/src/common/pico_time/time.c.obj
 *fill*         0x1000125e        0x2 
 .text.add_alarm_under_lock
                0x10001260      0x174 CMakeFiles/maker_pi_pico.dir/C_/Program_Files/Raspberry_Pi/Pico_SDK_v1.5.1/pico-sdk/src/common/pico_time/time.c.obj
 .text.alarm_pool_alarm_callback
                0x100013d4      0x33c CMakeFiles/maker_pi_pico.dir/C_/Program_Files/Raspberry_Pi/Pico_SDK_v1.5.1/pico-sdk/src/common/pico_time/time.c.obj
 .text.alarm_pool_init_default
                0x10001710       0x40 CMakeFiles/maker_pi_pico.dir/C_/Program_Files/Raspberry_Pi/Pico_SDK_v1.5.1/pico-sdk/src/common/pico_time/time.c.obj
                0x10001710                alarm_pool_init_default
 .text.alarm_pool_get_default
                0x10001750       0x2c CMakeFiles/maker_pi_pico.dir/C_/Program_Files/Raspberry_Pi/Pico_SDK_v1.5.1/pico-sdk/src/common/pico_time/time.c.obj
                0x10001750                alarm_pool_get_default
 .text.alarm_pool_add_alarm_at
                0x1000177c      0x168 CMakeFiles/maker_pi_pico.dir/C_/Program_Files/Raspberry_Pi/Pico_SDK_v1.5.1/pico-sdk/src/common/pico_time/time.c.obj
                0x1000177c                alarm_pool_add_alarm_at
 .text.alarm_pool_cancel_alarm
                0x100018e4       0xf8 CMakeFiles/maker_pi_pico.dir/C_/Program_Files/Raspberry_Pi/Pico_SDK_v1.5.1/pico-sdk/src/common/pico_time/time.c.obj
                0x100018e4                alarm_pool_cancel_alarm
 .text.alarm_pool_core_num
                0x100019dc        0x4 CMakeFiles/maker_pi_pico.dir/C_/Program_Files/Raspberry_Pi/Pico_SDK_v1.5.1/pico-sdk/src/common/pico_time/time.c.obj
                0x100019dc                alarm_pool_core_num
 .text.sleep_until
                0x100019e0       0xfc CMakeFiles/maker_pi_pico.dir/C_/Program_Files/Raspberry_Pi/Pico_SDK_v1.5.1/pico-sdk/src/common/pico_time/time.c.obj
                0x100019e0                sleep_until
 .text.sleep_us
                0x10001adc       0x58 CMakeFiles/maker_pi_pico.dir/C_/Program_Files/Raspberry_Pi/Pico_SDK_v1.5.1/pico-sdk/src/common/pico_time/time.c.obj
                0x10001adc                sleep_us
 .text.sleep_ms
                0x10001b34       0x14 CMakeFiles/maker_pi_pico.dir/C_/Program_Files/Raspberry_Pi/Pico_SDK_v1.5.1/pico-sdk/src/common/pico_time/time.c.obj
                0x10001b34                sleep_ms
 .text.best_effort_wfe_or_timeout
                0x10001b48       0xac CMakeFiles/maker_pi_pico.dir/C_/Program_Files/Raspberry_Pi/Pico_SDK_v1.5.1/pico-sdk/src/common/pico_time/time.c.obj
                0x10001b48                best_effort_wfe_or_timeout
 .text.hardware_alarm_irq_handler
                0x10001bf4       0x90 CMakeFiles/maker_pi_pico.dir/C_/Program_Files/Raspberry_Pi/Pico_SDK_v1.5.1/pico-sdk/src/rp2_common/hardware_timer/timer.c.obj
 .text.hardware_alarm_claim
                0x10001c84       0x18 CMakeFiles/maker_pi_pico.dir/C_/Program_Files/Raspberry_Pi/Pico_SDK_v1.5.1/pico-sdk/src/rp2_common/hardware_timer/timer.c.obj
                0x10001c84                hardware_alarm_claim
 .text.time_us_64
                0x10001c9c       0x18 CMakeFiles/maker_pi_pico.dir/C_/Program_Files/Raspberry_Pi/Pico_SDK_v1.5.1/pico-sdk/src/rp2_common/hardware_timer/timer.c.obj
                0x10001c9c                time_us_64
 .text.busy_wait_until
                0x10001cb4       0x28 CMakeFiles/maker_pi_pico.dir/C_/Program_Files/Raspberry_Pi/Pico_SDK_v1.5.1/pico-sdk/src/rp2_common/hardware_timer/timer.c.obj
                0x10001cb4                busy_wait_until
 .text.busy_wait_us
                0x10001cdc       0x48 CMakeFiles/maker_pi_pico.dir/C_/Program_Files/Raspberry_Pi/Pico_SDK_v1.5.1/pico-sdk/src/rp2_common/hardware_timer/timer.c.obj
                0x10001cdc                busy_wait_us
 .text.hardware_alarm_set_callback
                0x10001d24       0x90 CMakeFiles/maker_pi_pico.dir/C_/Program_Files/Raspberry_Pi/Pico_SDK_v1.5.1/pico-sdk/src/rp2_common/hardware_timer/timer.c.obj
                0x10001d24                hardware_alarm_set_callback
 .text.hardware_alarm_set_target
                0x10001db4       0xe8 CMakeFiles/maker_pi_pico.dir/C_/Program_Files/Raspberry_Pi/Pico_SDK_v1.5.1/pico-sdk/src/rp2_common/hardware_timer/timer.c.obj
                0x10001db4                hardware_alarm_set_target
 .text.hardware_alarm_cancel
                0x10001e9c       0x40 CMakeFiles/maker_pi_pico.dir/C_/Program_Files/Raspberry_Pi/Pico_SDK_v1.5.1/pico-sdk/src/rp2_common/hardware_timer/timer.c.obj
                0x10001e9c                hardware_alarm_cancel
 .text.ph_add_child_node
                0x10001edc       0xa4 CMakeFiles/maker_pi_pico.dir/C_/Program_Files/Raspberry_Pi/Pico_SDK_v1.5.1/pico-sdk/src/common/pico_util/pheap.c.obj
 .text.ph_merge_nodes
                0x10001f80       0x3e CMakeFiles/maker_pi_pico.dir/C_/Program_Files/Raspberry_Pi/Pico_SDK_v1.5.1/pico-sdk/src/common/pico_util/pheap.c.obj
 *fill*         0x10001fbe        0x2 
 .text.ph_clear
                0x10001fc0       0x70 CMakeFiles/maker_pi_pico.dir/C_/Program_Files/Raspberry_Pi/Pico_SDK_v1.5.1/pico-sdk/src/common/pico_util/pheap.c.obj
                0x10001fc0                ph_clear
 .text.ph_post_alloc_init
                0x10002030        0xe CMakeFiles/maker_pi_pico.dir/C_/Program_Files/Raspberry_Pi/Pico_SDK_v1.5.1/pico-sdk/src/common/pico_util/pheap.c.obj
                0x10002030                ph_post_alloc_init
 *fill*         0x1000203e        0x2 
 .text.ph_merge_two_pass
                0x10002040       0xa8 CMakeFiles/maker_pi_pico.dir/C_/Program_Files/Raspberry_Pi/Pico_SDK_v1.5.1/pico-sdk/src/common/pico_util/pheap.c.obj
                0x10002040                ph_merge_two_pass
 .text.ph_remove_any_head
                0x100020e8      0x128 CMakeFiles/maker_pi_pico.dir/C_/Program_Files/Raspberry_Pi/Pico_SDK_v1.5.1/pico-sdk/src/common/pico_util/pheap.c.obj
 .text.ph_remove_head
                0x10002210       0x14 CMakeFiles/maker_pi_pico.dir/C_/Program_Files/Raspberry_Pi/Pico_SDK_v1.5.1/pico-sdk/src/common/pico_util/pheap.c.obj
                0x10002210                ph_remove_head
 .text.ph_remove_and_free_node
                0x10002224       0xf8 CMakeFiles/maker_pi_pico.dir/C_/Program_Files/Raspberry_Pi/Pico_SDK_v1.5.1/pico-sdk/src/common/pico_util/pheap.c.obj
                0x10002224                ph_remove_and_free_node
 .text.uart_disable_before_lcr_write
                0x1000231c       0x48 CMakeFiles/maker_pi_pico.dir/C_/Program_Files/Raspberry_Pi/Pico_SDK_v1.5.1/pico-sdk/src/rp2_common/hardware_uart/uart.c.obj
 .text.uart_write_lcr_bits_masked
                0x10002364       0x22 CMakeFiles/maker_pi_pico.dir/C_/Program_Files/Raspberry_Pi/Pico_SDK_v1.5.1/pico-sdk/src/rp2_common/hardware_uart/uart.c.obj
 *fill*         0x10002386        0x2 
 .text.uart_set_baudrate
                0x10002388       0x5c CMakeFiles/maker_pi_pico.dir/C_/Program_Files/Raspberry_Pi/Pico_SDK_v1.5.1/pico-sdk/src/rp2_common/hardware_uart/uart.c.obj
                0x10002388                uart_set_baudrate
 .text.uart_set_format
                0x100023e4       0x2c CMakeFiles/maker_pi_pico.dir/C_/Program_Files/Raspberry_Pi/Pico_SDK_v1.5.1/pico-sdk/src/rp2_common/hardware_uart/uart.c.obj
                0x100023e4                uart_set_format
 .text.uart_set_fifo_enabled
                0x10002410       0x10 CMakeFiles/maker_pi_pico.dir/C_/Program_Files/Raspberry_Pi/Pico_SDK_v1.5.1/pico-sdk/src/rp2_common/hardware_uart/uart.c.obj
                0x10002410                uart_set_fifo_enabled
 .text.uart_set_translate_crlf
                0x10002420       0x28 CMakeFiles/maker_pi_pico.dir/C_/Program_Files/Raspberry_Pi/Pico_SDK_v1.5.1/pico-sdk/src/rp2_common/hardware_uart/uart.c.obj
                0x10002420                uart_set_translate_crlf
 .text.uart_init
                0x10002448       0x80 CMakeFiles/maker_pi_pico.dir/C_/Program_Files/Raspberry_Pi/Pico_SDK_v1.5.1/pico-sdk/src/rp2_common/hardware_uart/uart.c.obj
                0x10002448                uart_init
 .text.clock_configure
                0x100024c8      0x108 CMakeFiles/maker_pi_pico.dir/C_/Program_Files/Raspberry_Pi/Pico_SDK_v1.5.1/pico-sdk/src/rp2_common/hardware_clocks/clocks.c.obj
                0x100024c8                clock_configure
 .text.clocks_init
                0x100025d0      0x100 CMakeFiles/maker_pi_pico.dir/C_/Program_Files/Raspberry_Pi/Pico_SDK_v1.5.1/pico-sdk/src/rp2_common/hardware_clocks/clocks.c.obj
                0x100025d0                clocks_init
 .text.clock_get_hz
                0x100026d0        0xc CMakeFiles/maker_pi_pico.dir/C_/Program_Files/Raspberry_Pi/Pico_SDK_v1.5.1/pico-sdk/src/rp2_common/hardware_clocks/clocks.c.obj
                0x100026d0                clock_get_hz
 .text.pll_init
                0x100026dc      0x120 CMakeFiles/maker_pi_pico.dir/C_/Program_Files/Raspberry_Pi/Pico_SDK_v1.5.1/pico-sdk/src/rp2_common/hardware_pll/pll.c.obj
                0x100026dc                pll_init
 .text.watchdog_start_tick
                0x100027fc       0x10 CMakeFiles/maker_pi_pico.dir/C_/Program_Files/Raspberry_Pi/Pico_SDK_v1.5.1/pico-sdk/src/rp2_common/hardware_watchdog/watchdog.c.obj
                0x100027fc                watchdog_start_tick
 .text.watchdog_update
                0x1000280c       0x14 CMakeFiles/maker_pi_pico.dir/C_/Program_Files/Raspberry_Pi/Pico_SDK_v1.5.1/pico-sdk/src/rp2_common/hardware_watchdog/watchdog.c.obj
                0x1000280c                watchdog_update
 .text._watchdog_enable
                0x10002820       0x78 CMakeFiles/maker_pi_pico.dir/C_/Program_Files/Raspberry_Pi/Pico_SDK_v1.5.1/pico-sdk/src/rp2_common/hardware_watchdog/watchdog.c.obj
                0x10002820                _watchdog_enable
 .text.watchdog_reboot
                0x10002898       0x48 CMakeFiles/maker_pi_pico.dir/C_/Program_Files/Raspberry_Pi/Pico_SDK_v1.5.1/pico-sdk/src/rp2_common/hardware_watchdog/watchdog.c.obj
                0x10002898                watchdog_reboot
 .text.xosc_init
                0x100028e0       0x28 CMakeFiles/maker_pi_pico.dir/C_/Program_Files/Raspberry_Pi/Pico_SDK_v1.5.1/pico-sdk/src/rp2_common/hardware_xosc/xosc.c.obj
                0x100028e0                xosc_init
 .text._exit    0x10002908        0x4 CMakeFiles/maker_pi_pico.dir/C_/Program_Files/Raspberry_Pi/Pico_SDK_v1.5.1/pico-sdk/src/rp2_common/pico_runtime/runtime.c.obj
                0x10002908                _exit
 .text.exit     0x1000290c        0x6 CMakeFiles/maker_pi_pico.dir/C_/Program_Files/Raspberry_Pi/Pico_SDK_v1.5.1/pico-sdk/src/rp2_common/pico_runtime/runtime.c.obj
                0x1000290c                exit
 *fill*         0x10002912        0x2 
 .text.__assert_func
                0x10002914       0x3c CMakeFiles/maker_pi_pico.dir/C_/Program_Files/Raspberry_Pi/Pico_SDK_v1.5.1/pico-sdk/src/rp2_common/pico_runtime/runtime.c.obj
                0x10002914                __assert_func
 .text.runtime_init
                0x10002950       0xf8 CMakeFiles/maker_pi_pico.dir/C_/Program_Files/Raspberry_Pi/Pico_SDK_v1.5.1/pico-sdk/src/rp2_common/pico_runtime/runtime.c.obj
                0x10002950                runtime_init
 .text.panic    0x10002a48       0x30 CMakeFiles/maker_pi_pico.dir/C_/Program_Files/Raspberry_Pi/Pico_SDK_v1.5.1/pico-sdk/src/rp2_common/pico_runtime/runtime.c.obj
                0x10002a48                panic
 .text._out_null
                0x10002a78        0x2 CMakeFiles/maker_pi_pico.dir/C_/Program_Files/Raspberry_Pi/Pico_SDK_v1.5.1/pico-sdk/src/rp2_common/pico_printf/printf.c.obj
 .text._out_fct
                0x10002a7a        0xe CMakeFiles/maker_pi_pico.dir/C_/Program_Files/Raspberry_Pi/Pico_SDK_v1.5.1/pico-sdk/src/rp2_common/pico_printf/printf.c.obj
 .text._atoi    0x10002a88       0x24 CMakeFiles/maker_pi_pico.dir/C_/Program_Files/Raspberry_Pi/Pico_SDK_v1.5.1/pico-sdk/src/rp2_common/pico_printf/printf.c.obj
 .text._out_rev
                0x10002aac       0xae CMakeFiles/maker_pi_pico.dir/C_/Program_Files/Raspberry_Pi/Pico_SDK_v1.5.1/pico-sdk/src/rp2_common/pico_printf/printf.c.obj
 .text._ntoa_format
                0x10002b5a      0x112 CMakeFiles/maker_pi_pico.dir/C_/Program_Files/Raspberry_Pi/Pico_SDK_v1.5.1/pico-sdk/src/rp2_common/pico_printf/printf.c.obj
 .text._ntoa_long
                0x10002c6c       0xbc CMakeFiles/maker_pi_pico.dir/C_/Program_Files/Raspberry_Pi/Pico_SDK_v1.5.1/pico-sdk/src/rp2_common/pico_printf/printf.c.obj
 .text._ntoa_long_long
                0x10002d28       0xe2 CMakeFiles/maker_pi_pico.dir/C_/Program_Files/Raspberry_Pi/Pico_SDK_v1.5.1/pico-sdk/src/rp2_common/pico_printf/printf.c.obj
 *fill*         0x10002e0a        0x2 
 .text._etoa    0x10002e0c      0x414 CMakeFiles/maker_pi_pico.dir/C_/Program_Files/Raspberry_Pi/Pico_SDK_v1.5.1/pico-sdk/src/rp2_common/pico_printf/printf.c.obj
 .text._ftoa    0x10003220      0x354 CMakeFiles/maker_pi_pico.dir/C_/Program_Files/Raspberry_Pi/Pico_SDK_v1.5.1/pico-sdk/src/rp2_common/pico_printf/printf.c.obj
 .text._vsnprintf
                0x10003574      0x624 CMakeFiles/maker_pi_pico.dir/C_/Program_Files/Raspberry_Pi/Pico_SDK_v1.5.1/pico-sdk/src/rp2_common/pico_printf/printf.c.obj
 .text.vfctprintf
                0x10003b98       0x20 CMakeFiles/maker_pi_pico.dir/C_/Program_Files/Raspberry_Pi/Pico_SDK_v1.5.1/pico-sdk/src/rp2_common/pico_printf/printf.c.obj
                0x10003b98                vfctprintf
 .text          0x10003bb8       0x10 CMakeFiles/maker_pi_pico.dir/C_/Program_Files/Raspberry_Pi/Pico_SDK_v1.5.1/pico-sdk/src/rp2_common/pico_bit_ops/bit_ops_aeabi.S.obj
 .text.rom_func_lookup
                0x10003bc8       0x10 CMakeFiles/maker_pi_pico.dir/C_/Program_Files/Raspberry_Pi/Pico_SDK_v1.5.1/pico-sdk/src/rp2_common/pico_bootrom/bootrom.c.obj
                0x10003bc8                rom_func_lookup
 .text.rom_data_lookup
                0x10003bd8       0x10 CMakeFiles/maker_pi_pico.dir/C_/Program_Files/Raspberry_Pi/Pico_SDK_v1.5.1/pico-sdk/src/rp2_common/pico_bootrom/bootrom.c.obj
                0x10003bd8                rom_data_lookup
 .text.rom_funcs_lookup
                0x10003be8       0x36 CMakeFiles/maker_pi_pico.dir/C_/Program_Files/Raspberry_Pi/Pico_SDK_v1.5.1/pico-sdk/src/rp2_common/pico_bootrom/bootrom.c.obj
                0x10003be8                rom_funcs_lookup
 *fill*         0x10003c1e        0x2 
 .text.__wrap___aeabi_idiv
                0x10003c20       0x50 CMakeFiles/maker_pi_pico.dir/C_/Program_Files/Raspberry_Pi/Pico_SDK_v1.5.1/pico-sdk/src/rp2_common/pico_divider/divider.S.obj
                0x10003c20                __wrap___aeabi_idivmod
                0x10003c20                divmod_s32s32
                0x10003c20                div_s32s32
                0x10003c20                __wrap___aeabi_idiv
                0x10003c28                divmod_s32s32_unsafe
                0x10003c54                divmod_s32s32_savestate
 .text.__wrap___aeabi_uidiv
                0x10003c70       0x4c CMakeFiles/maker_pi_pico.dir/C_/Program_Files/Raspberry_Pi/Pico_SDK_v1.5.1/pico-sdk/src/rp2_common/pico_divider/divider.S.obj
                0x10003c70                __wrap___aeabi_uidiv
                0x10003c70                __wrap___aeabi_uidivmod
                0x10003c70                div_u32u32
                0x10003c70                divmod_u32u32
                0x10003c78                divmod_u32u32_unsafe
                0x10003ca0                divmod_u32u32_savestate
 .text.__wrap___aeabi_ldiv
                0x10003cbc      0x424 CMakeFiles/maker_pi_pico.dir/C_/Program_Files/Raspberry_Pi/Pico_SDK_v1.5.1/pico-sdk/src/rp2_common/pico_divider/divider.S.obj
                0x10003cbc                div_s64s64
                0x10003cbc                divmod_s64s64
                0x10003cbc                __wrap___aeabi_ldivmod
                0x10003cec                divmod_u64u64
                0x10003cec                div_u64u64
                0x10003cec                __wrap___aeabi_uldivmod
                0x10003cfc                divmod_u64u64_savestate
                0x10003d1c                divmod_s64s64_unsafe
                0x10003da4                divmod_u64u64_unsafe
 .text.__wrap___aeabi_darithmetic
                0x100040e0       0x80 CMakeFiles/maker_pi_pico.dir/C_/Program_Files/Raspberry_Pi/Pico_SDK_v1.5.1/pico-sdk/src/rp2_common/pico_double/double_aeabi.S.obj
                0x100040e0                __wrap___aeabi_drsub
                0x100040e6                __wrap___aeabi_dsub
                0x100040f8                __wrap___aeabi_dadd
                0x1000410a                __wrap___aeabi_ddiv
                0x10004146                __wrap___aeabi_dmul
 .text.__wrap___aeabi_cdcmple
                0x10004160       0x6c CMakeFiles/maker_pi_pico.dir/C_/Program_Files/Raspberry_Pi/Pico_SDK_v1.5.1/pico-sdk/src/rp2_common/pico_double/double_aeabi.S.obj
                0x10004160                __wrap___aeabi_cdrcmple
                0x10004170                __wrap___aeabi_cdcmpeq
                0x10004170                __wrap___aeabi_cdcmple
 .text.__wrap___aeabi_dcmplt
                0x100041cc        0xc CMakeFiles/maker_pi_pico.dir/C_/Program_Files/Raspberry_Pi/Pico_SDK_v1.5.1/pico-sdk/src/rp2_common/pico_double/double_aeabi.S.obj
                0x100041cc                __wrap___aeabi_dcmplt
 .text.__wrap___aeabi_dcmple
                0x100041d8       0x10 CMakeFiles/maker_pi_pico.dir/C_/Program_Files/Raspberry_Pi/Pico_SDK_v1.5.1/pico-sdk/src/rp2_common/pico_double/double_aeabi.S.obj
                0x100041d8                __wrap___aeabi_dcmple
 .text.__wrap___aeabi_dcmpge
                0x100041e8       0x10 CMakeFiles/maker_pi_pico.dir/C_/Program_Files/Raspberry_Pi/Pico_SDK_v1.5.1/pico-sdk/src/rp2_common/pico_double/double_aeabi.S.obj
                0x100041e8                __wrap___aeabi_dcmpge
 .text.__wrap___aeabi_dcmpgt
                0x100041f8        0xa CMakeFiles/maker_pi_pico.dir/C_/Program_Files/Raspberry_Pi/Pico_SDK_v1.5.1/pico-sdk/src/rp2_common/pico_double/double_aeabi.S.obj
                0x100041f8                __wrap___aeabi_dcmpgt
 .text.__wrap___aeabi_dcmpun
                0x10004202       0x1c CMakeFiles/maker_pi_pico.dir/C_/Program_Files/Raspberry_Pi/Pico_SDK_v1.5.1/pico-sdk/src/rp2_common/pico_double/double_aeabi.S.obj
                0x10004202                __wrap___aeabi_dcmpun
 *fill*         0x1000421e        0x2 
 .text.__wrap___aeabi_i2d
                0x10004220       0x38 CMakeFiles/maker_pi_pico.dir/C_/Program_Files/Raspberry_Pi/Pico_SDK_v1.5.1/pico-sdk/src/rp2_common/pico_double/double_aeabi.S.obj
                0x10004220                __wrap___aeabi_ui2d
                0x10004228                __wrap___aeabi_i2d
 .text.__wrap___aeabi_d2iz
                0x10004258       0x48 CMakeFiles/maker_pi_pico.dir/C_/Program_Files/Raspberry_Pi/Pico_SDK_v1.5.1/pico-sdk/src/rp2_common/pico_double/double_aeabi.S.obj
                0x10004258                double2int_z
                0x10004258                __wrap___aeabi_d2iz
 .text.__wrap___aeabi_d2uiz
                0x100042a0       0x18 CMakeFiles/maker_pi_pico.dir/C_/Program_Files/Raspberry_Pi/Pico_SDK_v1.5.1/pico-sdk/src/rp2_common/pico_double/double_aeabi.S.obj
                0x100042a0                __wrap___aeabi_d2uiz
                0x100042a0                double2uint
 .text.__aeabi_double_init
                0x100042b8       0xc8 CMakeFiles/maker_pi_pico.dir/C_/Program_Files/Raspberry_Pi/Pico_SDK_v1.5.1/pico-sdk/src/rp2_common/pico_double/double_init_rom.c.obj
                0x100042b8                __aeabi_double_init
 .text.double_table_shim_on_use_helper
                0x10004380       0x34 CMakeFiles/maker_pi_pico.dir/C_/Program_Files/Raspberry_Pi/Pico_SDK_v1.5.1/pico-sdk/src/rp2_common/pico_double/double_v1_rom_shim.S.obj
                0x10004380                double_table_shim_on_use_helper
 .text.__wrap___aeabi_dsub
                0x100043b4       0x10 CMakeFiles/maker_pi_pico.dir/C_/Program_Files/Raspberry_Pi/Pico_SDK_v1.5.1/pico-sdk/src/rp2_common/pico_double/double_v1_rom_shim.S.obj
                0x100043b4                drsub_shim
                0x100043ba                dsub_shim
 .text.dadd_shim
                0x100043c4      0x15c CMakeFiles/maker_pi_pico.dir/C_/Program_Files/Raspberry_Pi/Pico_SDK_v1.5.1/pico-sdk/src/rp2_common/pico_double/double_v1_rom_shim.S.obj
                0x100043c4                dadd_shim
 .text.dmul_shim
                0x10004520      0x15c CMakeFiles/maker_pi_pico.dir/C_/Program_Files/Raspberry_Pi/Pico_SDK_v1.5.1/pico-sdk/src/rp2_common/pico_double/double_v1_rom_shim.S.obj
                0x10004520                dmul_shim
 .text.ddiv_shim
                0x1000467c      0x1b0 CMakeFiles/maker_pi_pico.dir/C_/Program_Files/Raspberry_Pi/Pico_SDK_v1.5.1/pico-sdk/src/rp2_common/pico_double/double_v1_rom_shim.S.obj
                0x1000467c                ddiv_shim
 .text.double2uint_shim
                0x1000482c        0xe CMakeFiles/maker_pi_pico.dir/C_/Program_Files/Raspberry_Pi/Pico_SDK_v1.5.1/pico-sdk/src/rp2_common/pico_double/double_v1_rom_shim.S.obj
                0x1000482c                double2uint_shim
                0x1000482e                double2ufix_shim
 *fill*         0x1000483a        0x2 
 .text.double2uint64_shim
                0x1000483c       0x70 CMakeFiles/maker_pi_pico.dir/C_/Program_Files/Raspberry_Pi/Pico_SDK_v1.5.1/pico-sdk/src/rp2_common/pico_double/double_v1_rom_shim.S.obj
                0x1000483c                double2uint64_shim
                0x1000483e                double2ufix64_shim
                0x1000485e                d2fix_a
 .text.dunpacks
                0x100048ac       0x3c CMakeFiles/maker_pi_pico.dir/C_/Program_Files/Raspberry_Pi/Pico_SDK_v1.5.1/pico-sdk/src/rp2_common/pico_double/double_v1_rom_shim.S.obj
                0x100048ac                dunpacks
 .text.__aeabi_lmul
                0x100048e8       0x32 CMakeFiles/maker_pi_pico.dir/C_/Program_Files/Raspberry_Pi/Pico_SDK_v1.5.1/pico-sdk/src/rp2_common/pico_int64_ops/pico_int64_ops_aeabi.S.obj
                0x100048e8                __wrap___aeabi_lmul
 *fill*         0x1000491a        0x2 
 .text.__aeabi_float_init
                0x1000491c       0xfc CMakeFiles/maker_pi_pico.dir/C_/Program_Files/Raspberry_Pi/Pico_SDK_v1.5.1/pico-sdk/src/rp2_common/pico_float/float_init_rom.c.obj
                0x1000491c                __aeabi_float_init
 .text.float_table_shim_on_use_helper
                0x10004a18       0x34 CMakeFiles/maker_pi_pico.dir/C_/Program_Files/Raspberry_Pi/Pico_SDK_v1.5.1/pico-sdk/src/rp2_common/pico_float/float_v1_rom_shim.S.obj
                0x10004a18                float_table_shim_on_use_helper
 .text          0x10004a4c       0x10 CMakeFiles/maker_pi_pico.dir/C_/Program_Files/Raspberry_Pi/Pico_SDK_v1.5.1/pico-sdk/src/rp2_common/pico_mem_ops/mem_ops_aeabi.S.obj
                0x10004a4c                __aeabi_mem_init
 .text.memset   0x10004a5c        0xc CMakeFiles/maker_pi_pico.dir/C_/Program_Files/Raspberry_Pi/Pico_SDK_v1.5.1/pico-sdk/src/rp2_common/pico_mem_ops/mem_ops_aeabi.S.obj
                0x10004a5c                __wrap_memset
 .text.memcpy   0x10004a68        0xc CMakeFiles/maker_pi_pico.dir/C_/Program_Files/Raspberry_Pi/Pico_SDK_v1.5.1/pico-sdk/src/rp2_common/pico_mem_ops/mem_ops_aeabi.S.obj
                0x10004a68                __wrap_memcpy
                0x10004a68                __wrap___aeabi_memcpy
 .text.stdio_out_chars_no_crlf
                0x10004a74        0xe CMakeFiles/maker_pi_pico.dir/C_/Program_Files/Raspberry_Pi/Pico_SDK_v1.5.1/pico-sdk/src/rp2_common/pico_stdio/stdio.c.obj
 *fill*         0x10004a82        0x2 
 .text.stdio_out_chars_crlf
                0x10004a84       0x80 CMakeFiles/maker_pi_pico.dir/C_/Program_Files/Raspberry_Pi/Pico_SDK_v1.5.1/pico-sdk/src/rp2_common/pico_stdio/stdio.c.obj
 .text.stdio_stack_buffer_flush
                0x10004b04       0x44 CMakeFiles/maker_pi_pico.dir/C_/Program_Files/Raspberry_Pi/Pico_SDK_v1.5.1/pico-sdk/src/rp2_common/pico_stdio/stdio.c.obj
 .text.stdio_buffered_printer
                0x10004b48       0x20 CMakeFiles/maker_pi_pico.dir/C_/Program_Files/Raspberry_Pi/Pico_SDK_v1.5.1/pico-sdk/src/rp2_common/pico_stdio/stdio.c.obj
 .text.stdout_serialize_begin
                0x10004b68       0x5c CMakeFiles/maker_pi_pico.dir/C_/Program_Files/Raspberry_Pi/Pico_SDK_v1.5.1/pico-sdk/src/rp2_common/pico_stdio/stdio.c.obj
                0x10004b68                stdout_serialize_begin
 .text.stdout_serialize_end
                0x10004bc4       0x10 CMakeFiles/maker_pi_pico.dir/C_/Program_Files/Raspberry_Pi/Pico_SDK_v1.5.1/pico-sdk/src/rp2_common/pico_stdio/stdio.c.obj
                0x10004bc4                stdout_serialize_end
 .text.stdio_put_string
                0x10004bd4       0x98 CMakeFiles/maker_pi_pico.dir/C_/Program_Files/Raspberry_Pi/Pico_SDK_v1.5.1/pico-sdk/src/rp2_common/pico_stdio/stdio.c.obj
 .text.stdio_set_driver_enabled
                0x10004c6c       0x2c CMakeFiles/maker_pi_pico.dir/C_/Program_Files/Raspberry_Pi/Pico_SDK_v1.5.1/pico-sdk/src/rp2_common/pico_stdio/stdio.c.obj
                0x10004c6c                stdio_set_driver_enabled
 .text.stdio_flush
                0x10004c98       0x20 CMakeFiles/maker_pi_pico.dir/C_/Program_Files/Raspberry_Pi/Pico_SDK_v1.5.1/pico-sdk/src/rp2_common/pico_stdio/stdio.c.obj
                0x10004c98                stdio_flush
 .text.__wrap_puts
                0x10004cb8       0x1e CMakeFiles/maker_pi_pico.dir/C_/Program_Files/Raspberry_Pi/Pico_SDK_v1.5.1/pico-sdk/src/rp2_common/pico_stdio/stdio.c.obj
                0x10004cb8                __wrap_puts
 *fill*         0x10004cd6        0x2 
 .text.__wrap_vprintf
                0x10004cd8       0x40 CMakeFiles/maker_pi_pico.dir/C_/Program_Files/Raspberry_Pi/Pico_SDK_v1.5.1/pico-sdk/src/rp2_common/pico_stdio/stdio.c.obj
                0x10004cd8                __wrap_vprintf
 .text.__wrap_printf
                0x10004d18       0x18 CMakeFiles/maker_pi_pico.dir/C_/Program_Files/Raspberry_Pi/Pico_SDK_v1.5.1/pico-sdk/src/rp2_common/pico_stdio/stdio.c.obj
                0x10004d18                __wrap_printf
 .text.stdio_init_all
                0x10004d30        0x8 CMakeFiles/maker_pi_pico.dir/C_/Program_Files/Raspberry_Pi/Pico_SDK_v1.5.1/pico-sdk/src/rp2_common/pico_stdio/stdio.c.obj
                0x10004d30                stdio_init_all
 .text.resetd_init
                0x10004d38        0x2 CMakeFiles/maker_pi_pico.dir/C_/Program_Files/Raspberry_Pi/Pico_SDK_v1.5.1/pico-sdk/src/rp2_common/pico_stdio_usb/reset_interface.c.obj
 *fill*         0x10004d3a        0x2 
 .text.resetd_reset
                0x10004d3c        0xc CMakeFiles/maker_pi_pico.dir/C_/Program_Files/Raspberry_Pi/Pico_SDK_v1.5.1/pico-sdk/src/rp2_common/pico_stdio_usb/reset_interface.c.obj
 .text.resetd_open
                0x10004d48       0x34 CMakeFiles/maker_pi_pico.dir/C_/Program_Files/Raspberry_Pi/Pico_SDK_v1.5.1/pico-sdk/src/rp2_common/pico_stdio_usb/reset_interface.c.obj
 .text.resetd_xfer_cb
                0x10004d7c        0x4 CMakeFiles/maker_pi_pico.dir/C_/Program_Files/Raspberry_Pi/Pico_SDK_v1.5.1/pico-sdk/src/rp2_common/pico_stdio_usb/reset_interface.c.obj
 .text.reset_usb_boot
                0x10004d80       0x18 CMakeFiles/maker_pi_pico.dir/C_/Program_Files/Raspberry_Pi/Pico_SDK_v1.5.1/pico-sdk/src/rp2_common/pico_stdio_usb/reset_interface.c.obj
 .text.resetd_control_xfer_cb
                0x10004d98       0x5c CMakeFiles/maker_pi_pico.dir/C_/Program_Files/Raspberry_Pi/Pico_SDK_v1.5.1/pico-sdk/src/rp2_common/pico_stdio_usb/reset_interface.c.obj
 .text.usbd_app_driver_get_cb
                0x10004df4        0xc CMakeFiles/maker_pi_pico.dir/C_/Program_Files/Raspberry_Pi/Pico_SDK_v1.5.1/pico-sdk/src/rp2_common/pico_stdio_usb/reset_interface.c.obj
                0x10004df4                usbd_app_driver_get_cb
 .text.tud_cdc_line_coding_cb
                0x10004e00       0x28 CMakeFiles/maker_pi_pico.dir/C_/Program_Files/Raspberry_Pi/Pico_SDK_v1.5.1/pico-sdk/src/rp2_common/pico_stdio_usb/reset_interface.c.obj
                0x10004e00                tud_cdc_line_coding_cb
 .text.stdio_usb_set_chars_available_callback
                0x10004e28       0x14 CMakeFiles/maker_pi_pico.dir/C_/Program_Files/Raspberry_Pi/Pico_SDK_v1.5.1/pico-sdk/src/rp2_common/pico_stdio_usb/stdio_usb.c.obj
                0x10004e28                stdio_usb_set_chars_available_callback
 .text.usb_irq  0x10004e3c       0x10 CMakeFiles/maker_pi_pico.dir/C_/Program_Files/Raspberry_Pi/Pico_SDK_v1.5.1/pico-sdk/src/rp2_common/pico_stdio_usb/stdio_usb.c.obj
 .text.timer_task
                0x10004e4c       0x5c CMakeFiles/maker_pi_pico.dir/C_/Program_Files/Raspberry_Pi/Pico_SDK_v1.5.1/pico-sdk/src/rp2_common/pico_stdio_usb/stdio_usb.c.obj
 .text.low_priority_worker_irq
                0x10004ea8       0xdc CMakeFiles/maker_pi_pico.dir/C_/Program_Files/Raspberry_Pi/Pico_SDK_v1.5.1/pico-sdk/src/rp2_common/pico_stdio_usb/stdio_usb.c.obj
 .text.tud_cdc_rx_cb
                0x10004f84       0x20 CMakeFiles/maker_pi_pico.dir/C_/Program_Files/Raspberry_Pi/Pico_SDK_v1.5.1/pico-sdk/src/rp2_common/pico_stdio_usb/stdio_usb.c.obj
                0x10004f84                tud_cdc_rx_cb
 .text.stdio_usb_init
                0x10004fa4      0x11c CMakeFiles/maker_pi_pico.dir/C_/Program_Files/Raspberry_Pi/Pico_SDK_v1.5.1/pico-sdk/src/rp2_common/pico_stdio_usb/stdio_usb.c.obj
                0x10004fa4                stdio_usb_init
 .text.stdio_usb_connected
                0x100050c0        0xa CMakeFiles/maker_pi_pico.dir/C_/Program_Files/Raspberry_Pi/Pico_SDK_v1.5.1/pico-sdk/src/rp2_common/pico_stdio_usb/stdio_usb.c.obj
                0x100050c0                stdio_usb_connected
 *fill*         0x100050ca        0x2 
 .text.stdio_usb_in_chars
                0x100050cc       0xc4 CMakeFiles/maker_pi_pico.dir/C_/Program_Files/Raspberry_Pi/Pico_SDK_v1.5.1/pico-sdk/src/rp2_common/pico_stdio_usb/stdio_usb.c.obj
                0x100050cc                stdio_usb_in_chars
 .text.stdio_usb_out_chars
                0x10005190      0x114 CMakeFiles/maker_pi_pico.dir/C_/Program_Files/Raspberry_Pi/Pico_SDK_v1.5.1/pico-sdk/src/rp2_common/pico_stdio_usb/stdio_usb.c.obj
 .text.tud_descriptor_device_cb
                0x100052a4        0x8 CMakeFiles/maker_pi_pico.dir/C_/Program_Files/Raspberry_Pi/Pico_SDK_v1.5.1/pico-sdk/src/rp2_common/pico_stdio_usb/stdio_usb_descriptors.c.obj
                0x100052a4                tud_descriptor_device_cb
 .text.tud_descriptor_configuration_cb
                0x100052ac        0x8 CMakeFiles/maker_pi_pico.dir/C_/Program_Files/Raspberry_Pi/Pico_SDK_v1.5.1/pico-sdk/src/rp2_common/pico_stdio_usb/stdio_usb_descriptors.c.obj
                0x100052ac                tud_descriptor_configuration_cb
 .text.tud_descriptor_string_cb
                0x100052b4       0x6c CMakeFiles/maker_pi_pico.dir/C_/Program_Files/Raspberry_Pi/Pico_SDK_v1.5.1/pico-sdk/src/rp2_common/pico_stdio_usb/stdio_usb_descriptors.c.obj
                0x100052b4                tud_descriptor_string_cb
 .text._retrieve_unique_id_on_boot
                0x10005320       0x10 CMakeFiles/maker_pi_pico.dir/C_/Program_Files/Raspberry_Pi/Pico_SDK_v1.5.1/pico-sdk/src/rp2_common/pico_unique_id/unique_id.c.obj
 .text.pico_get_unique_board_id_string
                0x10005330       0x60 CMakeFiles/maker_pi_pico.dir/C_/Program_Files/Raspberry_Pi/Pico_SDK_v1.5.1/pico-sdk/src/rp2_common/pico_unique_id/unique_id.c.obj
                0x10005330                pico_get_unique_board_id_string
 .text.flash_get_unique_id
                0x10005390       0x46 CMakeFiles/maker_pi_pico.dir/C_/Program_Files/Raspberry_Pi/Pico_SDK_v1.5.1/pico-sdk/src/rp2_common/hardware_flash/flash.c.obj
                0x10005390                flash_get_unique_id
 *fill*         0x100053d6        0x2 
 .text.hw_endpoint_get_by_addr
                0x100053d8       0x18 CMakeFiles/maker_pi_pico.dir/C_/Program_Files/Raspberry_Pi/Pico_SDK_v1.5.1/pico-sdk/lib/tinyusb/src/portable/raspberrypi/rp2040/dcd_rp2040.c.obj
 .text._hw_endpoint_alloc
                0x100053f0       0x70 CMakeFiles/maker_pi_pico.dir/C_/Program_Files/Raspberry_Pi/Pico_SDK_v1.5.1/pico-sdk/lib/tinyusb/src/portable/raspberrypi/rp2040/dcd_rp2040.c.obj
 .text.hw_endpoint_init
                0x10005460       0x88 CMakeFiles/maker_pi_pico.dir/C_/Program_Files/Raspberry_Pi/Pico_SDK_v1.5.1/pico-sdk/lib/tinyusb/src/portable/raspberrypi/rp2040/dcd_rp2040.c.obj
 .text.hw_endpoint_xfer
                0x100054e8       0x14 CMakeFiles/maker_pi_pico.dir/C_/Program_Files/Raspberry_Pi/Pico_SDK_v1.5.1/pico-sdk/lib/tinyusb/src/portable/raspberrypi/rp2040/dcd_rp2040.c.obj
 .text.dcd_int_enable
                0x100054fc       0x2c CMakeFiles/maker_pi_pico.dir/C_/Program_Files/Raspberry_Pi/Pico_SDK_v1.5.1/pico-sdk/lib/tinyusb/src/portable/raspberrypi/rp2040/dcd_rp2040.c.obj
                0x100054fc                dcd_int_enable
 .text.dcd_set_address
                0x10005528       0x2c CMakeFiles/maker_pi_pico.dir/C_/Program_Files/Raspberry_Pi/Pico_SDK_v1.5.1/pico-sdk/lib/tinyusb/src/portable/raspberrypi/rp2040/dcd_rp2040.c.obj
                0x10005528                dcd_set_address
 .text.dcd_connect
                0x10005554       0x10 CMakeFiles/maker_pi_pico.dir/C_/Program_Files/Raspberry_Pi/Pico_SDK_v1.5.1/pico-sdk/lib/tinyusb/src/portable/raspberrypi/rp2040/dcd_rp2040.c.obj
                0x10005554                dcd_connect
 .text.dcd_init
                0x10005564       0x80 CMakeFiles/maker_pi_pico.dir/C_/Program_Files/Raspberry_Pi/Pico_SDK_v1.5.1/pico-sdk/lib/tinyusb/src/portable/raspberrypi/rp2040/dcd_rp2040.c.obj
                0x10005564                dcd_init
 .text.dcd_edpt0_status_complete
                0x100055e4       0x1c CMakeFiles/maker_pi_pico.dir/C_/Program_Files/Raspberry_Pi/Pico_SDK_v1.5.1/pico-sdk/lib/tinyusb/src/portable/raspberrypi/rp2040/dcd_rp2040.c.obj
                0x100055e4                dcd_edpt0_status_complete
 .text.dcd_edpt_open
                0x10005600       0x40 CMakeFiles/maker_pi_pico.dir/C_/Program_Files/Raspberry_Pi/Pico_SDK_v1.5.1/pico-sdk/lib/tinyusb/src/portable/raspberrypi/rp2040/dcd_rp2040.c.obj
                0x10005600                dcd_edpt_open
 .text.dcd_edpt_close_all
                0x10005640        0x8 CMakeFiles/maker_pi_pico.dir/C_/Program_Files/Raspberry_Pi/Pico_SDK_v1.5.1/pico-sdk/lib/tinyusb/src/portable/raspberrypi/rp2040/dcd_rp2040.c.obj
                0x10005640                dcd_edpt_close_all
 .text.dcd_edpt_xfer
                0x10005648       0x34 CMakeFiles/maker_pi_pico.dir/C_/Program_Files/Raspberry_Pi/Pico_SDK_v1.5.1/pico-sdk/lib/tinyusb/src/portable/raspberrypi/rp2040/dcd_rp2040.c.obj
                0x10005648                dcd_edpt_xfer
 .text.dcd_edpt_stall
                0x1000567c       0x2c CMakeFiles/maker_pi_pico.dir/C_/Program_Files/Raspberry_Pi/Pico_SDK_v1.5.1/pico-sdk/lib/tinyusb/src/portable/raspberrypi/rp2040/dcd_rp2040.c.obj
                0x1000567c                dcd_edpt_stall
 .text.dcd_edpt_clear_stall
                0x100056a8       0x20 CMakeFiles/maker_pi_pico.dir/C_/Program_Files/Raspberry_Pi/Pico_SDK_v1.5.1/pico-sdk/lib/tinyusb/src/portable/raspberrypi/rp2040/dcd_rp2040.c.obj
                0x100056a8                dcd_edpt_clear_stall
 .text.rp2040_usb_init
                0x100056c8       0x4c CMakeFiles/maker_pi_pico.dir/C_/Program_Files/Raspberry_Pi/Pico_SDK_v1.5.1/pico-sdk/lib/tinyusb/src/portable/raspberrypi/rp2040/rp2040_usb.c.obj
                0x100056c8                rp2040_usb_init
 .text.hw_endpoint_xfer_start
                0x10005714       0x50 CMakeFiles/maker_pi_pico.dir/C_/Program_Files/Raspberry_Pi/Pico_SDK_v1.5.1/pico-sdk/lib/tinyusb/src/portable/raspberrypi/rp2040/rp2040_usb.c.obj
                0x10005714                hw_endpoint_xfer_start
 .text.configuration_reset
                0x10005764       0x84 CMakeFiles/maker_pi_pico.dir/C_/Program_Files/Raspberry_Pi/Pico_SDK_v1.5.1/pico-sdk/lib/tinyusb/src/device/usbd.c.obj
 .text.usbd_reset
                0x100057e8        0xc CMakeFiles/maker_pi_pico.dir/C_/Program_Files/Raspberry_Pi/Pico_SDK_v1.5.1/pico-sdk/lib/tinyusb/src/device/usbd.c.obj
 .text.invoke_class_control
                0x100057f4       0x1a CMakeFiles/maker_pi_pico.dir/C_/Program_Files/Raspberry_Pi/Pico_SDK_v1.5.1/pico-sdk/lib/tinyusb/src/device/usbd.c.obj
 *fill*         0x1000580e        0x2 
 .text.process_set_config
                0x10005810      0x178 CMakeFiles/maker_pi_pico.dir/C_/Program_Files/Raspberry_Pi/Pico_SDK_v1.5.1/pico-sdk/lib/tinyusb/src/device/usbd.c.obj
 .text.process_get_descriptor
                0x10005988       0xdc CMakeFiles/maker_pi_pico.dir/C_/Program_Files/Raspberry_Pi/Pico_SDK_v1.5.1/pico-sdk/lib/tinyusb/src/device/usbd.c.obj
 .text.tud_mounted
                0x10005a64       0x10 CMakeFiles/maker_pi_pico.dir/C_/Program_Files/Raspberry_Pi/Pico_SDK_v1.5.1/pico-sdk/lib/tinyusb/src/device/usbd.c.obj
                0x10005a64                tud_mounted
 .text.tud_suspended
                0x10005a74       0x10 CMakeFiles/maker_pi_pico.dir/C_/Program_Files/Raspberry_Pi/Pico_SDK_v1.5.1/pico-sdk/lib/tinyusb/src/device/usbd.c.obj
                0x10005a74                tud_suspended
 .text.tud_inited
                0x10005a84       0x14 CMakeFiles/maker_pi_pico.dir/C_/Program_Files/Raspberry_Pi/Pico_SDK_v1.5.1/pico-sdk/lib/tinyusb/src/device/usbd.c.obj
                0x10005a84                tud_inited
 .text.tud_init
                0x10005a98       0xcc CMakeFiles/maker_pi_pico.dir/C_/Program_Files/Raspberry_Pi/Pico_SDK_v1.5.1/pico-sdk/lib/tinyusb/src/device/usbd.c.obj
                0x10005a98                tud_init
 .text.usbd_defer_func
                0x10005b64       0x2a CMakeFiles/maker_pi_pico.dir/C_/Program_Files/Raspberry_Pi/Pico_SDK_v1.5.1/pico-sdk/lib/tinyusb/src/device/usbd.c.obj
                0x10005b64                usbd_defer_func
 *fill*         0x10005b8e        0x2 
 .text.usbd_edpt_open
                0x10005b90       0x34 CMakeFiles/maker_pi_pico.dir/C_/Program_Files/Raspberry_Pi/Pico_SDK_v1.5.1/pico-sdk/lib/tinyusb/src/device/usbd.c.obj
                0x10005b90                usbd_edpt_open
 .text.usbd_open_edpt_pair
                0x10005bc4       0x62 CMakeFiles/maker_pi_pico.dir/C_/Program_Files/Raspberry_Pi/Pico_SDK_v1.5.1/pico-sdk/lib/tinyusb/src/device/usbd.c.obj
                0x10005bc4                usbd_open_edpt_pair
 *fill*         0x10005c26        0x2 
 .text.usbd_edpt_claim
                0x10005c28       0x28 CMakeFiles/maker_pi_pico.dir/C_/Program_Files/Raspberry_Pi/Pico_SDK_v1.5.1/pico-sdk/lib/tinyusb/src/device/usbd.c.obj
                0x10005c28                usbd_edpt_claim
 .text.usbd_edpt_release
                0x10005c50       0x28 CMakeFiles/maker_pi_pico.dir/C_/Program_Files/Raspberry_Pi/Pico_SDK_v1.5.1/pico-sdk/lib/tinyusb/src/device/usbd.c.obj
                0x10005c50                usbd_edpt_release
 .text.usbd_edpt_xfer
                0x10005c78       0x78 CMakeFiles/maker_pi_pico.dir/C_/Program_Files/Raspberry_Pi/Pico_SDK_v1.5.1/pico-sdk/lib/tinyusb/src/device/usbd.c.obj
                0x10005c78                usbd_edpt_xfer
 .text.usbd_edpt_stall
                0x10005cf0       0x48 CMakeFiles/maker_pi_pico.dir/C_/Program_Files/Raspberry_Pi/Pico_SDK_v1.5.1/pico-sdk/lib/tinyusb/src/device/usbd.c.obj
                0x10005cf0                usbd_edpt_stall
 .text.usbd_edpt_clear_stall
                0x10005d38       0x48 CMakeFiles/maker_pi_pico.dir/C_/Program_Files/Raspberry_Pi/Pico_SDK_v1.5.1/pico-sdk/lib/tinyusb/src/device/usbd.c.obj
                0x10005d38                usbd_edpt_clear_stall
 .text.usbd_edpt_stalled
                0x10005d80       0x1c CMakeFiles/maker_pi_pico.dir/C_/Program_Files/Raspberry_Pi/Pico_SDK_v1.5.1/pico-sdk/lib/tinyusb/src/device/usbd.c.obj
                0x10005d80                usbd_edpt_stalled
 .text.process_control_request
                0x10005d9c      0x37c CMakeFiles/maker_pi_pico.dir/C_/Program_Files/Raspberry_Pi/Pico_SDK_v1.5.1/pico-sdk/lib/tinyusb/src/device/usbd.c.obj
 .text.tud_task_ext
                0x10006118      0x1b8 CMakeFiles/maker_pi_pico.dir/C_/Program_Files/Raspberry_Pi/Pico_SDK_v1.5.1/pico-sdk/lib/tinyusb/src/device/usbd.c.obj
                0x10006118                tud_task_ext
 .text._data_stage_xact
                0x100062d0       0x58 CMakeFiles/maker_pi_pico.dir/C_/Program_Files/Raspberry_Pi/Pico_SDK_v1.5.1/pico-sdk/lib/tinyusb/src/device/usbd_control.c.obj
 .text.tud_control_status
                0x10006328       0x38 CMakeFiles/maker_pi_pico.dir/C_/Program_Files/Raspberry_Pi/Pico_SDK_v1.5.1/pico-sdk/lib/tinyusb/src/device/usbd_control.c.obj
                0x10006328                tud_control_status
 .text.tud_control_xfer
                0x10006360       0x74 CMakeFiles/maker_pi_pico.dir/C_/Program_Files/Raspberry_Pi/Pico_SDK_v1.5.1/pico-sdk/lib/tinyusb/src/device/usbd_control.c.obj
                0x10006360                tud_control_xfer
 .text.usbd_control_reset
                0x100063d4       0x14 CMakeFiles/maker_pi_pico.dir/C_/Program_Files/Raspberry_Pi/Pico_SDK_v1.5.1/pico-sdk/lib/tinyusb/src/device/usbd_control.c.obj
                0x100063d4                usbd_control_reset
 .text.usbd_control_set_complete_callback
                0x100063e8        0xc CMakeFiles/maker_pi_pico.dir/C_/Program_Files/Raspberry_Pi/Pico_SDK_v1.5.1/pico-sdk/lib/tinyusb/src/device/usbd_control.c.obj
                0x100063e8                usbd_control_set_complete_callback
 .text.usbd_control_set_request
                0x100063f4       0x1c CMakeFiles/maker_pi_pico.dir/C_/Program_Files/Raspberry_Pi/Pico_SDK_v1.5.1/pico-sdk/lib/tinyusb/src/device/usbd_control.c.obj
                0x100063f4                usbd_control_set_request
 .text.usbd_control_xfer_cb
                0x10006410       0xcc CMakeFiles/maker_pi_pico.dir/C_/Program_Files/Raspberry_Pi/Pico_SDK_v1.5.1/pico-sdk/lib/tinyusb/src/device/usbd_control.c.obj
                0x10006410                usbd_control_xfer_cb
 .text._prep_out_transaction
                0x100064dc       0x4a CMakeFiles/maker_pi_pico.dir/C_/Program_Files/Raspberry_Pi/Pico_SDK_v1.5.1/pico-sdk/lib/tinyusb/src/class/cdc/cdc_device.c.obj
 *fill*         0x10006526        0x2 
 .text.tud_cdc_n_connected
                0x10006528       0x44 CMakeFiles/maker_pi_pico.dir/C_/Program_Files/Raspberry_Pi/Pico_SDK_v1.5.1/pico-sdk/lib/tinyusb/src/class/cdc/cdc_device.c.obj
                0x10006528                tud_cdc_n_connected
 .text.tud_cdc_n_available
                0x1000656c       0x18 CMakeFiles/maker_pi_pico.dir/C_/Program_Files/Raspberry_Pi/Pico_SDK_v1.5.1/pico-sdk/lib/tinyusb/src/class/cdc/cdc_device.c.obj
                0x1000656c                tud_cdc_n_available
 .text.tud_cdc_n_read
                0x10006584       0x28 CMakeFiles/maker_pi_pico.dir/C_/Program_Files/Raspberry_Pi/Pico_SDK_v1.5.1/pico-sdk/lib/tinyusb/src/class/cdc/cdc_device.c.obj
                0x10006584                tud_cdc_n_read
 .text.tud_cdc_n_write_flush
                0x100065ac       0xb8 CMakeFiles/maker_pi_pico.dir/C_/Program_Files/Raspberry_Pi/Pico_SDK_v1.5.1/pico-sdk/lib/tinyusb/src/class/cdc/cdc_device.c.obj
                0x100065ac                tud_cdc_n_write_flush
 .text.tud_cdc_n_write
                0x10006664       0x38 CMakeFiles/maker_pi_pico.dir/C_/Program_Files/Raspberry_Pi/Pico_SDK_v1.5.1/pico-sdk/lib/tinyusb/src/class/cdc/cdc_device.c.obj
                0x10006664                tud_cdc_n_write
 .text.tud_cdc_n_write_available
                0x1000669c       0x1c CMakeFiles/maker_pi_pico.dir/C_/Program_Files/Raspberry_Pi/Pico_SDK_v1.5.1/pico-sdk/lib/tinyusb/src/class/cdc/cdc_device.c.obj
                0x1000669c                tud_cdc_n_write_available
 .text.cdcd_init
                0x100066b8       0xbc CMakeFiles/maker_pi_pico.dir/C_/Program_Files/Raspberry_Pi/Pico_SDK_v1.5.1/pico-sdk/lib/tinyusb/src/class/cdc/cdc_device.c.obj
                0x100066b8                cdcd_init
 .text.cdcd_reset
                0x10006774       0x44 CMakeFiles/maker_pi_pico.dir/C_/Program_Files/Raspberry_Pi/Pico_SDK_v1.5.1/pico-sdk/lib/tinyusb/src/class/cdc/cdc_device.c.obj
                0x10006774                cdcd_reset
 .text.cdcd_open
                0x100067b8       0xcc CMakeFiles/maker_pi_pico.dir/C_/Program_Files/Raspberry_Pi/Pico_SDK_v1.5.1/pico-sdk/lib/tinyusb/src/class/cdc/cdc_device.c.obj
                0x100067b8                cdcd_open
 .text.cdcd_control_xfer_cb
                0x10006884      0x134 CMakeFiles/maker_pi_pico.dir/C_/Program_Files/Raspberry_Pi/Pico_SDK_v1.5.1/pico-sdk/lib/tinyusb/src/class/cdc/cdc_device.c.obj
                0x10006884                cdcd_control_xfer_cb
 .text.cdcd_xfer_cb
                0x100069b8      0x130 CMakeFiles/maker_pi_pico.dir/C_/Program_Files/Raspberry_Pi/Pico_SDK_v1.5.1/pico-sdk/lib/tinyusb/src/class/cdc/cdc_device.c.obj
                0x100069b8                cdcd_xfer_cb
 .text.tusb_init
                0x10006ae8        0xa CMakeFiles/maker_pi_pico.dir/C_/Program_Files/Raspberry_Pi/Pico_SDK_v1.5.1/pico-sdk/lib/tinyusb/src/tusb.c.obj
                0x10006ae8                tusb_init
 .text.tusb_inited
                0x10006af2        0xe CMakeFiles/maker_pi_pico.dir/C_/Program_Files/Raspberry_Pi/Pico_SDK_v1.5.1/pico-sdk/lib/tinyusb/src/tusb.c.obj
                0x10006af2                tusb_inited
 .text.tu_edpt_claim
                0x10006b00       0x50 CMakeFiles/maker_pi_pico.dir/C_/Program_Files/Raspberry_Pi/Pico_SDK_v1.5.1/pico-sdk/lib/tinyusb/src/tusb.c.obj
                0x10006b00                tu_edpt_claim
 .text.tu_edpt_release
                0x10006b50       0x3c CMakeFiles/maker_pi_pico.dir/C_/Program_Files/Raspberry_Pi/Pico_SDK_v1.5.1/pico-sdk/lib/tinyusb/src/tusb.c.obj
                0x10006b50                tu_edpt_release
 .text.tu_edpt_validate
                0x10006b8c       0x78 CMakeFiles/maker_pi_pico.dir/C_/Program_Files/Raspberry_Pi/Pico_SDK_v1.5.1/pico-sdk/lib/tinyusb/src/tusb.c.obj
                0x10006b8c                tu_edpt_validate
 .text.tu_edpt_bind_driver
                0x10006c04       0x26 CMakeFiles/maker_pi_pico.dir/C_/Program_Files/Raspberry_Pi/Pico_SDK_v1.5.1/pico-sdk/lib/tinyusb/src/tusb.c.obj
                0x10006c04                tu_edpt_bind_driver
 .text.advance_index
                0x10006c2a       0x1a CMakeFiles/maker_pi_pico.dir/C_/Program_Files/Raspberry_Pi/Pico_SDK_v1.5.1/pico-sdk/lib/tinyusb/src/common/tusb_fifo.c.obj
 .text._tu_fifo_peek
                0x10006c44       0x56 CMakeFiles/maker_pi_pico.dir/C_/Program_Files/Raspberry_Pi/Pico_SDK_v1.5.1/pico-sdk/lib/tinyusb/src/common/tusb_fifo.c.obj
 .text._ff_pull_const_addr
                0x10006c9a       0x4c CMakeFiles/maker_pi_pico.dir/C_/Program_Files/Raspberry_Pi/Pico_SDK_v1.5.1/pico-sdk/lib/tinyusb/src/common/tusb_fifo.c.obj
 .text._ff_pull_n
                0x10006ce6      0x110 CMakeFiles/maker_pi_pico.dir/C_/Program_Files/Raspberry_Pi/Pico_SDK_v1.5.1/pico-sdk/lib/tinyusb/src/common/tusb_fifo.c.obj
 .text._tu_fifo_peek_n
                0x10006df6       0x6a CMakeFiles/maker_pi_pico.dir/C_/Program_Files/Raspberry_Pi/Pico_SDK_v1.5.1/pico-sdk/lib/tinyusb/src/common/tusb_fifo.c.obj
 .text._tu_fifo_read_n
                0x10006e60       0x4e CMakeFiles/maker_pi_pico.dir/C_/Program_Files/Raspberry_Pi/Pico_SDK_v1.5.1/pico-sdk/lib/tinyusb/src/common/tusb_fifo.c.obj
 .text._ff_push_const_addr
                0x10006eae       0x40 CMakeFiles/maker_pi_pico.dir/C_/Program_Files/Raspberry_Pi/Pico_SDK_v1.5.1/pico-sdk/lib/tinyusb/src/common/tusb_fifo.c.obj
 .text._ff_push_n
                0x10006eee      0x10c CMakeFiles/maker_pi_pico.dir/C_/Program_Files/Raspberry_Pi/Pico_SDK_v1.5.1/pico-sdk/lib/tinyusb/src/common/tusb_fifo.c.obj
 .text._tu_fifo_write_n
                0x10006ffa       0xf0 CMakeFiles/maker_pi_pico.dir/C_/Program_Files/Raspberry_Pi/Pico_SDK_v1.5.1/pico-sdk/lib/tinyusb/src/common/tusb_fifo.c.obj
 .text.tu_fifo_config
                0x100070ea       0x7c CMakeFiles/maker_pi_pico.dir/C_/Program_Files/Raspberry_Pi/Pico_SDK_v1.5.1/pico-sdk/lib/tinyusb/src/common/tusb_fifo.c.obj
                0x100070ea                tu_fifo_config
 .text.tu_fifo_count
                0x10007166       0x2a CMakeFiles/maker_pi_pico.dir/C_/Program_Files/Raspberry_Pi/Pico_SDK_v1.5.1/pico-sdk/lib/tinyusb/src/common/tusb_fifo.c.obj
                0x10007166                tu_fifo_count
 .text.tu_fifo_empty
                0x10007190       0x10 CMakeFiles/maker_pi_pico.dir/C_/Program_Files/Raspberry_Pi/Pico_SDK_v1.5.1/pico-sdk/lib/tinyusb/src/common/tusb_fifo.c.obj
                0x10007190                tu_fifo_empty
 .text.tu_fifo_full
                0x100071a0       0x28 CMakeFiles/maker_pi_pico.dir/C_/Program_Files/Raspberry_Pi/Pico_SDK_v1.5.1/pico-sdk/lib/tinyusb/src/common/tusb_fifo.c.obj
                0x100071a0                tu_fifo_full
 .text.tu_fifo_remaining
                0x100071c8       0x2c CMakeFiles/maker_pi_pico.dir/C_/Program_Files/Raspberry_Pi/Pico_SDK_v1.5.1/pico-sdk/lib/tinyusb/src/common/tusb_fifo.c.obj
                0x100071c8                tu_fifo_remaining
 .text.tu_fifo_read
                0x100071f4       0x42 CMakeFiles/maker_pi_pico.dir/C_/Program_Files/Raspberry_Pi/Pico_SDK_v1.5.1/pico-sdk/lib/tinyusb/src/common/tusb_fifo.c.obj
                0x100071f4                tu_fifo_read
 .text.tu_fifo_read_n
                0x10007236        0xa CMakeFiles/maker_pi_pico.dir/C_/Program_Files/Raspberry_Pi/Pico_SDK_v1.5.1/pico-sdk/lib/tinyusb/src/common/tusb_fifo.c.obj
                0x10007236                tu_fifo_read_n
 .text.tu_fifo_write
                0x10007240       0x64 CMakeFiles/maker_pi_pico.dir/C_/Program_Files/Raspberry_Pi/Pico_SDK_v1.5.1/pico-sdk/lib/tinyusb/src/common/tusb_fifo.c.obj
                0x10007240                tu_fifo_write
 .text.tu_fifo_write_n
                0x100072a4        0xa CMakeFiles/maker_pi_pico.dir/C_/Program_Files/Raspberry_Pi/Pico_SDK_v1.5.1/pico-sdk/lib/tinyusb/src/common/tusb_fifo.c.obj
                0x100072a4                tu_fifo_write_n
 .text.tu_fifo_clear
                0x100072ae       0x3e CMakeFiles/maker_pi_pico.dir/C_/Program_Files/Raspberry_Pi/Pico_SDK_v1.5.1/pico-sdk/lib/tinyusb/src/common/tusb_fifo.c.obj
                0x100072ae                tu_fifo_clear
 .text.tu_fifo_set_overwritable
                0x100072ec       0x46 CMakeFiles/maker_pi_pico.dir/C_/Program_Files/Raspberry_Pi/Pico_SDK_v1.5.1/pico-sdk/lib/tinyusb/src/common/tusb_fifo.c.obj
                0x100072ec                tu_fifo_set_overwritable
 *fill*         0x10007332        0x2 
 .text          0x10007334       0x88 c:/progra~1/raspbe~1/picosd~1.1/gcc-ar~1/bin/../lib/gcc/arm-none-eabi/10.3.1/../../../../arm-none-eabi/lib/thumb/v6-m/nofp\libg.a(lib_a-strcmp.o)
                0x10007334                strcmp
 .text.strlen   0x100073bc       0x5c c:/progra~1/raspbe~1/picosd~1.1/gcc-ar~1/bin/../lib/gcc/arm-none-eabi/10.3.1/../../../../arm-none-eabi/lib/thumb/v6-m/nofp\libg.a(lib_a-strlen-stub.o)
                0x100073bc                strlen
 .text.strncpy  0x10007418       0x6c c:/progra~1/raspbe~1/picosd~1.1/gcc-ar~1/bin/../lib/gcc/arm-none-eabi/10.3.1/../../../../arm-none-eabi/lib/thumb/v6-m/nofp\libg.a(lib_a-strncpy.o)
                0x10007418                strncpy
 *(.fini)
 .fini          0x10007484        0x4 c:/progra~1/raspbe~1/picosd~1.1/gcc-ar~1/bin/../lib/gcc/arm-none-eabi/10.3.1/thumb/v6-m/nofp/crti.o
                0x10007484                _fini
 .fini.__stub   0x10007488       0xe0 linker stubs
 *crtbegin.o(.ctors)
 *crtbegin?.o(.ctors)
 *(EXCLUDE_FILE(*crtend.o *crtend?.o) .ctors)
 *(SORT_BY_NAME(.ctors.*))
 *(.ctors)
 *crtbegin.o(.dtors)
 *crtbegin?.o(.dtors)
 *(EXCLUDE_FILE(*crtend.o *crtend?.o) .dtors)
 *(SORT_BY_NAME(.dtors.*))
 *(.dtors)
 *(.eh_frame*)
 .eh_frame      0x10007568        0x0 c:/progra~1/raspbe~1/picosd~1.1/gcc-ar~1/bin/../lib/gcc/arm-none-eabi/10.3.1/thumb/v6-m/nofp/crtbegin.o
                0x10007568                . = ALIGN (0x4)

.glue_7         0x10007568        0x0
 .glue_7        0x10007568        0x0 linker stubs

.glue_7t        0x10007568        0x0
 .glue_7t       0x10007568        0x0 linker stubs

.vfp11_veneer   0x10007568        0x0
 .vfp11_veneer  0x10007568        0x0 linker stubs

.v4_bx          0x10007568        0x0
 .v4_bx         0x10007568        0x0 linker stubs

.iplt           0x10007568        0x0
 .iplt          0x10007568        0x0 c:/progra~1/raspbe~1/picosd~1.1/gcc-ar~1/bin/../lib/gcc/arm-none-eabi/10.3.1/thumb/v6-m/nofp/crtbegin.o

.rodata         0x10007568     0x1a3c
 *(EXCLUDE_FILE(*libm.a: *libc.a:*lib_a-mem*.o *libgcc.a:) .rodata*)
 .rodata.send_command_and_wait.str1.4
                0x10007568       0xfa CMakeFiles/maker_pi_pico.dir/src/maker_pi_pico.c.obj
 *fill*         0x10007662        0x2 
 .rodata.execute_sequence.str1.4
                0x10007664      0x106 CMakeFiles/maker_pi_pico.dir/src/maker_pi_pico.c.obj
                                0x10a (size before relaxing)
 *fill*         0x1000776a        0x2 
 .rodata.main.str1.4
                0x1000776c      0x154 CMakeFiles/maker_pi_pico.dir/src/maker_pi_pico.c.obj
 .rodata.__func__.0
                0x100078c0       0x15 CMakeFiles/maker_pi_pico.dir/src/maker_pi_pico.c.obj
 *fill*         0x100078d5        0x3 
 .rodata.spin_lock_claim_unused.str1.4
                0x100078d8       0x1b CMakeFiles/maker_pi_pico.dir/C_/Program_Files/Raspberry_Pi/Pico_SDK_v1.5.1/pico-sdk/src/rp2_common/hardware_sync/sync.c.obj
 *fill*         0x100078f3        0x1 
 .rodata.make_branch.str1.4
                0x100078f4       0x89 CMakeFiles/maker_pi_pico.dir/C_/Program_Files/Raspberry_Pi/Pico_SDK_v1.5.1/pico-sdk/src/rp2_common/hardware_irq/irq.c.obj
 *fill*         0x1000797d        0x3 
 .rodata.insert_branch_and_link.str1.4
                0x10007980       0x10 CMakeFiles/maker_pi_pico.dir/C_/Program_Files/Raspberry_Pi/Pico_SDK_v1.5.1/pico-sdk/src/rp2_common/hardware_irq/irq.c.obj
 .rodata.irq_set_exclusive_handler.str1.4
                0x10007990       0x36 CMakeFiles/maker_pi_pico.dir/C_/Program_Files/Raspberry_Pi/Pico_SDK_v1.5.1/pico-sdk/src/rp2_common/hardware_irq/irq.c.obj
 *fill*         0x100079c6        0x2 
 .rodata.irq_add_shared_handler.str1.4
                0x100079c8       0xd9 CMakeFiles/maker_pi_pico.dir/C_/Program_Files/Raspberry_Pi/Pico_SDK_v1.5.1/pico-sdk/src/rp2_common/hardware_irq/irq.c.obj
 *fill*         0x10007aa1        0x3 
 .rodata.irq_remove_handler.str1.4
                0x10007aa4       0x3a CMakeFiles/maker_pi_pico.dir/C_/Program_Files/Raspberry_Pi/Pico_SDK_v1.5.1/pico-sdk/src/rp2_common/hardware_irq/irq.c.obj
 *fill*         0x10007ade        0x2 
 .rodata.irq_add_tail_to_free_list.str1.4
                0x10007ae0       0x3a CMakeFiles/maker_pi_pico.dir/C_/Program_Files/Raspberry_Pi/Pico_SDK_v1.5.1/pico-sdk/src/rp2_common/hardware_irq/irq.c.obj
 *fill*         0x10007b1a        0x2 
 .rodata.user_irq_claim_unused.str1.4
                0x10007b1c       0x1b CMakeFiles/maker_pi_pico.dir/C_/Program_Files/Raspberry_Pi/Pico_SDK_v1.5.1/pico-sdk/src/rp2_common/hardware_irq/irq.c.obj
 *fill*         0x10007b37        0x1 
 .rodata.__func__.0
                0x10007b38       0x1a CMakeFiles/maker_pi_pico.dir/C_/Program_Files/Raspberry_Pi/Pico_SDK_v1.5.1/pico-sdk/src/rp2_common/hardware_irq/irq.c.obj
 *fill*         0x10007b52        0x2 
 .rodata.__func__.1
                0x10007b54       0x17 CMakeFiles/maker_pi_pico.dir/C_/Program_Files/Raspberry_Pi/Pico_SDK_v1.5.1/pico-sdk/src/rp2_common/hardware_irq/irq.c.obj
 *fill*         0x10007b6b        0x1 
 .rodata.__func__.2
                0x10007b6c       0x13 CMakeFiles/maker_pi_pico.dir/C_/Program_Files/Raspberry_Pi/Pico_SDK_v1.5.1/pico-sdk/src/rp2_common/hardware_irq/irq.c.obj
 *fill*         0x10007b7f        0x1 
 .rodata.__func__.3
                0x10007b80        0xc CMakeFiles/maker_pi_pico.dir/C_/Program_Files/Raspberry_Pi/Pico_SDK_v1.5.1/pico-sdk/src/rp2_common/hardware_irq/irq.c.obj
 .rodata.__func__.4
                0x10007b8c        0xf CMakeFiles/maker_pi_pico.dir/C_/Program_Files/Raspberry_Pi/Pico_SDK_v1.5.1/pico-sdk/src/rp2_common/hardware_irq/irq.c.obj
 *fill*         0x10007b9b        0x1 
 .rodata.__func__.5
                0x10007b9c       0x17 CMakeFiles/maker_pi_pico.dir/C_/Program_Files/Raspberry_Pi/Pico_SDK_v1.5.1/pico-sdk/src/rp2_common/hardware_irq/irq.c.obj
 *fill*         0x10007bb3        0x1 
 .rodata.__func__.6
                0x10007bb4       0x1a CMakeFiles/maker_pi_pico.dir/C_/Program_Files/Raspberry_Pi/Pico_SDK_v1.5.1/pico-sdk/src/rp2_common/hardware_irq/irq.c.obj
 *fill*         0x10007bce        0x2 
 .rodata.str1.4
                0x10007bd0       0xa5 CMakeFiles/maker_pi_pico.dir/C_/Program_Files/Raspberry_Pi/Pico_SDK_v1.5.1/pico-sdk/src/common/pico_sync/mutex.c.obj
                                0x125 (size before relaxing)
 *fill*         0x10007c75        0x3 
 .rodata.__func__.1
                0x10007c78        0xb CMakeFiles/maker_pi_pico.dir/C_/Program_Files/Raspberry_Pi/Pico_SDK_v1.5.1/pico-sdk/src/common/pico_sync/mutex.c.obj
 *fill*         0x10007c83        0x1 
 .rodata.__func__.3
                0x10007c84       0x18 CMakeFiles/maker_pi_pico.dir/C_/Program_Files/Raspberry_Pi/Pico_SDK_v1.5.1/pico-sdk/src/common/pico_sync/mutex.c.obj
 .rodata.__func__.4
                0x10007c9c       0x15 CMakeFiles/maker_pi_pico.dir/C_/Program_Files/Raspberry_Pi/Pico_SDK_v1.5.1/pico-sdk/src/common/pico_sync/mutex.c.obj
 *fill*         0x10007cb1        0x3 
 .rodata.repeating_timer_callback.str1.4
                0x10007cb4       0x67 CMakeFiles/maker_pi_pico.dir/C_/Program_Files/Raspberry_Pi/Pico_SDK_v1.5.1/pico-sdk/src/common/pico_time/time.c.obj
 *fill*         0x10007d1b        0x1 
 .rodata.timer_pool_entry_comparator.str1.4
                0x10007d1c       0x22 CMakeFiles/maker_pi_pico.dir/C_/Program_Files/Raspberry_Pi/Pico_SDK_v1.5.1/pico-sdk/src/common/pico_time/time.c.obj
 *fill*         0x10007d3e        0x2 
 .rodata.ph_add_child_node.str1.4
                0x10007d40       0xb2 CMakeFiles/maker_pi_pico.dir/C_/Program_Files/Raspberry_Pi/Pico_SDK_v1.5.1/pico-sdk/src/common/pico_time/time.c.obj
 *fill*         0x10007df2        0x2 
 .rodata.add_alarm_under_lock.str1.4
                0x10007df4       0x28 CMakeFiles/maker_pi_pico.dir/C_/Program_Files/Raspberry_Pi/Pico_SDK_v1.5.1/pico-sdk/src/common/pico_time/time.c.obj
                                 0x2b (size before relaxing)
 .rodata.alarm_pool_alarm_callback.str1.4
                0x10007e1c       0x98 CMakeFiles/maker_pi_pico.dir/C_/Program_Files/Raspberry_Pi/Pico_SDK_v1.5.1/pico-sdk/src/common/pico_time/time.c.obj
                                0x118 (size before relaxing)
 .rodata.alarm_pool_get_default.str1.4
                0x10007eb4       0x21 CMakeFiles/maker_pi_pico.dir/C_/Program_Files/Raspberry_Pi/Pico_SDK_v1.5.1/pico-sdk/src/common/pico_time/time.c.obj
 *fill*         0x10007ed5        0x3 
 .rodata.alarm_pool_cancel_alarm.str1.4
                0x10007ed8       0x27 CMakeFiles/maker_pi_pico.dir/C_/Program_Files/Raspberry_Pi/Pico_SDK_v1.5.1/pico-sdk/src/common/pico_time/time.c.obj
 *fill*         0x10007eff        0x1 
 .rodata.sleep_until.str1.4
                0x10007f00       0x4d CMakeFiles/maker_pi_pico.dir/C_/Program_Files/Raspberry_Pi/Pico_SDK_v1.5.1/pico-sdk/src/common/pico_time/time.c.obj
 *fill*         0x10007f4d        0x3 
 .rodata.__func__.1
                0x10007f50       0x18 CMakeFiles/maker_pi_pico.dir/C_/Program_Files/Raspberry_Pi/Pico_SDK_v1.5.1/pico-sdk/src/common/pico_time/time.c.obj
 .rodata.__func__.10
                0x10007f68       0x15 CMakeFiles/maker_pi_pico.dir/C_/Program_Files/Raspberry_Pi/Pico_SDK_v1.5.1/pico-sdk/src/common/pico_time/time.c.obj
 *fill*         0x10007f7d        0x3 
 .rodata.__func__.11
                0x10007f80       0x1a CMakeFiles/maker_pi_pico.dir/C_/Program_Files/Raspberry_Pi/Pico_SDK_v1.5.1/pico-sdk/src/common/pico_time/time.c.obj
 *fill*         0x10007f9a        0x2 
 .rodata.__func__.12
                0x10007f9c        0xa CMakeFiles/maker_pi_pico.dir/C_/Program_Files/Raspberry_Pi/Pico_SDK_v1.5.1/pico-sdk/src/common/pico_time/time.c.obj
 *fill*         0x10007fa6        0x2 
 .rodata.__func__.3
                0x10007fa8       0x17 CMakeFiles/maker_pi_pico.dir/C_/Program_Files/Raspberry_Pi/Pico_SDK_v1.5.1/pico-sdk/src/common/pico_time/time.c.obj
 *fill*         0x10007fbf        0x1 
 .rodata.__func__.4
                0x10007fc0       0x12 CMakeFiles/maker_pi_pico.dir/C_/Program_Files/Raspberry_Pi/Pico_SDK_v1.5.1/pico-sdk/src/common/pico_time/time.c.obj
 *fill*         0x10007fd2        0x2 
 .rodata.__func__.5
                0x10007fd4        0xd CMakeFiles/maker_pi_pico.dir/C_/Program_Files/Raspberry_Pi/Pico_SDK_v1.5.1/pico-sdk/src/common/pico_time/time.c.obj
 *fill*         0x10007fe1        0x3 
 .rodata.__func__.6
                0x10007fe4       0x12 CMakeFiles/maker_pi_pico.dir/C_/Program_Files/Raspberry_Pi/Pico_SDK_v1.5.1/pico-sdk/src/common/pico_time/time.c.obj
 *fill*         0x10007ff6        0x2 
 .rodata.__func__.7
                0x10007ff8        0xf CMakeFiles/maker_pi_pico.dir/C_/Program_Files/Raspberry_Pi/Pico_SDK_v1.5.1/pico-sdk/src/common/pico_time/time.c.obj
 *fill*         0x10008007        0x1 
 .rodata.__func__.8
                0x10008008        0xc CMakeFiles/maker_pi_pico.dir/C_/Program_Files/Raspberry_Pi/Pico_SDK_v1.5.1/pico-sdk/src/common/pico_time/time.c.obj
 .rodata.__func__.9
                0x10008014       0x15 CMakeFiles/maker_pi_pico.dir/C_/Program_Files/Raspberry_Pi/Pico_SDK_v1.5.1/pico-sdk/src/common/pico_time/time.c.obj
 *fill*         0x10008029        0x3 
 .rodata.hardware_alarm_claim.str1.4
                0x1000802c       0x22 CMakeFiles/maker_pi_pico.dir/C_/Program_Files/Raspberry_Pi/Pico_SDK_v1.5.1/pico-sdk/src/rp2_common/hardware_timer/timer.c.obj
 .rodata.busy_wait_us.str1.4
                0x1000804e       0x7d CMakeFiles/maker_pi_pico.dir/C_/Program_Files/Raspberry_Pi/Pico_SDK_v1.5.1/pico-sdk/src/rp2_common/hardware_timer/timer.c.obj
 *fill*         0x1000804e        0x2 
 .rodata.hardware_alarm_set_target.str1.4
                0x10008050       0x81 CMakeFiles/maker_pi_pico.dir/C_/Program_Files/Raspberry_Pi/Pico_SDK_v1.5.1/pico-sdk/src/rp2_common/hardware_timer/timer.c.obj
 *fill*         0x100080d1        0x3 
 .rodata.__func__.0
                0x100080d4       0x1a CMakeFiles/maker_pi_pico.dir/C_/Program_Files/Raspberry_Pi/Pico_SDK_v1.5.1/pico-sdk/src/rp2_common/hardware_timer/timer.c.obj
 *fill*         0x100080ee        0x2 
 .rodata.__func__.1
                0x100080f0       0x15 CMakeFiles/maker_pi_pico.dir/C_/Program_Files/Raspberry_Pi/Pico_SDK_v1.5.1/pico-sdk/src/rp2_common/hardware_timer/timer.c.obj
 .rodata.ph_add_child_node.str1.4
                0x10008105       0xb2 CMakeFiles/maker_pi_pico.dir/C_/Program_Files/Raspberry_Pi/Pico_SDK_v1.5.1/pico-sdk/src/common/pico_util/pheap.c.obj
 *fill*         0x10008105        0x3 
 .rodata.ph_remove_any_head.str1.4
                0x10008108       0xa8 CMakeFiles/maker_pi_pico.dir/C_/Program_Files/Raspberry_Pi/Pico_SDK_v1.5.1/pico-sdk/src/common/pico_util/pheap.c.obj
                                 0xbc (size before relaxing)
 .rodata.ph_remove_and_free_node.str1.4
                0x100081b0       0x1e CMakeFiles/maker_pi_pico.dir/C_/Program_Files/Raspberry_Pi/Pico_SDK_v1.5.1/pico-sdk/src/common/pico_util/pheap.c.obj
                                 0x26 (size before relaxing)
 *fill*         0x100081ce        0x2 
 .rodata.__func__.0
                0x100081d0       0x18 CMakeFiles/maker_pi_pico.dir/C_/Program_Files/Raspberry_Pi/Pico_SDK_v1.5.1/pico-sdk/src/common/pico_util/pheap.c.obj
 .rodata.__func__.1
                0x100081e8       0x13 CMakeFiles/maker_pi_pico.dir/C_/Program_Files/Raspberry_Pi/Pico_SDK_v1.5.1/pico-sdk/src/common/pico_util/pheap.c.obj
 *fill*         0x100081fb        0x1 
 .rodata.__func__.2
                0x100081fc       0x12 CMakeFiles/maker_pi_pico.dir/C_/Program_Files/Raspberry_Pi/Pico_SDK_v1.5.1/pico-sdk/src/common/pico_util/pheap.c.obj
 *fill*         0x1000820e        0x2 
 .rodata.__func__.3
                0x10008210        0xc CMakeFiles/maker_pi_pico.dir/C_/Program_Files/Raspberry_Pi/Pico_SDK_v1.5.1/pico-sdk/src/common/pico_util/pheap.c.obj
 .rodata.clock_configure.str1.4
                0x1000821c       0x73 CMakeFiles/maker_pi_pico.dir/C_/Program_Files/Raspberry_Pi/Pico_SDK_v1.5.1/pico-sdk/src/rp2_common/hardware_clocks/clocks.c.obj
 *fill*         0x1000828f        0x1 
 .rodata.__func__.1
                0x10008290       0x10 CMakeFiles/maker_pi_pico.dir/C_/Program_Files/Raspberry_Pi/Pico_SDK_v1.5.1/pico-sdk/src/rp2_common/hardware_clocks/clocks.c.obj
 .rodata.pll_init.str1.4
                0x100082a0      0x140 CMakeFiles/maker_pi_pico.dir/C_/Program_Files/Raspberry_Pi/Pico_SDK_v1.5.1/pico-sdk/src/rp2_common/hardware_pll/pll.c.obj
 .rodata.__func__.0
                0x100083e0        0x9 CMakeFiles/maker_pi_pico.dir/C_/Program_Files/Raspberry_Pi/Pico_SDK_v1.5.1/pico-sdk/src/rp2_common/hardware_pll/pll.c.obj
 *fill*         0x100083e9        0x3 
 .rodata.__assert_func.str1.4
                0x100083ec       0x3f CMakeFiles/maker_pi_pico.dir/C_/Program_Files/Raspberry_Pi/Pico_SDK_v1.5.1/pico-sdk/src/rp2_common/pico_runtime/runtime.c.obj
                                 0x43 (size before relaxing)
 *fill*         0x1000842b        0x1 
 .rodata.runtime_init.str1.4
                0x1000842c       0x7d CMakeFiles/maker_pi_pico.dir/C_/Program_Files/Raspberry_Pi/Pico_SDK_v1.5.1/pico-sdk/src/rp2_common/pico_runtime/runtime.c.obj
 *fill*         0x100084a9        0x3 
 .rodata.panic.str1.4
                0x100084ac       0x10 CMakeFiles/maker_pi_pico.dir/C_/Program_Files/Raspberry_Pi/Pico_SDK_v1.5.1/pico-sdk/src/rp2_common/pico_runtime/runtime.c.obj
                                 0x12 (size before relaxing)
 .rodata.__func__.2
                0x100084bc        0xd CMakeFiles/maker_pi_pico.dir/C_/Program_Files/Raspberry_Pi/Pico_SDK_v1.5.1/pico-sdk/src/rp2_common/pico_runtime/runtime.c.obj
 *fill*         0x100084c9        0x3 
 .rodata._ftoa.str1.4
                0x100084cc       0x15 CMakeFiles/maker_pi_pico.dir/C_/Program_Files/Raspberry_Pi/Pico_SDK_v1.5.1/pico-sdk/src/rp2_common/pico_printf/printf.c.obj
 *fill*         0x100084e1        0x3 
 .rodata._vsnprintf
                0x100084e4      0x1e0 CMakeFiles/maker_pi_pico.dir/C_/Program_Files/Raspberry_Pi/Pico_SDK_v1.5.1/pico-sdk/src/rp2_common/pico_printf/printf.c.obj
 *fill*         0x100086c4        0x4 
 .rodata.pow10.0
                0x100086c8       0x50 CMakeFiles/maker_pi_pico.dir/C_/Program_Files/Raspberry_Pi/Pico_SDK_v1.5.1/pico-sdk/src/rp2_common/pico_printf/printf.c.obj
 .rodata.__aeabi_double_init.str1.4
                0x10008718       0xb8 CMakeFiles/maker_pi_pico.dir/C_/Program_Files/Raspberry_Pi/Pico_SDK_v1.5.1/pico-sdk/src/rp2_common/pico_double/double_init_rom.c.obj
 .rodata.__func__.0
                0x100087d0       0x14 CMakeFiles/maker_pi_pico.dir/C_/Program_Files/Raspberry_Pi/Pico_SDK_v1.5.1/pico-sdk/src/rp2_common/pico_double/double_init_rom.c.obj
 .rodata.__aeabi_float_init.str1.4
                0x100087e4       0x96 CMakeFiles/maker_pi_pico.dir/C_/Program_Files/Raspberry_Pi/Pico_SDK_v1.5.1/pico-sdk/src/rp2_common/pico_float/float_init_rom.c.obj
                                 0x9a (size before relaxing)
 *fill*         0x1000887a        0x2 
 .rodata.__func__.0
                0x1000887c       0x13 CMakeFiles/maker_pi_pico.dir/C_/Program_Files/Raspberry_Pi/Pico_SDK_v1.5.1/pico-sdk/src/rp2_common/pico_float/float_init_rom.c.obj
 *fill*         0x1000888f        0x1 
 .rodata.str1.4
                0x10008890       0x44 CMakeFiles/maker_pi_pico.dir/C_/Program_Files/Raspberry_Pi/Pico_SDK_v1.5.1/pico-sdk/src/rp2_common/pico_standard_link/binary_info.c.obj
 .rodata.__bi_44
                0x100088d4        0xc CMakeFiles/maker_pi_pico.dir/C_/Program_Files/Raspberry_Pi/Pico_SDK_v1.5.1/pico-sdk/src/rp2_common/pico_standard_link/binary_info.c.obj
 .rodata.__bi_75
                0x100088e0        0xc CMakeFiles/maker_pi_pico.dir/C_/Program_Files/Raspberry_Pi/Pico_SDK_v1.5.1/pico-sdk/src/rp2_common/pico_standard_link/binary_info.c.obj
 .rodata.__bi_81
                0x100088ec        0xc CMakeFiles/maker_pi_pico.dir/C_/Program_Files/Raspberry_Pi/Pico_SDK_v1.5.1/pico-sdk/src/rp2_common/pico_standard_link/binary_info.c.obj
 .rodata.stdout_serialize_begin.str1.4
                0x100088f8       0x7d CMakeFiles/maker_pi_pico.dir/C_/Program_Files/Raspberry_Pi/Pico_SDK_v1.5.1/pico-sdk/src/rp2_common/pico_stdio/stdio.c.obj
 .rodata.__func__.3
                0x100088f8       0x15 CMakeFiles/maker_pi_pico.dir/C_/Program_Files/Raspberry_Pi/Pico_SDK_v1.5.1/pico-sdk/src/rp2_common/pico_stdio/stdio.c.obj
 *fill*         0x1000890d        0x3 
 .rodata.crlf_str.2
                0x10008910        0x2 CMakeFiles/maker_pi_pico.dir/C_/Program_Files/Raspberry_Pi/Pico_SDK_v1.5.1/pico-sdk/src/rp2_common/pico_stdio/stdio.c.obj
 *fill*         0x10008912        0x2 
 .rodata._resetd_driver
                0x10008914       0x18 CMakeFiles/maker_pi_pico.dir/C_/Program_Files/Raspberry_Pi/Pico_SDK_v1.5.1/pico-sdk/src/rp2_common/pico_stdio_usb/reset_interface.c.obj
 .rodata.low_priority_worker_irq.str1.4
                0x1000892c       0x7d CMakeFiles/maker_pi_pico.dir/C_/Program_Files/Raspberry_Pi/Pico_SDK_v1.5.1/pico-sdk/src/rp2_common/pico_stdio_usb/stdio_usb.c.obj
 .rodata.stdio_usb_init.str1.4
                0x1000892c       0x61 CMakeFiles/maker_pi_pico.dir/C_/Program_Files/Raspberry_Pi/Pico_SDK_v1.5.1/pico-sdk/src/rp2_common/pico_stdio_usb/stdio_usb.c.obj
                                 0x69 (size before relaxing)
 *fill*         0x1000898d        0x3 
 .rodata.str1.4
                0x10008990       0x13 CMakeFiles/maker_pi_pico.dir/C_/Program_Files/Raspberry_Pi/Pico_SDK_v1.5.1/pico-sdk/src/rp2_common/pico_stdio_usb/stdio_usb.c.obj
 *fill*         0x100089a3        0x1 
 .rodata.__bi_182.0
                0x100089a4        0xc CMakeFiles/maker_pi_pico.dir/C_/Program_Files/Raspberry_Pi/Pico_SDK_v1.5.1/pico-sdk/src/rp2_common/pico_stdio_usb/stdio_usb.c.obj
 .rodata.__func__.1
                0x100089b0        0xf CMakeFiles/maker_pi_pico.dir/C_/Program_Files/Raspberry_Pi/Pico_SDK_v1.5.1/pico-sdk/src/rp2_common/pico_stdio_usb/stdio_usb.c.obj
 *fill*         0x100089bf        0x1 
 .rodata.__func__.3
                0x100089c0       0x15 CMakeFiles/maker_pi_pico.dir/C_/Program_Files/Raspberry_Pi/Pico_SDK_v1.5.1/pico-sdk/src/rp2_common/pico_stdio_usb/stdio_usb.c.obj
 *fill*         0x100089d5        0x3 
 .rodata.str1.4
                0x100089d8       0x2a CMakeFiles/maker_pi_pico.dir/C_/Program_Files/Raspberry_Pi/Pico_SDK_v1.5.1/pico-sdk/src/rp2_common/pico_stdio_usb/stdio_usb_descriptors.c.obj
 *fill*         0x10008a02        0x2 
 .rodata.usbd_desc_cfg
                0x10008a04       0x54 CMakeFiles/maker_pi_pico.dir/C_/Program_Files/Raspberry_Pi/Pico_SDK_v1.5.1/pico-sdk/src/rp2_common/pico_stdio_usb/stdio_usb_descriptors.c.obj
 .rodata.usbd_desc_device
                0x10008a58       0x12 CMakeFiles/maker_pi_pico.dir/C_/Program_Files/Raspberry_Pi/Pico_SDK_v1.5.1/pico-sdk/src/rp2_common/pico_stdio_usb/stdio_usb_descriptors.c.obj
 *fill*         0x10008a6a        0x2 
 .rodata.usbd_desc_str
                0x10008a6c       0x18 CMakeFiles/maker_pi_pico.dir/C_/Program_Files/Raspberry_Pi/Pico_SDK_v1.5.1/pico-sdk/src/rp2_common/pico_stdio_usb/stdio_usb_descriptors.c.obj
 .rodata.pico_get_unique_board_id_string.str1.4
                0x10008a84       0x69 CMakeFiles/maker_pi_pico.dir/C_/Program_Files/Raspberry_Pi/Pico_SDK_v1.5.1/pico-sdk/src/rp2_common/pico_unique_id/unique_id.c.obj
 *fill*         0x10008aed        0x3 
 .rodata.__func__.0
                0x10008af0       0x20 CMakeFiles/maker_pi_pico.dir/C_/Program_Files/Raspberry_Pi/Pico_SDK_v1.5.1/pico-sdk/src/rp2_common/pico_unique_id/unique_id.c.obj
 .rodata.str1.4
                0x10008b10      0x176 CMakeFiles/maker_pi_pico.dir/C_/Program_Files/Raspberry_Pi/Pico_SDK_v1.5.1/pico-sdk/src/rp2_common/hardware_flash/flash.c.obj
 *fill*         0x10008c86        0x2 
 .rodata.__func__.0
                0x10008c88        0xd CMakeFiles/maker_pi_pico.dir/C_/Program_Files/Raspberry_Pi/Pico_SDK_v1.5.1/pico-sdk/src/rp2_common/hardware_flash/flash.c.obj
 *fill*         0x10008c95        0x3 
 .rodata._hw_endpoint_alloc.str1.4
                0x10008c98       0xd1 CMakeFiles/maker_pi_pico.dir/C_/Program_Files/Raspberry_Pi/Pico_SDK_v1.5.1/pico-sdk/lib/tinyusb/src/portable/raspberrypi/rp2040/dcd_rp2040.c.obj
 *fill*         0x10008d69        0x3 
 .rodata.str1.4
                0x10008d6c       0x14 CMakeFiles/maker_pi_pico.dir/C_/Program_Files/Raspberry_Pi/Pico_SDK_v1.5.1/pico-sdk/lib/tinyusb/src/portable/raspberrypi/rp2040/dcd_rp2040.c.obj
 .rodata.dcd_int_enable.str1.4
                0x10008d80        0xc CMakeFiles/maker_pi_pico.dir/C_/Program_Files/Raspberry_Pi/Pico_SDK_v1.5.1/pico-sdk/lib/tinyusb/src/portable/raspberrypi/rp2040/dcd_rp2040.c.obj
 .rodata.__func__.0
                0x10008d8c        0xe CMakeFiles/maker_pi_pico.dir/C_/Program_Files/Raspberry_Pi/Pico_SDK_v1.5.1/pico-sdk/lib/tinyusb/src/portable/raspberrypi/rp2040/dcd_rp2040.c.obj
 *fill*         0x10008d9a        0x2 
 .rodata.__func__.1
                0x10008d9c        0xe CMakeFiles/maker_pi_pico.dir/C_/Program_Files/Raspberry_Pi/Pico_SDK_v1.5.1/pico-sdk/lib/tinyusb/src/portable/raspberrypi/rp2040/dcd_rp2040.c.obj
 *fill*         0x10008daa        0x2 
 .rodata.__func__.3
                0x10008dac       0x10 CMakeFiles/maker_pi_pico.dir/C_/Program_Files/Raspberry_Pi/Pico_SDK_v1.5.1/pico-sdk/lib/tinyusb/src/portable/raspberrypi/rp2040/dcd_rp2040.c.obj
 .rodata.__func__.5
                0x10008dbc        0xf CMakeFiles/maker_pi_pico.dir/C_/Program_Files/Raspberry_Pi/Pico_SDK_v1.5.1/pico-sdk/lib/tinyusb/src/portable/raspberrypi/rp2040/dcd_rp2040.c.obj
 *fill*         0x10008dcb        0x1 
 .rodata.__func__.6
                0x10008dcc       0x13 CMakeFiles/maker_pi_pico.dir/C_/Program_Files/Raspberry_Pi/Pico_SDK_v1.5.1/pico-sdk/lib/tinyusb/src/portable/raspberrypi/rp2040/dcd_rp2040.c.obj
 *fill*         0x10008ddf        0x1 
 .rodata.__func__.7
                0x10008de0        0x9 CMakeFiles/maker_pi_pico.dir/C_/Program_Files/Raspberry_Pi/Pico_SDK_v1.5.1/pico-sdk/lib/tinyusb/src/portable/raspberrypi/rp2040/dcd_rp2040.c.obj
 *fill*         0x10008de9        0x3 
 .rodata.str1.4
                0x10008dec      0x103 CMakeFiles/maker_pi_pico.dir/C_/Program_Files/Raspberry_Pi/Pico_SDK_v1.5.1/pico-sdk/lib/tinyusb/src/portable/raspberrypi/rp2040/rp2040_usb.c.obj
 *fill*         0x10008eef        0x1 
 .rodata.__func__.0
                0x10008ef0        0xf CMakeFiles/maker_pi_pico.dir/C_/Program_Files/Raspberry_Pi/Pico_SDK_v1.5.1/pico-sdk/lib/tinyusb/src/portable/raspberrypi/rp2040/rp2040_usb.c.obj
 *fill*         0x10008eff        0x1 
 .rodata.process_get_descriptor
                0x10008f00       0x40 CMakeFiles/maker_pi_pico.dir/C_/Program_Files/Raspberry_Pi/Pico_SDK_v1.5.1/pico-sdk/lib/tinyusb/src/device/usbd.c.obj
 .rodata.process_control_request
                0x10008f40       0x28 CMakeFiles/maker_pi_pico.dir/C_/Program_Files/Raspberry_Pi/Pico_SDK_v1.5.1/pico-sdk/lib/tinyusb/src/device/usbd.c.obj
 .rodata.tud_task_ext
                0x10008f68       0x24 CMakeFiles/maker_pi_pico.dir/C_/Program_Files/Raspberry_Pi/Pico_SDK_v1.5.1/pico-sdk/lib/tinyusb/src/device/usbd.c.obj
 .rodata._usbd_driver
                0x10008f8c       0x18 CMakeFiles/maker_pi_pico.dir/C_/Program_Files/Raspberry_Pi/Pico_SDK_v1.5.1/pico-sdk/lib/tinyusb/src/device/usbd.c.obj
                0x10008fa4                . = ALIGN (0x4)
 *(SORT_BY_ALIGNMENT(SORT_BY_NAME(.flashdata*)))
                0x10008fa4                . = ALIGN (0x4)

.ARM.extab
 *(.ARM.extab* .gnu.linkonce.armextab.*)
                0x10008fa4                __exidx_start = .

.ARM.exidx
 *(.ARM.exidx* .gnu.linkonce.armexidx.*)
                0x10008fa4                __exidx_end = .
                0x10008fa4                . = ALIGN (0x4)
                0x10008fa4                __binary_info_start = .

.binary_info    0x10008fa4       0x20
 *(.binary_info.keep.*)
 .binary_info.keep.__bi_ptr22
                0x10008fa4        0x4 CMakeFiles/maker_pi_pico.dir/C_/Program_Files/Raspberry_Pi/Pico_SDK_v1.5.1/pico-sdk/src/rp2_common/pico_standard_link/binary_info.c.obj
 .binary_info.keep.__bi_ptr30
                0x10008fa8        0x4 CMakeFiles/maker_pi_pico.dir/C_/Program_Files/Raspberry_Pi/Pico_SDK_v1.5.1/pico-sdk/src/rp2_common/pico_standard_link/binary_info.c.obj
 .binary_info.keep.__bi_ptr38
                0x10008fac        0x4 CMakeFiles/maker_pi_pico.dir/C_/Program_Files/Raspberry_Pi/Pico_SDK_v1.5.1/pico-sdk/src/rp2_common/pico_standard_link/binary_info.c.obj
 .binary_info.keep.__bi_ptr44
                0x10008fb0        0x4 CMakeFiles/maker_pi_pico.dir/C_/Program_Files/Raspberry_Pi/Pico_SDK_v1.5.1/pico-sdk/src/rp2_common/pico_standard_link/binary_info.c.obj
 .binary_info.keep.__bi_ptr50
                0x10008fb4        0x4 CMakeFiles/maker_pi_pico.dir/C_/Program_Files/Raspberry_Pi/Pico_SDK_v1.5.1/pico-sdk/src/rp2_common/pico_standard_link/binary_info.c.obj
 .binary_info.keep.__bi_ptr75
                0x10008fb8        0x4 CMakeFiles/maker_pi_pico.dir/C_/Program_Files/Raspberry_Pi/Pico_SDK_v1.5.1/pico-sdk/src/rp2_common/pico_standard_link/binary_info.c.obj
 .binary_info.keep.__bi_ptr81
                0x10008fbc        0x4 CMakeFiles/maker_pi_pico.dir/C_/Program_Files/Raspberry_Pi/Pico_SDK_v1.5.1/pico-sdk/src/rp2_common/pico_standard_link/binary_info.c.obj
 *(.binary_info.*)
 .binary_info.__bi_ptr182
                0x10008fc0        0x4 CMakeFiles/maker_pi_pico.dir/C_/Program_Files/Raspberry_Pi/Pico_SDK_v1.5.1/pico-sdk/src/rp2_common/pico_stdio_usb/stdio_usb.c.obj
                0x10008fc4                __binary_info_end = .

.rel.dyn        0x10008fc4        0x0
 .rel.iplt      0x10008fc4        0x0 c:/progra~1/raspbe~1/picosd~1.1/gcc-ar~1/bin/../lib/gcc/arm-none-eabi/10.3.1/thumb/v6-m/nofp/crtbegin.o
                0x10008fc4                . = ALIGN (0x4)

.ram_vector_table
                0x20000000       0xc0
 *(.ram_vector_table)
 .ram_vector_table
                0x20000000       0xc0 CMakeFiles/maker_pi_pico.dir/C_/Program_Files/Raspberry_Pi/Pico_SDK_v1.5.1/pico-sdk/src/rp2_common/pico_runtime/runtime.c.obj
                0x20000000                ram_vector_table

.data           0x200000c0      0xbf0 load address 0x10008fc4
                0x200000c0                __data_start__ = .
 *(vtable)
 *(.time_critical*)
 .time_critical.mutex_try_enter
                0x200000c0       0x46 CMakeFiles/maker_pi_pico.dir/C_/Program_Files/Raspberry_Pi/Pico_SDK_v1.5.1/pico-sdk/src/common/pico_sync/mutex.c.obj
                0x200000c0                mutex_try_enter
 *fill*         0x20000106        0x2 
 .time_critical.mutex_enter_block_until
                0x20000108       0x8c CMakeFiles/maker_pi_pico.dir/C_/Program_Files/Raspberry_Pi/Pico_SDK_v1.5.1/pico-sdk/src/common/pico_sync/mutex.c.obj
                0x20000108                mutex_enter_block_until
 .time_critical.mutex_try_enter_block_until
                0x20000194       0x34 CMakeFiles/maker_pi_pico.dir/C_/Program_Files/Raspberry_Pi/Pico_SDK_v1.5.1/pico-sdk/src/common/pico_sync/mutex.c.obj
                0x20000194                mutex_try_enter_block_until
 .time_critical.mutex_enter_timeout_ms
                0x200001c8       0x68 CMakeFiles/maker_pi_pico.dir/C_/Program_Files/Raspberry_Pi/Pico_SDK_v1.5.1/pico-sdk/src/common/pico_sync/mutex.c.obj
                0x200001c8                mutex_enter_timeout_ms
 .time_critical.mutex_exit