Archive member included to satisfy reference by file (symbol)

c:/progra~1/raspbe~1/picosd~1.1/gcc-ar~1/bin/../lib/gcc/arm-none-eabi/10.3.1/thumb/v6-m/nofp\libgcc.a(_dvmd_tls.o)
                              CMakeFiles/robo_pico.dir/C_/Program_Files/Raspberry_Pi/Pico_SDK_v1.5.1/pico-sdk/src/rp2_common/pico_divider/divider.S.obj (__aeabi_idiv0)
c:/progra~1/raspbe~1/picosd~1.1/gcc-ar~1/bin/../lib/gcc/arm-none-eabi/10.3.1/../../../../arm-none-eabi/lib/thumb/v6-m/nofp\libg.a(lib_a-calloc.o)
                              CMakeFiles/robo_pico.dir/C_/Program_Files/Raspberry_Pi/Pico_SDK_v1.5.1/pico-sdk/src/rp2_common/pico_malloc/pico_malloc.c.obj (calloc)
c:/progra~1/raspbe~1/picosd~1.1/gcc-ar~1/bin/../lib/gcc/arm-none-eabi/10.3.1/../../../../arm-none-eabi/lib/thumb/v6-m/nofp\libg.a(lib_a-callocr.o)
                              c:/progra~1/raspbe~1/picosd~1.1/gcc-ar~1/bin/../lib/gcc/arm-none-eabi/10.3.1/../../../../arm-none-eabi/lib/thumb/v6-m/nofp\libg.a(lib_a-calloc.o) (_calloc_r)
c:/progra~1/raspbe~1/picosd~1.1/gcc-ar~1/bin/../lib/gcc/arm-none-eabi/10.3.1/../../../../arm-none-eabi/lib/thumb/v6-m/nofp\libg.a(lib_a-errno.o)
                              c:/progra~1/raspbe~1/picosd~1.1/gcc-ar~1/bin/../lib/gcc/arm-none-eabi/10.3.1/../../../../arm-none-eabi/lib/thumb/v6-m/nofp\libg.a(lib_a-callocr.o) (__errno)
c:/progra~1/raspbe~1/picosd~1.1/gcc-ar~1/bin/../lib/gcc/arm-none-eabi/10.3.1/../../../../arm-none-eabi/lib/thumb/v6-m/nofp\libg.a(lib_a-impure.o)
                              c:/progra~1/raspbe~1/picosd~1.1/gcc-ar~1/bin/../lib/gcc/arm-none-eabi/10.3.1/../../../../arm-none-eabi/lib/thumb/v6-m/nofp\libg.a(lib_a-calloc.o) (_impure_ptr)
c:/progra~1/raspbe~1/picosd~1.1/gcc-ar~1/bin/../lib/gcc/arm-none-eabi/10.3.1/../../../../arm-none-eabi/lib/thumb/v6-m/nofp\libg.a(lib_a-init.o)
                              c:/progra~1/raspbe~1/picosd~1.1/gcc-ar~1/bin/../lib/gcc/arm-none-eabi/10.3.1/../../../../arm-none-eabi/lib/thumb/v6-m/nofp/crt0.o (__libc_init_array)
c:/progra~1/raspbe~1/picosd~1.1/gcc-ar~1/bin/../lib/gcc/arm-none-eabi/10.3.1/../../../../arm-none-eabi/lib/thumb/v6-m/nofp\libg.a(lib_a-malloc.o)
                              CMakeFiles/robo_pico.dir/C_/Program_Files/Raspberry_Pi/Pico_SDK_v1.5.1/pico-sdk/src/rp2_common/pico_malloc/pico_malloc.c.obj (malloc)
c:/progra~1/raspbe~1/picosd~1.1/gcc-ar~1/bin/../lib/gcc/arm-none-eabi/10.3.1/../../../../arm-none-eabi/lib/thumb/v6-m/nofp\libg.a(lib_a-mallocr.o)
                              c:/progra~1/raspbe~1/picosd~1.1/gcc-ar~1/bin/../lib/gcc/arm-none-eabi/10.3.1/../../../../arm-none-eabi/lib/thumb/v6-m/nofp\libg.a(lib_a-callocr.o) (_malloc_r)
c:/progra~1/raspbe~1/picosd~1.1/gcc-ar~1/bin/../lib/gcc/arm-none-eabi/10.3.1/../../../../arm-none-eabi/lib/thumb/v6-m/nofp\libg.a(lib_a-mlock.o)
                              c:/progra~1/raspbe~1/picosd~1.1/gcc-ar~1/bin/../lib/gcc/arm-none-eabi/10.3.1/../../../../arm-none-eabi/lib/thumb/v6-m/nofp\libg.a(lib_a-mallocr.o) (__malloc_lock)
c:/progra~1/raspbe~1/picosd~1.1/gcc-ar~1/bin/../lib/gcc/arm-none-eabi/10.3.1/../../../../arm-none-eabi/lib/thumb/v6-m/nofp\libg.a(lib_a-qsort.o)
                              CMakeFiles/robo_pico.dir/src/motors.c.obj (qsort)
c:/progra~1/raspbe~1/picosd~1.1/gcc-ar~1/bin/../lib/gcc/arm-none-eabi/10.3.1/../../../../arm-none-eabi/lib/thumb/v6-m/nofp\libg.a(lib_a-realloc.o)
                              CMakeFiles/robo_pico.dir/C_/Program_Files/Raspberry_Pi/Pico_SDK_v1.5.1/pico-sdk/src/rp2_common/pico_malloc/pico_malloc.c.obj (realloc)
c:/progra~1/raspbe~1/picosd~1.1/gcc-ar~1/bin/../lib/gcc/arm-none-eabi/10.3.1/../../../../arm-none-eabi/lib/thumb/v6-m/nofp\libg.a(lib_a-reallocr.o)
                              c:/progra~1/raspbe~1/picosd~1.1/gcc-ar~1/bin/../lib/gcc/arm-none-eabi/10.3.1/../../../../arm-none-eabi/lib/thumb/v6-m/nofp\libg.a(lib_a-realloc.o) (_realloc_r)
c:/progra~1/raspbe~1/picosd~1.1/gcc-ar~1/bin/../lib/gcc/arm-none-eabi/10.3.1/../../../../arm-none-eabi/lib/thumb/v6-m/nofp\libg.a(lib_a-sbrkr.o)
                              c:/progra~1/raspbe~1/picosd~1.1/gcc-ar~1/bin/../lib/gcc/arm-none-eabi/10.3.1/../../../../arm-none-eabi/lib/thumb/v6-m/nofp\libg.a(lib_a-mallocr.o) (_sbrk_r)
c:/progra~1/raspbe~1/picosd~1.1/gcc-ar~1/bin/../lib/gcc/arm-none-eabi/10.3.1/../../../../arm-none-eabi/lib/thumb/v6-m/nofp\libg.a(lib_a-strlen-stub.o)
                              CMakeFiles/robo_pico.dir/C_/Program_Files/Raspberry_Pi/Pico_SDK_v1.5.1/pico-sdk/src/rp2_common/pico_stdio/stdio.c.obj (strlen)
c:/progra~1/raspbe~1/picosd~1.1/gcc-ar~1/bin/../lib/gcc/arm-none-eabi/10.3.1/../../../../arm-none-eabi/lib/thumb/v6-m/nofp\libg.a(lib_a-strncpy.o)
                              CMakeFiles/robo_pico.dir/src/uart_comm.c.obj (strncpy)
c:/progra~1/raspbe~1/picosd~1.1/gcc-ar~1/bin/../lib/gcc/arm-none-eabi/10.3.1/../../../../arm-none-eabi/lib/thumb/v6-m/nofp\libg.a(lib_a-freer.o)
[...]
Memory Configuration

Name             Origin             Length             Attributes
FLASH            0x10000000         0x00200000         xr
RAM              0x20000000         0x00040000         xrw
SCRATCH_X        0x20040000         0x00001000         xrw
SCRATCH_Y        0x20041000         0x00001000         xrw
*default*        0x00000000         0xffffffff

Linker script and memory map

LOAD c:/progra~1/raspbe~1/picosd~1.1/gcc-ar~1/bin/../lib/gcc/arm-none-eabi/10.3.1/thumb/v6-m/nofp/crti.o
LOAD c:/progra~1/raspbe~1/picosd~1.1/gcc-ar~1/bin/../lib/gcc/arm-none-eabi/10.3.1/thumb/v6-m/nofp/crtbegin.o
LOAD c:/progra~1/raspbe~1/picosd~1.1/gcc-ar~1/bin/../lib/gcc/arm-none-eabi/10.3.1/../../../../arm-none-eabi/lib/thumb/v6-m/nofp/crt0.o

.flash_begin    0x10000000        0x0
                0x10000000                __flash_binary_start = .

.boot2          0x10000000      0x100
                0x10000000                __boot2_start__ = .
 *(.boot2)
 .boot2         0x10000000      0x100 C:\Users\Macab\AppData\Local\Temp\ccwKHciM.o
                0x10000100                __boot2_end__ = .
                0x00000001                ASSERT (((__boot2_end__ - __boot2_start__) == 0x100), ERROR: Pico second stage bootloader must be 256 bytes in size)

.text           0x10000100     0x87f0
                0x10000100                __logical_binary_start = .
 *(.vectors)
 .vectors       0x10000100       0xd4 CMakeFiles/robo_pico.dir/C_/Program_Files/Raspberry_Pi/Pico_SDK_v1.5.1/pico-sdk/src/rp2_common/pico_standard_link/crt0.S.obj
                0x10000100                __VECTOR_TABLE
                0x10000100                __vectors
                0x100001c0                isr_invalid
                0x100001c0                __default_isrs_start
                0x100001c2                isr_nmi
                0x100001c4                isr_hardfault
                0x100001c6                isr_svcall
                0x100001c8                isr_pendsv
                0x100001ca                isr_systick
                0x100001cc                isr_irq23
                0x100001cc                isr_irq18
                0x100001cc                isr_irq11
                0x100001cc                isr_irq28
                0x100001cc                isr_irq19
                0x100001cc                isr_irq0
                0x100001cc                isr_irq6
                0x100001cc                isr_irq5
                0x100001cc                isr_irq12
                0x100001cc                isr_irq22
                0x100001cc                isr_irq31
                0x100001cc                isr_irq17
                0x100001cc                isr_irq27
                0x100001cc                isr_irq30
                0x100001cc                isr_irq2
                0x100001cc                isr_irq10
                0x100001cc                isr_irq8
                0x100001cc                isr_irq24
                0x100001cc                isr_irq1
                0x100001cc                isr_irq7
                0x100001cc                isr_irq21
                0x100001cc                isr_irq20
                0x100001cc                isr_irq15
                0x100001cc                isr_irq25
                0x100001cc                isr_irq13
                0x100001cc                __unhandled_user_irq
                0x100001cc                isr_irq4
                0x100001cc                isr_irq16
                0x100001cc                isr_irq29
                0x100001cc                isr_irq26
                0x100001cc                __default_isrs_end
                0x100001cc                isr_irq3
                0x100001cc                isr_irq14
                0x100001cc                isr_irq9
                0x100001d2                unhandled_user_irq_num_in_r0
 *(.binary_info_header)
 .binary_info_header
                0x100001d4       0x14 CMakeFiles/robo_pico.dir/C_/Program_Files/Raspberry_Pi/Pico_SDK_v1.5.1/pico-sdk/src/rp2_common/pico_standard_link/crt0.S.obj
                0x100001e8                __binary_info_header_end = .
 *(.reset)
 .reset         0x100001e8       0xa0 CMakeFiles/robo_pico.dir/C_/Program_Files/Raspberry_Pi/Pico_SDK_v1.5.1/pico-sdk/src/rp2_common/pico_standard_link/crt0.S.obj
                0x100001e8                _entry_point
 .reset         0x10000288       0x30 CMakeFiles/robo_pico.dir/C_/Program_Files/Raspberry_Pi/Pico_SDK_v1.5.1/pico-sdk/src/rp2_common/pico_standard_link/binary_info.c.obj
 *(.init)
 .init          0x100002b8        0x4 c:/progra~1/raspbe~1/picosd~1.1/gcc-ar~1/bin/../lib/gcc/arm-none-eabi/10.3.1/thumb/v6-m/nofp/crti.o
                0x100002b8                _init
 *(EXCLUDE_FILE(*libm.a: *libc.a:*lib_a-mem*.o *libgcc.a:) .text*)
 .text          0x100002bc       0x48 c:/progra~1/raspbe~1/picosd~1.1/gcc-ar~1/bin/../lib/gcc/arm-none-eabi/10.3.1/thumb/v6-m/nofp/crtbegin.o
 .text.get_angle_diff
                0x10000304       0x48 CMakeFiles/robo_pico.dir/src/robo_pico.c.obj
 .text.execute_forward
                0x1000034c       0x70 CMakeFiles/robo_pico.dir/src/robo_pico.c.obj
 .text.execute_backward
                0x100003bc       0x64 CMakeFiles/robo_pico.dir/src/robo_pico.c.obj
 .text.reset_turn_state
                0x10000420       0x44 CMakeFiles/robo_pico.dir/src/robo_pico.c.obj
 .text.execute_left_turn
                0x10000464       0xdc CMakeFiles/robo_pico.dir/src/robo_pico.c.obj
 .text.execute_right_turn
                0x10000540       0xdc CMakeFiles/robo_pico.dir/src/robo_pico.c.obj
 .text.main     0x1000061c      0x13c CMakeFiles/robo_pico.dir/src/robo_pico.c.obj
                0x1000061c                main
 .text.apply_state
                0x10000758      0x1d0 CMakeFiles/robo_pico.dir/src/motors.c.obj
 .text.motors_init
                0x10000928      0x120 CMakeFiles/robo_pico.dir/src/motors.c.obj
                0x10000928                motors_init
 .text.motors_set_speed
                0x10000a48       0x20 CMakeFiles/robo_pico.dir/src/motors.c.obj
                0x10000a48                motors_set_speed
 .text.motors_stop
                0x10000a68       0x14 CMakeFiles/robo_pico.dir/src/motors.c.obj
                0x10000a68                motors_stop
 .text.motors_forward
                0x10000a7c       0x14 CMakeFiles/robo_pico.dir/src/motors.c.obj
                0x10000a7c                motors_forward
 .text.motors_backward
                0x10000a90       0x14 CMakeFiles/robo_pico.dir/src/motors.c.obj
                0x10000a90                motors_backward
 .text.motors_left
                0x10000aa4       0x88 CMakeFiles/robo_pico.dir/src/motors.c.obj
                0x10000aa4                motors_left
 .text.motors_right
                0x10000b2c       0x88 CMakeFiles/robo_pico.dir/src/motors.c.obj
                0x10000b2c                motors_right
 .text.motors_forward_bias
                0x10000bb4       0x90 CMakeFiles/robo_pico.dir/src/motors.c.obj
                0x10000bb4                motors_forward_bias
 .text.i2c_write_reg
                0x10000c44       0x24 CMakeFiles/robo_pico.dir/src/imu.c.obj
 .text.i2c_read_regs
                0x10000c68       0x38 CMakeFiles/robo_pico.dir/src/imu.c.obj
 .text.imu_init
                0x10000ca0       0x90 CMakeFiles/robo_pico.dir/src/imu.c.obj
                0x10000ca0                imu_init
 .text.imu_read
                0x10000d30      0x260 CMakeFiles/robo_pico.dir/src/imu.c.obj
                0x10000d30                imu_read
 .text.encoder_init
                0x10000f90       0x1e CMakeFiles/robo_pico.dir/src/encoder.c.obj
                0x10000f90                encoder_init
 *fill*         0x10000fae        0x2 
 .text.encoder_check_pulse
                0x10000fb0       0x38 CMakeFiles/robo_pico.dir/src/encoder.c.obj
                0x10000fb0                encoder_check_pulse
 .text.dequeue_message
                0x10000fe8       0x58 CMakeFiles/robo_pico.dir/src/uart_comm.c.obj
 .text.enqueue_message
                0x10001040       0x50 CMakeFiles/robo_pico.dir/src/uart_comm.c.obj
 .text.uart_comm_init
                0x10001090       0x80 CMakeFiles/robo_pico.dir/src/uart_comm.c.obj
                0x10001090                uart_comm_init
 .text.uart_send_string
                0x10001110       0x5c CMakeFiles/robo_pico.dir/src/uart_comm.c.obj
                0x10001110                uart_send_string
 .text.uart_receive_message
                0x1000116c        0x8 CMakeFiles/robo_pico.dir/src/uart_comm.c.obj
                0x1000116c                uart_receive_message
 .text.uart_comm_process
                0x10001174       0x8c CMakeFiles/robo_pico.dir/src/uart_comm.c.obj
                0x10001174                uart_comm_process
 .text.drift_correction_init
                0x10001200       0x58 CMakeFiles/robo_pico.dir/src/drift_correction.c.obj
                0x10001200                drift_correction_init
 .text.drift_correction_start
                0x10001258       0x24 CMakeFiles/robo_pico.dir/src/drift_correction.c.obj
                0x10001258                drift_correction_start
 .text.drift_correction_stop
                0x1000127c       0x20 CMakeFiles/robo_pico.dir/src/drift_correction.c.obj
                0x1000127c                drift_correction_stop
 .text.drift_correction_update
                0x1000129c       0x78 CMakeFiles/robo_pico.dir/src/drift_correction.c.obj
                0x1000129c                drift_correction_update
 .text.gpio_set_function
                0x10001314       0x30 CMakeFiles/robo_pico.dir/C_/Program_Files/Raspberry_Pi/Pico_SDK_v1.5.1/pico-sdk/src/rp2_common/hardware_gpio/gpio.c.obj
                0x10001314                gpio_set_function
 .text.gpio_set_pulls
                0x10001344       0x34 CMakeFiles/robo_pico.dir/C_/Program_Files/Raspberry_Pi/Pico_SDK_v1.5.1/pico-sdk/src/rp2_common/hardware_gpio/gpio.c.obj
                0x10001344                gpio_set_pulls
 .text.gpio_init
                0x10001378       0x16 CMakeFiles/robo_pico.dir/C_/Program_Files/Raspberry_Pi/Pico_SDK_v1.5.1/pico-sdk/src/rp2_common/hardware_gpio/gpio.c.obj
                0x10001378                gpio_init
 *fill*         0x1000138e        0x2 
 .text.running_on_fpga
                0x10001390       0x14 CMakeFiles/robo_pico.dir/C_/Program_Files/Raspberry_Pi/Pico_SDK_v1.5.1/pico-sdk/src/rp2_common/pico_platform/platform.c.obj
                0x10001390                running_on_fpga
 .text.hw_claim_lock
                0x100013a4       0x18 CMakeFiles/robo_pico.dir/C_/Program_Files/Raspberry_Pi/Pico_SDK_v1.5.1/pico-sdk/src/rp2_common/hardware_claim/claim.c.obj
                0x100013a4                hw_claim_lock
 .text.hw_claim_unlock
                0x100013bc       0x14 CMakeFiles/robo_pico.dir/C_/Program_Files/Raspberry_Pi/Pico_SDK_v1.5.1/pico-sdk/src/rp2_common/hardware_claim/claim.c.obj
                0x100013bc                hw_claim_unlock
 .text.hw_claim_or_assert
                0x100013d0       0x32 CMakeFiles/robo_pico.dir/C_/Program_Files/Raspberry_Pi/Pico_SDK_v1.5.1/pico-sdk/src/rp2_common/hardware_claim/claim.c.obj
                0x100013d0                hw_claim_or_assert
 .text.hw_claim_unused_from_range
                0x10001402       0x50 CMakeFiles/robo_pico.dir/C_/Program_Files/Raspberry_Pi/Pico_SDK_v1.5.1/pico-sdk/src/rp2_common/hardware_claim/claim.c.obj
                0x10001402                hw_claim_unused_from_range
 *fill*         0x10001452        0x2 
 .text.spin_locks_reset
                0x10001454       0x20 CMakeFiles/robo_pico.dir/C_/Program_Files/Raspberry_Pi/Pico_SDK_v1.5.1/pico-sdk/src/rp2_common/hardware_sync/sync.c.obj
                0x10001454                spin_locks_reset
 .text.next_striped_spin_lock_num
                0x10001474       0x1c CMakeFiles/robo_pico.dir/C_/Program_Files/Raspberry_Pi/Pico_SDK_v1.5.1/pico-sdk/src/rp2_common/hardware_sync/sync.c.obj
                0x10001474                next_striped_spin_lock_num
 .text.spin_lock_claim_unused
                0x10001490       0x20 CMakeFiles/robo_pico.dir/C_/Program_Files/Raspberry_Pi/Pico_SDK_v1.5.1/pico-sdk/src/rp2_common/hardware_sync/sync.c.obj
                0x10001490                spin_lock_claim_unused
 .text.set_raw_irq_handler_and_unlock
                0x100014b0       0x28 CMakeFiles/robo_pico.dir/C_/Program_Files/Raspberry_Pi/Pico_SDK_v1.5.1/pico-sdk/src/rp2_common/hardware_irq/irq.c.obj
 .text.make_branch
                0x100014d8       0x48 CMakeFiles/robo_pico.dir/C_/Program_Files/Raspberry_Pi/Pico_SDK_v1.5.1/pico-sdk/src/rp2_common/hardware_irq/irq.c.obj
 .text.insert_branch_and_link
                0x10001520       0x40 CMakeFiles/robo_pico.dir/C_/Program_Files/Raspberry_Pi/Pico_SDK_v1.5.1/pico-sdk/src/rp2_common/hardware_irq/irq.c.obj
 .text.irq_is_enabled
                0x10001560       0x18 CMakeFiles/robo_pico.dir/C_/Program_Files/Raspberry_Pi/Pico_SDK_v1.5.1/pico-sdk/src/rp2_common/hardware_irq/irq.c.obj
                0x10001560                irq_is_enabled
 .text.irq_set_mask_enabled
                0x10001578       0x20 CMakeFiles/robo_pico.dir/C_/Program_Files/Raspberry_Pi/Pico_SDK_v1.5.1/pico-sdk/src/rp2_common/hardware_irq/irq.c.obj
                0x10001578                irq_set_mask_enabled
 .text.irq_set_enabled
                0x10001598        0xe CMakeFiles/robo_pico.dir/C_/Program_Files/Raspberry_Pi/Pico_SDK_v1.5.1/pico-sdk/src/rp2_common/hardware_irq/irq.c.obj
                0x10001598                irq_set_enabled
 *fill*         0x100015a6        0x2 
 .text.irq_set_pending
                0x100015a8       0x10 CMakeFiles/robo_pico.dir/C_/Program_Files/Raspberry_Pi/Pico_SDK_v1.5.1/pico-sdk/src/rp2_common/hardware_irq/irq.c.obj
                0x100015a8                irq_set_pending
 .text.irq_get_vtable_handler
                0x100015b8       0x10 CMakeFiles/robo_pico.dir/C_/Program_Files/Raspberry_Pi/Pico_SDK_v1.5.1/pico-sdk/src/rp2_common/hardware_irq/irq.c.obj
                0x100015b8                irq_get_vtable_handler
 .text.irq_has_shared_handler
                0x100015c8       0x24 CMakeFiles/robo_pico.dir/C_/Program_Files/Raspberry_Pi/Pico_SDK_v1.5.1/pico-sdk/src/rp2_common/hardware_irq/irq.c.obj
                0x100015c8                irq_has_shared_handler
 .text.irq_set_exclusive_handler
                0x100015ec       0x54 CMakeFiles/robo_pico.dir/C_/Program_Files/Raspberry_Pi/Pico_SDK_v1.5.1/pico-sdk/src/rp2_common/hardware_irq/irq.c.obj
                0x100015ec                irq_set_exclusive_handler
 .text.irq_add_shared_handler
                0x10001640      0x234 CMakeFiles/robo_pico.dir/C_/Program_Files/Raspberry_Pi/Pico_SDK_v1.5.1/pico-sdk/src/rp2_common/hardware_irq/irq.c.obj
                0x10001640                irq_add_shared_handler
 .text.irq_remove_handler
                0x10001874      0x1ac CMakeFiles/robo_pico.dir/C_/Program_Files/Raspberry_Pi/Pico_SDK_v1.5.1/pico-sdk/src/rp2_common/hardware_irq/irq.c.obj
                0x10001874                irq_remove_handler
 .text.irq_add_tail_to_free_list
                0x10001a20       0xf0 CMakeFiles/robo_pico.dir/C_/Program_Files/Raspberry_Pi/Pico_SDK_v1.5.1/pico-sdk/src/rp2_common/hardware_irq/irq.c.obj
                0x10001a20                irq_add_tail_to_free_list
 .text.irq_init_priorities
                0x10001b10       0x1c CMakeFiles/robo_pico.dir/C_/Program_Files/Raspberry_Pi/Pico_SDK_v1.5.1/pico-sdk/src/rp2_common/hardware_irq/irq.c.obj
                0x10001b10                irq_init_priorities
 .text.user_irq_claim_unused
                0x10001b2c       0x28 CMakeFiles/robo_pico.dir/C_/Program_Files/Raspberry_Pi/Pico_SDK_v1.5.1/pico-sdk/src/rp2_common/hardware_irq/irq.c.obj
                0x10001b2c                user_irq_claim_unused
 .text.lock_init
                0x10001b54       0x10 CMakeFiles/robo_pico.dir/C_/Program_Files/Raspberry_Pi/Pico_SDK_v1.5.1/pico-sdk/src/common/pico_sync/lock_core.c.obj
                0x10001b54                lock_init
 .text.mutex_init
                0x10001b64       0x1a CMakeFiles/robo_pico.dir/C_/Program_Files/Raspberry_Pi/Pico_SDK_v1.5.1/pico-sdk/src/common/pico_sync/mutex.c.obj
                0x10001b64                mutex_init
 .text.recursive_mutex_init
                0x10001b7e       0x1e CMakeFiles/robo_pico.dir/C_/Program_Files/Raspberry_Pi/Pico_SDK_v1.5.1/pico-sdk/src/common/pico_sync/mutex.c.obj
                0x10001b7e                recursive_mutex_init
 .text.critical_section_init_with_lock_num
                0x10001b9c       0x14 CMakeFiles/robo_pico.dir/C_/Program_Files/Raspberry_Pi/Pico_SDK_v1.5.1/pico-sdk/src/common/pico_sync/critical_section.c.obj
                0x10001b9c                critical_section_init_with_lock_num
 .text.critical_section_init
                0x10001bb0       0x14 CMakeFiles/robo_pico.dir/C_/Program_Files/Raspberry_Pi/Pico_SDK_v1.5.1/pico-sdk/src/common/pico_sync/critical_section.c.obj
                0x10001bb0                critical_section_init
 .text.alarm_pool_post_alloc_init
                0x10001bc4       0x40 CMakeFiles/robo_pico.dir/C_/Program_Files/Raspberry_Pi/Pico_SDK_v1.5.1/pico-sdk/src/common/pico_time/time.c.obj
 .text.sleep_until_callback
                0x10001c04       0x30 CMakeFiles/robo_pico.dir/C_/Program_Files/Raspberry_Pi/Pico_SDK_v1.5.1/pico-sdk/src/common/pico_time/time.c.obj
 .text.timer_pool_entry_comparator
                0x10001c34       0x7c CMakeFiles/robo_pico.dir/C_/Program_Files/Raspberry_Pi/Pico_SDK_v1.5.1/pico-sdk/src/common/pico_time/time.c.obj
                0x10001c34                timer_pool_entry_comparator
 .text.ph_add_child_node
                0x10001cb0       0xa4 CMakeFiles/robo_pico.dir/C_/Program_Files/Raspberry_Pi/Pico_SDK_v1.5.1/pico-sdk/src/common/pico_time/time.c.obj
 .text.ph_merge_nodes
                0x10001d54       0x3e CMakeFiles/robo_pico.dir/C_/Program_Files/Raspberry_Pi/Pico_SDK_v1.5.1/pico-sdk/src/common/pico_time/time.c.obj
 *fill*         0x10001d92        0x2 
 .text.add_alarm_under_lock
                0x10001d94      0x174 CMakeFiles/robo_pico.dir/C_/Program_Files/Raspberry_Pi/Pico_SDK_v1.5.1/pico-sdk/src/common/pico_time/time.c.obj
 .text.alarm_pool_alarm_callback
                0x10001f08      0x33c CMakeFiles/robo_pico.dir/C_/Program_Files/Raspberry_Pi/Pico_SDK_v1.5.1/pico-sdk/src/common/pico_time/time.c.obj
 .text.alarm_pool_init_default
                0x10002244       0x40 CMakeFiles/robo_pico.dir/C_/Program_Files/Raspberry_Pi/Pico_SDK_v1.5.1/pico-sdk/src/common/pico_time/time.c.obj
                0x10002244                alarm_pool_init_default
 .text.alarm_pool_get_default
                0x10002284       0x2c CMakeFiles/robo_pico.dir/C_/Program_Files/Raspberry_Pi/Pico_SDK_v1.5.1/pico-sdk/src/common/pico_time/time.c.obj
                0x10002284                alarm_pool_get_default
 .text.alarm_pool_add_alarm_at
                0x100022b0      0x168 CMakeFiles/robo_pico.dir/C_/Program_Files/Raspberry_Pi/Pico_SDK_v1.5.1/pico-sdk/src/common/pico_time/time.c.obj
                0x100022b0                alarm_pool_add_alarm_at
 .text.alarm_pool_cancel_alarm
                0x10002418       0xf8 CMakeFiles/robo_pico.dir/C_/Program_Files/Raspberry_Pi/Pico_SDK_v1.5.1/pico-sdk/src/common/pico_time/time.c.obj
                0x10002418                alarm_pool_cancel_alarm
 .text.alarm_pool_core_num
                0x10002510        0x4 CMakeFiles/robo_pico.dir/C_/Program_Files/Raspberry_Pi/Pico_SDK_v1.5.1/pico-sdk/src/common/pico_time/time.c.obj
                0x10002510                alarm_pool_core_num
 .text.sleep_until
                0x10002514       0xfc CMakeFiles/robo_pico.dir/C_/Program_Files/Raspberry_Pi/Pico_SDK_v1.5.1/pico-sdk/src/common/pico_time/time.c.obj
                0x10002514                sleep_until
 .text.sleep_us
                0x10002610       0x58 CMakeFiles/robo_pico.dir/C_/Program_Files/Raspberry_Pi/Pico_SDK_v1.5.1/pico-sdk/src/common/pico_time/time.c.obj
                0x10002610                sleep_us
 .text.sleep_ms
                0x10002668       0x14 CMakeFiles/robo_pico.dir/C_/Program_Files/Raspberry_Pi/Pico_SDK_v1.5.1/pico-sdk/src/common/pico_time/time.c.obj
                0x10002668                sleep_ms
 .text.best_effort_wfe_or_timeout
                0x1000267c       0xac CMakeFiles/robo_pico.dir/C_/Program_Files/Raspberry_Pi/Pico_SDK_v1.5.1/pico-sdk/src/common/pico_time/time.c.obj
                0x1000267c                best_effort_wfe_or_timeout
 .text.hardware_alarm_irq_handler
                0x10002728       0x90 CMakeFiles/robo_pico.dir/C_/Program_Files/Raspberry_Pi/Pico_SDK_v1.5.1/pico-sdk/src/rp2_common/hardware_timer/timer.c.obj
 .text.hardware_alarm_claim
                0x100027b8       0x18 CMakeFiles/robo_pico.dir/C_/Program_Files/Raspberry_Pi/Pico_SDK_v1.5.1/pico-sdk/src/rp2_common/hardware_timer/timer.c.obj
                0x100027b8                hardware_alarm_claim
 .text.time_us_64
                0x100027d0       0x18 CMakeFiles/robo_pico.dir/C_/Program_Files/Raspberry_Pi/Pico_SDK_v1.5.1/pico-sdk/src/rp2_common/hardware_timer/timer.c.obj
                0x100027d0                time_us_64
 .text.busy_wait_until
                0x100027e8       0x28 CMakeFiles/robo_pico.dir/C_/Program_Files/Raspberry_Pi/Pico_SDK_v1.5.1/pico-sdk/src/rp2_common/hardware_timer/timer.c.obj
                0x100027e8                busy_wait_until
 .text.busy_wait_us
                0x10002810       0x48 CMakeFiles/robo_pico.dir/C_/Program_Files/Raspberry_Pi/Pico_SDK_v1.5.1/pico-sdk/src/rp2_common/hardware_timer/timer.c.obj
                0x10002810                busy_wait_us
 .text.hardware_alarm_set_callback
                0x10002858       0x90 CMakeFiles/robo_pico.dir/C_/Program_Files/Raspberry_Pi/Pico_SDK_v1.5.1/pico-sdk/src/rp2_common/hardware_timer/timer.c.obj
                0x10002858                hardware_alarm_set_callback
 .text.hardware_alarm_set_target
                0x100028e8       0xe8 CMakeFiles/robo_pico.dir/C_/Program_Files/Raspberry_Pi/Pico_SDK_v1.5.1/pico-sdk/src/rp2_common/hardware_timer/timer.c.obj
                0x100028e8                hardware_alarm_set_target
 .text.hardware_alarm_cancel
                0x100029d0       0x40 CMakeFiles/robo_pico.dir/C_/Program_Files/Raspberry_Pi/Pico_SDK_v1.5.1/pico-sdk/src/rp2_common/hardware_timer/timer.c.obj
                0x100029d0                hardware_alarm_cancel
 .text.ph_add_child_node
                0x10002a10       0xa4 CMakeFiles/robo_pico.dir/C_/Program_Files/Raspberry_Pi/Pico_SDK_v1.5.1/pico-sdk/src/common/pico_util/pheap.c.obj
 .text.ph_merge_nodes
                0x10002ab4       0x3e CMakeFiles/robo_pico.dir/C_/Program_Files/Raspberry_Pi/Pico_SDK_v1.5.1/pico-sdk/src/common/pico_util/pheap.c.obj
 *fill*         0x10002af2        0x2 
 .text.ph_clear
                0x10002af4       0x70 CMakeFiles/robo_pico.dir/C_/Program_Files/Raspberry_Pi/Pico_SDK_v1.5.1/pico-sdk/src/common/pico_util/pheap.c.obj
                0x10002af4                ph_clear
 .text.ph_post_alloc_init
                0x10002b64        0xe CMakeFiles/robo_pico.dir/C_/Program_Files/Raspberry_Pi/Pico_SDK_v1.5.1/pico-sdk/src/common/pico_util/pheap.c.obj
                0x10002b64                ph_post_alloc_init
 *fill*         0x10002b72        0x2 
 .text.ph_merge_two_pass
                0x10002b74       0xa8 CMakeFiles/robo_pico.dir/C_/Program_Files/Raspberry_Pi/Pico_SDK_v1.5.1/pico-sdk/src/common/pico_util/pheap.c.obj
                0x10002b74                ph_merge_two_pass
 .text.ph_remove_any_head
                0x10002c1c      0x128 CMakeFiles/robo_pico.dir/C_/Program_Files/Raspberry_Pi/Pico_SDK_v1.5.1/pico-sdk/src/common/pico_util/pheap.c.obj
 .text.ph_remove_head
                0x10002d44       0x14 CMakeFiles/robo_pico.dir/C_/Program_Files/Raspberry_Pi/Pico_SDK_v1.5.1/pico-sdk/src/common/pico_util/pheap.c.obj
                0x10002d44                ph_remove_head
 .text.ph_remove_and_free_node
                0x10002d58       0xf8 CMakeFiles/robo_pico.dir/C_/Program_Files/Raspberry_Pi/Pico_SDK_v1.5.1/pico-sdk/src/common/pico_util/pheap.c.obj
                0x10002d58                ph_remove_and_free_node
 .text.uart_disable_before_lcr_write
                0x10002e50       0x48 CMakeFiles/robo_pico.dir/C_/Program_Files/Raspberry_Pi/Pico_SDK_v1.5.1/pico-sdk/src/rp2_common/hardware_uart/uart.c.obj
 .text.uart_write_lcr_bits_masked
                0x10002e98       0x22 CMakeFiles/robo_pico.dir/C_/Program_Files/Raspberry_Pi/Pico_SDK_v1.5.1/pico-sdk/src/rp2_common/hardware_uart/uart.c.obj
 *fill*         0x10002eba        0x2 
 .text.uart_set_baudrate
                0x10002ebc       0x5c CMakeFiles/robo_pico.dir/C_/Program_Files/Raspberry_Pi/Pico_SDK_v1.5.1/pico-sdk/src/rp2_common/hardware_uart/uart.c.obj
                0x10002ebc                uart_set_baudrate
 .text.uart_set_format
                0x10002f18       0x2c CMakeFiles/robo_pico.dir/C_/Program_Files/Raspberry_Pi/Pico_SDK_v1.5.1/pico-sdk/src/rp2_common/hardware_uart/uart.c.obj
                0x10002f18                uart_set_format
 .text.uart_set_fifo_enabled
                0x10002f44       0x10 CMakeFiles/robo_pico.dir/C_/Program_Files/Raspberry_Pi/Pico_SDK_v1.5.1/pico-sdk/src/rp2_common/hardware_uart/uart.c.obj
                0x10002f44                uart_set_fifo_enabled
 .text.uart_set_translate_crlf
                0x10002f54       0x28 CMakeFiles/robo_pico.dir/C_/Program_Files/Raspberry_Pi/Pico_SDK_v1.5.1/pico-sdk/src/rp2_common/hardware_uart/uart.c.obj
                0x10002f54                uart_set_translate_crlf
 .text.uart_init
                0x10002f7c       0x80 CMakeFiles/robo_pico.dir/C_/Program_Files/Raspberry_Pi/Pico_SDK_v1.5.1/pico-sdk/src/rp2_common/hardware_uart/uart.c.obj
                0x10002f7c                uart_init
 .text.clock_configure
                0x10002ffc      0x108 CMakeFiles/robo_pico.dir/C_/Program_Files/Raspberry_Pi/Pico_SDK_v1.5.1/pico-sdk/src/rp2_common/hardware_clocks/clocks.c.obj
                0x10002ffc                clock_configure
 .text.clocks_init
                0x10003104      0x100 CMakeFiles/robo_pico.dir/C_/Program_Files/Raspberry_Pi/Pico_SDK_v1.5.1/pico-sdk/src/rp2_common/hardware_clocks/clocks.c.obj
                0x10003104                clocks_init
 .text.clock_get_hz
                0x10003204        0xc CMakeFiles/robo_pico.dir/C_/Program_Files/Raspberry_Pi/Pico_SDK_v1.5.1/pico-sdk/src/rp2_common/hardware_clocks/clocks.c.obj
                0x10003204                clock_get_hz
 .text.pll_init
                0x10003210      0x120 CMakeFiles/robo_pico.dir/C_/Program_Files/Raspberry_Pi/Pico_SDK_v1.5.1/pico-sdk/src/rp2_common/hardware_pll/pll.c.obj
                0x10003210                pll_init
 .text.watchdog_start_tick
                0x10003330       0x10 CMakeFiles/robo_pico.dir/C_/Program_Files/Raspberry_Pi/Pico_SDK_v1.5.1/pico-sdk/src/rp2_common/hardware_watchdog/watchdog.c.obj
                0x10003330                watchdog_start_tick
 .text.watchdog_update
                0x10003340       0x14 CMakeFiles/robo_pico.dir/C_/Program_Files/Raspberry_Pi/Pico_SDK_v1.5.1/pico-sdk/src/rp2_common/hardware_watchdog/watchdog.c.obj
                0x10003340                watchdog_update
 .text._watchdog_enable
                0x10003354       0x78 CMakeFiles/robo_pico.dir/C_/Program_Files/Raspberry_Pi/Pico_SDK_v1.5.1/pico-sdk/src/rp2_common/hardware_watchdog/watchdog.c.obj
                0x10003354                _watchdog_enable
 .text.watchdog_reboot
                0x100033cc       0x48 CMakeFiles/robo_pico.dir/C_/Program_Files/Raspberry_Pi/Pico_SDK_v1.5.1/pico-sdk/src/rp2_common/hardware_watchdog/watchdog.c.obj
                0x100033cc                watchdog_reboot
 .text.xosc_init
                0x10003414       0x28 CMakeFiles/robo_pico.dir/C_/Program_Files/Raspberry_Pi/Pico_SDK_v1.5.1/pico-sdk/src/rp2_common/hardware_xosc/xosc.c.obj
                0x10003414                xosc_init
 .text._exit    0x1000343c        0x4 CMakeFiles/robo_pico.dir/C_/Program_Files/Raspberry_Pi/Pico_SDK_v1.5.1/pico-sdk/src/rp2_common/pico_runtime/runtime.c.obj
                0x1000343c                _exit
 .text.exit     0x10003440        0x6 CMakeFiles/robo_pico.dir/C_/Program_Files/Raspberry_Pi/Pico_SDK_v1.5.1/pico-sdk/src/rp2_common/pico_runtime/runtime.c.obj
                0x10003440                exit
 *fill*         0x10003446        0x2 
 .text.__assert_func
                0x10003448       0x3c CMakeFiles/robo_pico.dir/C_/Program_Files/Raspberry_Pi/Pico_SDK_v1.5.1/pico-sdk/src/rp2_common/pico_runtime/runtime.c.obj
                0x10003448                __assert_func
 .text.runtime_init
                0x10003484       0xf8 CMakeFiles/robo_pico.dir/C_/Program_Files/Raspberry_Pi/Pico_SDK_v1.5.1/pico-sdk/src/rp2_common/pico_runtime/runtime.c.obj
                0x10003484                runtime_init
 .text.panic    0x1000357c       0x30 CMakeFiles/robo_pico.dir/C_/Program_Files/Raspberry_Pi/Pico_SDK_v1.5.1/pico-sdk/src/rp2_common/pico_runtime/runtime.c.obj
                0x1000357c                panic
 .text._out_null
                0x100035ac        0x2 CMakeFiles/robo_pico.dir/C_/Program_Files/Raspberry_Pi/Pico_SDK_v1.5.1/pico-sdk/src/rp2_common/pico_printf/printf.c.obj
 .text._out_fct
                0x100035ae        0xe CMakeFiles/robo_pico.dir/C_/Program_Files/Raspberry_Pi/Pico_SDK_v1.5.1/pico-sdk/src/rp2_common/pico_printf/printf.c.obj
 .text._atoi    0x100035bc       0x24 CMakeFiles/robo_pico.dir/C_/Program_Files/Raspberry_Pi/Pico_SDK_v1.5.1/pico-sdk/src/rp2_common/pico_printf/printf.c.obj
 .text._out_rev
                0x100035e0       0xae CMakeFiles/robo_pico.dir/C_/Program_Files/Raspberry_Pi/Pico_SDK_v1.5.1/pico-sdk/src/rp2_common/pico_printf/printf.c.obj
 .text._ntoa_format
                0x1000368e      0x112 CMakeFiles/robo_pico.dir/C_/Program_Files/Raspberry_Pi/Pico_SDK_v1.5.1/pico-sdk/src/rp2_common/pico_printf/printf.c.obj
 .text._ntoa_long
                0x100037a0       0xbc CMakeFiles/robo_pico.dir/C_/Program_Files/Raspberry_Pi/Pico_SDK_v1.5.1/pico-sdk/src/rp2_common/pico_printf/printf.c.obj
 .text._ntoa_long_long
                0x1000385c       0xe2 CMakeFiles/robo_pico.dir/C_/Program_Files/Raspberry_Pi/Pico_SDK_v1.5.1/pico-sdk/src/rp2_common/pico_printf/printf.c.obj
 *fill*         0x1000393e        0x2 
 .text._etoa    0x10003940      0x414 CMakeFiles/robo_pico.dir/C_/Program_Files/Raspberry_Pi/Pico_SDK_v1.5.1/pico-sdk/src/rp2_common/pico_printf/printf.c.obj
 .text._ftoa    0x10003d54      0x354 CMakeFiles/robo_pico.dir/C_/Program_Files/Raspberry_Pi/Pico_SDK_v1.5.1/pico-sdk/src/rp2_common/pico_printf/printf.c.obj
 .text._vsnprintf
                0x100040a8      0x624 CMakeFiles/robo_pico.dir/C_/Program_Files/Raspberry_Pi/Pico_SDK_v1.5.1/pico-sdk/src/rp2_common/pico_printf/printf.c.obj
 .text.vfctprintf
                0x100046cc       0x20 CMakeFiles/robo_pico.dir/C_/Program_Files/Raspberry_Pi/Pico_SDK_v1.5.1/pico-sdk/src/rp2_common/pico_printf/printf.c.obj
                0x100046cc                vfctprintf
 .text          0x100046ec       0x10 CMakeFiles/robo_pico.dir/C_/Program_Files/Raspberry_Pi/Pico_SDK_v1.5.1/pico-sdk/src/rp2_common/pico_bit_ops/bit_ops_aeabi.S.obj
 .text.rom_func_lookup
                0x100046fc       0x10 CMakeFiles/robo_pico.dir/C_/Program_Files/Raspberry_Pi/Pico_SDK_v1.5.1/pico-sdk/src/rp2_common/pico_bootrom/bootrom.c.obj
                0x100046fc                rom_func_lookup
 .text.rom_data_lookup
                0x1000470c       0x10 CMakeFiles/robo_pico.dir/C_/Program_Files/Raspberry_Pi/Pico_SDK_v1.5.1/pico-sdk/src/rp2_common/pico_bootrom/bootrom.c.obj
                0x1000470c                rom_data_lookup
 .text.rom_funcs_lookup
                0x1000471c       0x36 CMakeFiles/robo_pico.dir/C_/Program_Files/Raspberry_Pi/Pico_SDK_v1.5.1/pico-sdk/src/rp2_common/pico_bootrom/bootrom.c.obj
                0x1000471c                rom_funcs_lookup
 *fill*         0x10004752        0x2 
 .text.__wrap___aeabi_idiv
                0x10004754       0x50 CMakeFiles/robo_pico.dir/C_/Program_Files/Raspberry_Pi/Pico_SDK_v1.5.1/pico-sdk/src/rp2_common/pico_divider/divider.S.obj
                0x10004754                __wrap___aeabi_idivmod
                0x10004754                divmod_s32s32
                0x10004754                div_s32s32
                0x10004754                __wrap___aeabi_idiv
                0x1000475c                divmod_s32s32_unsafe
                0x10004788                divmod_s32s32_savestate
 .text.__wrap___aeabi_uidiv
                0x100047a4       0x4c CMakeFiles/robo_pico.dir/C_/Program_Files/Raspberry_Pi/Pico_SDK_v1.5.1/pico-sdk/src/rp2_common/pico_divider/divider.S.obj
                0x100047a4                __wrap___aeabi_uidiv
                0x100047a4                __wrap___aeabi_uidivmod
                0x100047a4                div_u32u32
                0x100047a4                divmod_u32u32
                0x100047ac                divmod_u32u32_unsafe
                0x100047d4                divmod_u32u32_savestate
 .text.__wrap___aeabi_ldiv
                0x100047f0      0x424 CMakeFiles/robo_pico.dir/C_/Program_Files/Raspberry_Pi/Pico_SDK_v1.5.1/pico-sdk/src/rp2_common/pico_divider/divider.S.obj
                0x100047f0                div_s64s64
                0x100047f0                divmod_s64s64
                0x100047f0                __wrap___aeabi_ldivmod
                0x10004820                divmod_u64u64
                0x10004820                div_u64u64
                0x10004820                __wrap___aeabi_uldivmod
                0x10004830                divmod_u64u64_savestate
                0x10004850                divmod_s64s64_unsafe
                0x100048d8                divmod_u64u64_unsafe
 .text.__wrap___aeabi_darithmetic
                0x10004c14       0x80 CMakeFiles/robo_pico.dir/C_/Program_Files/Raspberry_Pi/Pico_SDK_v1.5.1/pico-sdk/src/rp2_common/pico_double/double_aeabi.S.obj
                0x10004c14                __wrap___aeabi_drsub
                0x10004c1a                __wrap___aeabi_dsub
                0x10004c2c                __wrap___aeabi_dadd
                0x10004c3e                __wrap___aeabi_ddiv
                0x10004c7a                __wrap___aeabi_dmul
 .text.__wrap___aeabi_cdcmple
                0x10004c94       0x6c CMakeFiles/robo_pico.dir/C_/Program_Files/Raspberry_Pi/Pico_SDK_v1.5.1/pico-sdk/src/rp2_common/pico_double/double_aeabi.S.obj
                0x10004c94                __wrap___aeabi_cdrcmple
                0x10004ca4                __wrap___aeabi_cdcmpeq
                0x10004ca4                __wrap___aeabi_cdcmple
 .text.__wrap___aeabi_dcmplt
                0x10004d00        0xc CMakeFiles/robo_pico.dir/C_/Program_Files/Raspberry_Pi/Pico_SDK_v1.5.1/pico-sdk/src/rp2_common/pico_double/double_aeabi.S.obj
                0x10004d00                __wrap___aeabi_dcmplt
 .text.__wrap___aeabi_dcmple
                0x10004d0c       0x10 CMakeFiles/robo_pico.dir/C_/Program_Files/Raspberry_Pi/Pico_SDK_v1.5.1/pico-sdk/src/rp2_common/pico_double/double_aeabi.S.obj
                0x10004d0c                __wrap___aeabi_dcmple
 .text.__wrap___aeabi_dcmpge
                0x10004d1c       0x10 CMakeFiles/robo_pico.dir/C_/Program_Files/Raspberry_Pi/Pico_SDK_v1.5.1/pico-sdk/src/rp2_common/pico_double/double_aeabi.S.obj
                0x10004d1c                __wrap___aeabi_dcmpge
 .text.__wrap___aeabi_dcmpgt
                0x10004d2c        0xa CMakeFiles/robo_pico.dir/C_/Program_Files/Raspberry_Pi/Pico_SDK_v1.5.1/pico-sdk/src/rp2_common/pico_double/double_aeabi.S.obj
                0x10004d2c                __wrap___aeabi_dcmpgt
 .text.__wrap___aeabi_dcmpun
                0x10004d36       0x1c CMakeFiles/robo_pico.dir/C_/Program_Files/Raspberry_Pi/Pico_SDK_v1.5.1/pico-sdk/src/rp2_common/pico_double/double_aeabi.S.obj
                0x10004d36                __wrap___aeabi_dcmpun
 *fill*         0x10004d52        0x2 
 .text.__wrap___aeabi_i2d
                0x10004d54       0x38 CMakeFiles/robo_pico.dir/C_/Program_Files/Raspberry_Pi/Pico_SDK_v1.5.1/pico-sdk/src/rp2_common/pico_double/double_aeabi.S.obj
                0x10004d54                __wrap___aeabi_ui2d
                0x10004d5c                __wrap___aeabi_i2d
 .text.__wrap___aeabi_d2iz
                0x10004d8c       0x48 CMakeFiles/robo_pico.dir/C_/Program_Files/Raspberry_Pi/Pico_SDK_v1.5.1/pico-sdk/src/rp2_common/pico_double/double_aeabi.S.obj
                0x10004d8c                double2int_z
                0x10004d8c                __wrap___aeabi_d2iz
 .text.__wrap___aeabi_d2uiz
                0x10004dd4       0x18 CMakeFiles/robo_pico.dir/C_/Program_Files/Raspberry_Pi/Pico_SDK_v1.5.1/pico-sdk/src/rp2_common/pico_double/double_aeabi.S.obj
                0x10004dd4                __wrap___aeabi_d2uiz
                0x10004dd4                double2uint
 .text.__wrap___aeabi_d2f
                0x10004dec       0x18 CMakeFiles/robo_pico.dir/C_/Program_Files/Raspberry_Pi/Pico_SDK_v1.5.1/pico-sdk/src/rp2_common/pico_double/double_aeabi.S.obj
                0x10004dec                __wrap___aeabi_d2f
 .text.__aeabi_double_init
                0x10004e04       0xc8 CMakeFiles/robo_pico.dir/C_/Program_Files/Raspberry_Pi/Pico_SDK_v1.5.1/pico-sdk/src/rp2_common/pico_double/double_init_rom.c.obj
                0x10004e04                __aeabi_double_init
 .text.double_table_shim_on_use_helper
                0x10004ecc       0x34 CMakeFiles/robo_pico.dir/C_/Program_Files/Raspberry_Pi/Pico_SDK_v1.5.1/pico-sdk/src/rp2_common/pico_double/double_v1_rom_shim.S.obj
                0x10004ecc                double_table_shim_on_use_helper
 .text.__wrap___aeabi_dsub
                0x10004f00       0x10 CMakeFiles/robo_pico.dir/C_/Program_Files/Raspberry_Pi/Pico_SDK_v1.5.1/pico-sdk/src/rp2_common/pico_double/double_v1_rom_shim.S.obj
                0x10004f00                drsub_shim
                0x10004f06                dsub_shim
 .text.dadd_shim
                0x10004f10      0x15c CMakeFiles/robo_pico.dir/C_/Program_Files/Raspberry_Pi/Pico_SDK_v1.5.1/pico-sdk/src/rp2_common/pico_double/double_v1_rom_shim.S.obj
                0x10004f10                dadd_shim
 .text.dmul_shim
                0x1000506c      0x15c CMakeFiles/robo_pico.dir/C_/Program_Files/Raspberry_Pi/Pico_SDK_v1.5.1/pico-sdk/src/rp2_common/pico_double/double_v1_rom_shim.S.obj
                0x1000506c                dmul_shim
 .text.ddiv_shim
                0x100051c8      0x1b0 CMakeFiles/robo_pico.dir/C_/Program_Files/Raspberry_Pi/Pico_SDK_v1.5.1/pico-sdk/src/rp2_common/pico_double/double_v1_rom_shim.S.obj
                0x100051c8                ddiv_shim
 .text.double2uint_shim
                0x10005378        0xe CMakeFiles/robo_pico.dir/C_/Program_Files/Raspberry_Pi/Pico_SDK_v1.5.1/pico-sdk/src/rp2_common/pico_double/double_v1_rom_shim.S.obj
                0x10005378                double2uint_shim
                0x1000537a                double2ufix_shim
 *fill*         0x10005386        0x2 
 .text.double2uint64_shim
                0x10005388       0x70 CMakeFiles/robo_pico.dir/C_/Program_Files/Raspberry_Pi/Pico_SDK_v1.5.1/pico-sdk/src/rp2_common/pico_double/double_v1_rom_shim.S.obj
                0x10005388                double2uint64_shim
                0x1000538a                double2ufix64_shim
                0x100053aa                d2fix_a
 .text.double2float_shim
                0x100053f8       0x5c CMakeFiles/robo_pico.dir/C_/Program_Files/Raspberry_Pi/Pico_SDK_v1.5.1/pico-sdk/src/rp2_common/pico_double/double_v1_rom_shim.S.obj
                0x100053f8                double2float_shim
 .text.dunpacks
                0x10005454       0x3c CMakeFiles/robo_pico.dir/C_/Program_Files/Raspberry_Pi/Pico_SDK_v1.5.1/pico-sdk/src/rp2_common/pico_double/double_v1_rom_shim.S.obj
                0x10005454                dunpacks
 .text.__aeabi_lmul
                0x10005490       0x32 CMakeFiles/robo_pico.dir/C_/Program_Files/Raspberry_Pi/Pico_SDK_v1.5.1/pico-sdk/src/rp2_common/pico_int64_ops/pico_int64_ops_aeabi.S.obj
                0x10005490                __wrap___aeabi_lmul
 *fill*         0x100054c2        0x2 
 .text.__wrap___aeabi_farithmetic
                0x100054c4       0x58 CMakeFiles/robo_pico.dir/C_/Program_Files/Raspberry_Pi/Pico_SDK_v1.5.1/pico-sdk/src/rp2_common/pico_float/float_aeabi.S.obj
                0x100054c4                __wrap___aeabi_frsub
                0x100054ca                __wrap___aeabi_fsub
                0x100054d4                __wrap___aeabi_fadd
                0x100054de                __wrap___aeabi_fdiv
                0x1000550a                __wrap___aeabi_fmul
 .text.__wrap___aeabi_cfcmple
                0x1000551c       0x50 CMakeFiles/robo_pico.dir/C_/Program_Files/Raspberry_Pi/Pico_SDK_v1.5.1/pico-sdk/src/rp2_common/pico_float/float_aeabi.S.obj
                0x1000551c                __wrap___aeabi_cfrcmple
                0x10005528                __wrap___aeabi_cfcmple
                0x10005528                __wrap___aeabi_cfcmpeq
 .text.__wrap___aeabi_fcmplt
                0x1000556c        0xc CMakeFiles/robo_pico.dir/C_/Program_Files/Raspberry_Pi/Pico_SDK_v1.5.1/pico-sdk/src/rp2_common/pico_float/float_aeabi.S.obj
                0x1000556c                __wrap___aeabi_fcmplt
 .text.__wrap___aeabi_fcmpgt
                0x10005578        0xa CMakeFiles/robo_pico.dir/C_/Program_Files/Raspberry_Pi/Pico_SDK_v1.5.1/pico-sdk/src/rp2_common/pico_float/float_aeabi.S.obj
                0x10005578                __wrap___aeabi_fcmpgt
 *fill*         0x10005582        0x2 
 .text.__wrap___aeabi_i2f
                0x10005584       0x44 CMakeFiles/robo_pico.dir/C_/Program_Files/Raspberry_Pi/Pico_SDK_v1.5.1/pico-sdk/src/rp2_common/pico_float/float_aeabi.S.obj
                0x10005584                __wrap___aeabi_i2f
 .text.fix2float
                0x100055c8       0x10 CMakeFiles/robo_pico.dir/C_/Program_Files/Raspberry_Pi/Pico_SDK_v1.5.1/pico-sdk/src/rp2_common/pico_float/float_aeabi.S.obj
                0x100055c8                fix2float
 .text.__wrap___aeabi_f2d
                0x100055d8       0x14 CMakeFiles/robo_pico.dir/C_/Program_Files/Raspberry_Pi/Pico_SDK_v1.5.1/pico-sdk/src/rp2_common/pico_float/float_aeabi.S.obj
                0x100055d8                __wrap___aeabi_f2d
 .text.__wrap_sqrtf
                0x100055ec       0x24 CMakeFiles/robo_pico.dir/C_/Program_Files/Raspberry_Pi/Pico_SDK_v1.5.1/pico-sdk/src/rp2_common/pico_float/float_aeabi.S.obj
                0x100055ec                __wrap_sqrtf
 .text.__wrap_cosf
                0x10005610       0x28 CMakeFiles/robo_pico.dir/C_/Program_Files/Raspberry_Pi/Pico_SDK_v1.5.1/pico-sdk/src/rp2_common/pico_float/float_aeabi.S.obj
                0x10005610                __wrap_cosf
 .text.__wrap_sinf
                0x10005638       0x28 CMakeFiles/robo_pico.dir/C_/Program_Files/Raspberry_Pi/Pico_SDK_v1.5.1/pico-sdk/src/rp2_common/pico_float/float_aeabi.S.obj
                0x10005638                __wrap_sinf
 .text.__wrap_atan2f
                0x10005660       0x14 CMakeFiles/robo_pico.dir/C_/Program_Files/Raspberry_Pi/Pico_SDK_v1.5.1/pico-sdk/src/rp2_common/pico_float/float_aeabi.S.obj
                0x10005660                __wrap_atan2f
 .text.__aeabi_float_init
                0x10005674       0xfc CMakeFiles/robo_pico.dir/C_/Program_Files/Raspberry_Pi/Pico_SDK_v1.5.1/pico-sdk/src/rp2_common/pico_float/float_init_rom.c.obj
                0x10005674                __aeabi_float_init
 .text.frem_0   0x10005770       0x80 CMakeFiles/robo_pico.dir/C_/Program_Files/Raspberry_Pi/Pico_SDK_v1.5.1/pico-sdk/src/rp2_common/pico_float/float_math.c.obj
 .text.__wrap_remquof
                0x100057f0       0xda CMakeFiles/robo_pico.dir/C_/Program_Files/Raspberry_Pi/Pico_SDK_v1.5.1/pico-sdk/src/rp2_common/pico_float/float_math.c.obj
                0x100057f0                __wrap_remquof
 .text.__wrap_remainderf
                0x100058ca        0xa CMakeFiles/robo_pico.dir/C_/Program_Files/Raspberry_Pi/Pico_SDK_v1.5.1/pico-sdk/src/rp2_common/pico_float/float_math.c.obj
                0x100058ca                __wrap_remainderf
 .text.float_table_shim_on_use_helper
                0x100058d4       0x34 CMakeFiles/robo_pico.dir/C_/Program_Files/Raspberry_Pi/Pico_SDK_v1.5.1/pico-sdk/src/rp2_common/pico_float/float_v1_rom_shim.S.obj
                0x100058d4                float_table_shim_on_use_helper
 .text.fatan2_shim
                0x10005908       0x88 CMakeFiles/robo_pico.dir/C_/Program_Files/Raspberry_Pi/Pico_SDK_v1.5.1/pico-sdk/src/rp2_common/pico_float/float_v1_rom_shim.S.obj
                0x10005908                fatan2_shim
 .text.float2double_shim
                0x10005990       0x30 CMakeFiles/robo_pico.dir/C_/Program_Files/Raspberry_Pi/Pico_SDK_v1.5.1/pico-sdk/src/rp2_common/pico_float/float_v1_rom_shim.S.obj
                0x10005990                float2double_shim
 .text          0x100059c0       0x10 CMakeFiles/robo_pico.dir/C_/Program_Files/Raspberry_Pi/Pico_SDK_v1.5.1/pico-sdk/src/rp2_common/pico_mem_ops/mem_ops_aeabi.S.obj
                0x100059c0                __aeabi_mem_init
 .text.memset   0x100059d0        0xc CMakeFiles/robo_pico.dir/C_/Program_Files/Raspberry_Pi/Pico_SDK_v1.5.1/pico-sdk/src/rp2_common/pico_mem_ops/mem_ops_aeabi.S.obj
                0x100059d0                __wrap_memset
 .text.memcpy   0x100059dc        0xc CMakeFiles/robo_pico.dir/C_/Program_Files/Raspberry_Pi/Pico_SDK_v1.5.1/pico-sdk/src/rp2_common/pico_mem_ops/mem_ops_aeabi.S.obj
                0x100059dc                __wrap_memcpy
                0x100059dc                __wrap___aeabi_memcpy
 .text.stdio_out_chars_no_crlf
                0x100059e8        0xe CMakeFiles/robo_pico.dir/C_/Program_Files/Raspberry_Pi/Pico_SDK_v1.5.1/pico-sdk/src/rp2_common/pico_stdio/stdio.c.obj
 *fill*         0x100059f6        0x2 
 .text.stdio_out_chars_crlf
                0x100059f8       0x80 CMakeFiles/robo_pico.dir/C_/Program_Files/Raspberry_Pi/Pico_SDK_v1.5.1/pico-sdk/src/rp2_common/pico_stdio/stdio.c.obj
 .text.stdio_stack_buffer_flush
                0x10005a78       0x44 CMakeFiles/robo_pico.dir/C_/Program_Files/Raspberry_Pi/Pico_SDK_v1.5.1/pico-sdk/src/rp2_common/pico_stdio/stdio.c.obj
 .text.stdio_buffered_printer
                0x10005abc       0x20 CMakeFiles/robo_pico.dir/C_/Program_Files/Raspberry_Pi/Pico_SDK_v1.5.1/pico-sdk/src/rp2_common/pico_stdio/stdio.c.obj
 .text.stdio_get_until
                0x10005adc       0x80 CMakeFiles/robo_pico.dir/C_/Program_Files/Raspberry_Pi/Pico_SDK_v1.5.1/pico-sdk/src/rp2_common/pico_stdio/stdio.c.obj
 .text.stdout_serialize_begin
                0x10005b5c       0x5c CMakeFiles/robo_pico.dir/C_/Program_Files/Raspberry_Pi/Pico_SDK_v1.5.1/pico-sdk/src/rp2_common/pico_stdio/stdio.c.obj
                0x10005b5c                stdout_serialize_begin
 .text.stdout_serialize_end
                0x10005bb8       0x10 CMakeFiles/robo_pico.dir/C_/Program_Files/Raspberry_Pi/Pico_SDK_v1.5.1/pico-sdk/src/rp2_common/pico_stdio/stdio.c.obj
                0x10005bb8                stdout_serialize_end
 .text.stdio_put_string
                0x10005bc8       0x98 CMakeFiles/robo_pico.dir/C_/Program_Files/Raspberry_Pi/Pico_SDK_v1.5.1/pico-sdk/src/rp2_common/pico_stdio/stdio.c.obj
 .text.stdio_set_driver_enabled
                0x10005c60       0x2c CMakeFiles/robo_pico.dir/C_/Program_Files/Raspberry_Pi/Pico_SDK_v1.5.1/pico-sdk/src/rp2_common/pico_stdio/stdio.c.obj
                0x10005c60                stdio_set_driver_enabled
 .text.stdio_flush
                0x10005c8c       0x20 CMakeFiles/robo_pico.dir/C_/Program_Files/Raspberry_Pi/Pico_SDK_v1.5.1/pico-sdk/src/rp2_common/pico_stdio/stdio.c.obj
                0x10005c8c                stdio_flush
 .text.__wrap_puts
                0x10005cac       0x1e CMakeFiles/robo_pico.dir/C_/Program_Files/Raspberry_Pi/Pico_SDK_v1.5.1/pico-sdk/src/rp2_common/pico_stdio/stdio.c.obj
                0x10005cac                __wrap_puts
 *fill*         0x10005cca        0x2 
 .text.__wrap_vprintf
                0x10005ccc       0x40 CMakeFiles/robo_pico.dir/C_/Program_Files/Raspberry_Pi/Pico_SDK_v1.5.1/pico-sdk/src/rp2_common/pico_stdio/stdio.c.obj
                0x10005ccc                __wrap_vprintf
 .text.__wrap_printf
                0x10005d0c       0x18 CMakeFiles/robo_pico.dir/C_/Program_Files/Raspberry_Pi/Pico_SDK_v1.5.1/pico-sdk/src/rp2_common/pico_stdio/stdio.c.obj
                0x10005d0c                __wrap_printf
 .text.stdio_init_all
                0x10005d24        0x8 CMakeFiles/robo_pico.dir/C_/Program_Files/Raspberry_Pi/Pico_SDK_v1.5.1/pico-sdk/src/rp2_common/pico_stdio/stdio.c.obj
                0x10005d24                stdio_init_all
 .text.getchar_timeout_us
                0x10005d2c       0x80 CMakeFiles/robo_pico.dir/C_/Program_Files/Raspberry_Pi/Pico_SDK_v1.5.1/pico-sdk/src/rp2_common/pico_stdio/stdio.c.obj
                0x10005d2c                getchar_timeout_us
 .text.resetd_init
                0x10005dac        0x2 CMakeFiles/robo_pico.dir/C_/Program_Files/Raspberry_Pi/Pico_SDK_v1.5.1/pico-sdk/src/rp2_common/pico_stdio_usb/reset_interface.c.obj
 *fill*         0x10005dae        0x2 
 .text.resetd_reset
                0x10005db0        0xc CMakeFiles/robo_pico.dir/C_/Program_Files/Raspberry_Pi/Pico_SDK_v1.5.1/pico-sdk/src/rp2_common/pico_stdio_usb/reset_interface.c.obj
 .text.resetd_open
                0x10005dbc       0x34 CMakeFiles/robo_pico.dir/C_/Program_Files/Raspberry_Pi/Pico_SDK_v1.5.1/pico-sdk/src/rp2_common/pico_stdio_usb/reset_interface.c.obj
 .text.resetd_xfer_cb
                0x10005df0        0x4 CMakeFiles/robo_pico.dir/C_/Program_Files/Raspberry_Pi/Pico_SDK_v1.5.1/pico-sdk/src/rp2_common/pico_stdio_usb/reset_interface.c.obj
 .text.reset_usb_boot
                0x10005df4       0x18 CMakeFiles/robo_pico.dir/C_/Program_Files/Raspberry_Pi/Pico_SDK_v1.5.1/pico-sdk/src/rp2_common/pico_stdio_usb/reset_interface.c.obj
 .text.resetd_control_xfer_cb
                0x10005e0c       0x5c CMakeFiles/robo_pico.dir/C_/Program_Files/Raspberry_Pi/Pico_SDK_v1.5.1/pico-sdk/src/rp2_common/pico_stdio_usb/reset_interface.c.obj
 .text.usbd_app_driver_get_cb
                0x10005e68        0xc CMakeFiles/robo_pico.dir/C_/Program_Files/Raspberry_Pi/Pico_SDK_v1.5.1/pico-sdk/src/rp2_common/pico_stdio_usb/reset_interface.c.obj
                0x10005e68                usbd_app_driver_get_cb
 .text.tud_cdc_line_coding_cb
                0x10005e74       0x28 CMakeFiles/robo_pico.dir/C_/Program_Files/Raspberry_Pi/Pico_SDK_v1.5.1/pico-sdk/src/rp2_common/pico_stdio_usb/reset_interface.c.obj
                0x10005e74                tud_cdc_line_coding_cb
 .text.stdio_usb_set_chars_available_callback
                0x10005e9c       0x14 CMakeFiles/robo_pico.dir/C_/Program_Files/Raspberry_Pi/Pico_SDK_v1.5.1/pico-sdk/src/rp2_common/pico_stdio_usb/stdio_usb.c.obj
                0x10005e9c                stdio_usb_set_chars_available_callback
 .text.usb_irq  0x10005eb0       0x10 CMakeFiles/robo_pico.dir/C_/Program_Files/Raspberry_Pi/Pico_SDK_v1.5.1/pico-sdk/src/rp2_common/pico_stdio_usb/stdio_usb.c.obj
 .text.timer_task
                0x10005ec0       0x5c CMakeFiles/robo_pico.dir/C_/Program_Files/Raspberry_Pi/Pico_SDK_v1.5.1/pico-sdk/src/rp2_common/pico_stdio_usb/stdio_usb.c.obj
 .text.low_priority_worker_irq
                0x10005f1c       0xdc CMakeFiles/robo_pico.dir/C_/Program_Files/Raspberry_Pi/Pico_SDK_v1.5.1/pico-sdk/src/rp2_common/pico_stdio_usb/stdio_usb.c.obj
 .text.tud_cdc_rx_cb
                0x10005ff8       0x20 CMakeFiles/robo_pico.dir/C_/Program_Files/Raspberry_Pi/Pico_SDK_v1.5.1/pico-sdk/src/rp2_common/pico_stdio_usb/stdio_usb.c.obj
                0x10005ff8                tud_cdc_rx_cb
 .text.stdio_usb_init
                0x10006018      0x11c CMakeFiles/robo_pico.dir/C_/Program_Files/Raspberry_Pi/Pico_SDK_v1.5.1/pico-sdk/src/rp2_common/pico_stdio_usb/stdio_usb.c.obj
                0x10006018                stdio_usb_init
 .text.stdio_usb_connected
                0x10006134        0xa CMakeFiles/robo_pico.dir/C_/Program_Files/Raspberry_Pi/Pico_SDK_v1.5.1/pico-sdk/src/rp2_common/pico_stdio_usb/stdio_usb.c.obj
                0x10006134                stdio_usb_connected
 *fill*         0x1000613e        0x2 
 .text.stdio_usb_in_chars
                0x10006140       0xc4 CMakeFiles/robo_pico.dir/C_/Program_Files/Raspberry_Pi/Pico_SDK_v1.5.1/pico-sdk/src/rp2_common/pico_stdio_usb/stdio_usb.c.obj
                0x10006140                stdio_usb_in_chars
 .text.stdio_usb_out_chars
                0x10006204      0x114 CMakeFiles/robo_pico.dir/C_/Program_Files/Raspberry_Pi/Pico_SDK_v1.5.1/pico-sdk/src/rp2_common/pico_stdio_usb/stdio_usb.c.obj
 .text.tud_descriptor_device_cb
                0x10006318        0x8 CMakeFiles/robo_pico.dir/C_/Program_Files/Raspberry_Pi/Pico_SDK_v1.5.1/pico-sdk/src/rp2_common/pico_stdio_usb/stdio_usb_descriptors.c.obj
                0x10006318                tud_descriptor_device_cb
 .text.tud_descriptor_configuration_cb
                0x10006320        0x8 CMakeFiles/robo_pico.dir/C_/Program_Files/Raspberry_Pi/Pico_SDK_v1.5.1/pico-sdk/src/rp2_common/pico_stdio_usb/stdio_usb_descriptors.c.obj
                0x10006320                tud_descriptor_configuration_cb
 .text.tud_descriptor_string_cb
                0x10006328       0x6c CMakeFiles/robo_pico.dir/C_/Program_Files/Raspberry_Pi/Pico_SDK_v1.5.1/pico-sdk/src/rp2_common/pico_stdio_usb/stdio_usb_descriptors.c.obj
                0x10006328                tud_descriptor_string_cb
 .text._retrieve_unique_id_on_boot
                0x10006394       0x10 CMakeFiles/robo_pico.dir/C_/Program_Files/Raspberry_Pi/Pico_SDK_v1.5.1/pico-sdk/src/rp2_common/pico_unique_id/unique_id.c.obj
 .text.pico_get_unique_board_id_string
                0x100063a4       0x60 CMakeFiles/robo_pico.dir/C_/Program_Files/Raspberry_Pi/Pico_SDK_v1.5.1/pico-sdk/src/rp2_common/pico_unique_id/unique_id.c.obj
                0x100063a4                pico_get_unique_board_id_string
 .text.flash_get_unique_id
                0x10006404       0x46 CMakeFiles/robo_pico.dir/C_/Program_Files/Raspberry_Pi/Pico_SDK_v1.5.1/pico-sdk/src/rp2_common/hardware_flash/flash.c.obj
                0x10006404                flash_get_unique_id
 *fill*         0x1000644a        0x2 
 .text.hw_endpoint_get_by_addr
                0x1000644c       0x18 CMakeFiles/robo_pico.dir/C_/Program_Files/Raspberry_Pi/Pico_SDK_v1.5.1/pico-sdk/lib/tinyusb/src/portable/raspberrypi/rp2040/dcd_rp2040.c.obj
 .text._hw_endpoint_alloc
                0x10006464       0x70 CMakeFiles/robo_pico.dir/C_/Program_Files/Raspberry_Pi/Pico_SDK_v1.5.1/pico-sdk/lib/tinyusb/src/portable/raspberrypi/rp2040/dcd_rp2040.c.obj
 .text.hw_endpoint_init
                0x100064d4       0x88 CMakeFiles/robo_pico.dir/C_/Program_Files/Raspberry_Pi/Pico_SDK_v1.5.1/pico-sdk/lib/tinyusb/src/portable/raspberrypi/rp2040/dcd_rp2040.c.obj
 .text.hw_endpoint_xfer
                0x1000655c       0x14 CMakeFiles/robo_pico.dir/C_/Program_Files/Raspberry_Pi/Pico_SDK_v1.5.1/pico-sdk/lib/tinyusb/src/portable/raspberrypi/rp2040/dcd_rp2040.c.obj
 .text.dcd_int_enable
                0x10006570       0x2c CMakeFiles/robo_pico.dir/C_/Program_Files/Raspberry_Pi/Pico_SDK_v1.5.1/pico-sdk/lib/tinyusb/src/portable/raspberrypi/rp2040/dcd_rp2040.c.obj
                0x10006570                dcd_int_enable
 .text.dcd_set_address
                0x1000659c       0x2c CMakeFiles/robo_pico.dir/C_/Program_Files/Raspberry_Pi/Pico_SDK_v1.5.1/pico-sdk/lib/tinyusb/src/portable/raspberrypi/rp2040/dcd_rp2040.c.obj
                0x1000659c                dcd_set_address
 .text.dcd_connect
                0x100065c8       0x10 CMakeFiles/robo_pico.dir/C_/Program_Files/Raspberry_Pi/Pico_SDK_v1.5.1/pico-sdk/lib/tinyusb/src/portable/raspberrypi/rp2040/dcd_rp2040.c.obj
                0x100065c8                dcd_connect
 .text.dcd_init
                0x100065d8       0x80 CMakeFiles/robo_pico.dir/C_/Program_Files/Raspberry_Pi/Pico_SDK_v1.5.1/pico-sdk/lib/tinyusb/src/portable/raspberrypi/rp2040/dcd_rp2040.c.obj
                0x100065d8                dcd_init
 .text.dcd_edpt0_status_complete
                0x10006658       0x1c CMakeFiles/robo_pico.dir/C_/Program_Files/Raspberry_Pi/Pico_SDK_v1.5.1/pico-sdk/lib/tinyusb/src/portable/raspberrypi/rp2040/dcd_rp2040.c.obj
                0x10006658                dcd_edpt0_status_complete
 .text.dcd_edpt_open
                0x10006674       0x40 CMakeFiles/robo_pico.dir/C_/Program_Files/Raspberry_Pi/Pico_SDK_v1.5.1/pico-sdk/lib/tinyusb/src/portable/raspberrypi/rp2040/dcd_rp2040.c.obj
                0x10006674                dcd_edpt_open
 .text.dcd_edpt_close_all
                0x100066b4        0x8 CMakeFiles/robo_pico.dir/C_/Program_Files/Raspberry_Pi/Pico_SDK_v1.5.1/pico-sdk/lib/tinyusb/src/portable/raspberrypi/rp2040/dcd_rp2040.c.obj
                0x100066b4                dcd_edpt_close_all
 .text.dcd_edpt_xfer
                0x100066bc       0x34 CMakeFiles/robo_pico.dir/C_/Program_Files/Raspberry_Pi/Pico_SDK_v1.5.1/pico-sdk/lib/tinyusb/src/portable/raspberrypi/rp2040/dcd_rp2040.c.obj
                0x100066bc                dcd_edpt_xfer
 .text.dcd_edpt_stall
                0x100066f0       0x2c CMakeFiles/robo_pico.dir/C_/Program_Files/Raspberry_Pi/Pico_SDK_v1.5.1/pico-sdk/lib/tinyusb/src/portable/raspberrypi/rp2040/dcd_rp2040.c.obj
                0x100066f0                dcd_edpt_stall
 .text.dcd_edpt_clear_stall
                0x1000671c       0x20 CMakeFiles/robo_pico.dir/C_/Program_Files/Raspberry_Pi/Pico_SDK_v1.5.1/pico-sdk/lib/tinyusb/src/portable/raspberrypi/rp2040/dcd_rp2040.c.obj
                0x1000671c                dcd_edpt_clear_stall
 .text.rp2040_usb_init
                0x1000673c       0x4c CMakeFiles/robo_pico.dir/C_/Program_Files/Raspberry_Pi/Pico_SDK_v1.5.1/pico-sdk/lib/tinyusb/src/portable/raspberrypi/rp2040/rp2040_usb.c.obj
                0x1000673c                rp2040_usb_init
 .text.hw_endpoint_xfer_start
                0x10006788       0x50 CMakeFiles/robo_pico.dir/C_/Program_Files/Raspberry_Pi/Pico_SDK_v1.5.1/pico-sdk/lib/tinyusb/src/portable/raspberrypi/rp2040/rp2040_usb.c.obj
                0x10006788                hw_endpoint_xfer_start
 .text.configuration_reset
                0x100067d8       0x84 CMakeFiles/robo_pico.dir/C_/Program_Files/Raspberry_Pi/Pico_SDK_v1.5.1/pico-sdk/lib/tinyusb/src/device/usbd.c.obj
 .text.usbd_reset
                0x1000685c        0xc CMakeFiles/robo_pico.dir/C_/Program_Files/Raspberry_Pi/Pico_SDK_v1.5.1/pico-sdk/lib/tinyusb/src/device/usbd.c.obj
 .text.invoke_class_control
                0x10006868       0x1a CMakeFiles/robo_pico.dir/C_/Program_Files/Raspberry_Pi/Pico_SDK_v1.5.1/pico-sdk/lib/tinyusb/src/device/usbd.c.obj
 *fill*         0x10006882        0x2 
 .text.process_set_config
                0x10006884      0x178 CMakeFiles/robo_pico.dir/C_/Program_Files/Raspberry_Pi/Pico_SDK_v1.5.1/pico-sdk/lib/tinyusb/src/device/usbd.c.obj
 .text.process_get_descriptor
                0x100069fc       0xdc CMakeFiles/robo_pico.dir/C_/Program_Files/Raspberry_Pi/Pico_SDK_v1.5.1/pico-sdk/lib/tinyusb/src/device/usbd.c.obj
 .text.tud_mounted
                0x10006ad8       0x10 CMakeFiles/robo_pico.dir/C_/Program_Files/Raspberry_Pi/Pico_SDK_v1.5.1/pico-sdk/lib/tinyusb/src/device/usbd.c.obj
                0x10006ad8                tud_mounted
 .text.tud_suspended
                0x10006ae8       0x10 CMakeFiles/robo_pico.dir/C_/Program_Files/Raspberry_Pi/Pico_SDK_v1.5.1/pico-sdk/lib/tinyusb/src/device/usbd.c.obj
                0x10006ae8                tud_suspended
 .text.tud_inited
                0x10006af8       0x14 CMakeFiles/robo_pico.dir/C_/Program_Files/Raspberry_Pi/Pico_SDK_v1.5.1/pico-sdk/lib/tinyusb/src/device/usbd.c.obj
                0x10006af8                tud_inited
 .text.tud_init
                0x10006b0c       0xcc CMakeFiles/robo_pico.dir/C_/Program_Files/Raspberry_Pi/Pico_SDK_v1.5.1/pico-sdk/lib/tinyusb/src/device/usbd.c.obj
                0x10006b0c                tud_init
 .text.usbd_defer_func
                0x10006bd8       0x2a CMakeFiles/robo_pico.dir/C_/Program_Files/Raspberry_Pi/Pico_SDK_v1.5.1/pico-sdk/lib/tinyusb/src/device/usbd.c.obj
                0x10006bd8                usbd_defer_func
 *fill*         0x10006c02        0x2 
 .text.usbd_edpt_open
                0x10006c04       0x34 CMakeFiles/robo_pico.dir/C_/Program_Files/Raspberry_Pi/Pico_SDK_v1.5.1/pico-sdk/lib/tinyusb/src/device/usbd.c.obj
                0x10006c04                usbd_edpt_open
 .text.usbd_open_edpt_pair
                0x10006c38       0x62 CMakeFiles/robo_pico.dir/C_/Program_Files/Raspberry_Pi/Pico_SDK_v1.5.1/pico-sdk/lib/tinyusb/src/device/usbd.c.obj
                0x10006c38                usbd_open_edpt_pair
 *fill*         0x10006c9a        0x2 
 .text.usbd_edpt_claim
                0x10006c9c       0x28 CMakeFiles/robo_pico.dir/C_/Program_Files/Raspberry_Pi/Pico_SDK_v1.5.1/pico-sdk/lib/tinyusb/src/device/usbd.c.obj
                0x10006c9c                usbd_edpt_claim
 .text.usbd_edpt_release
                0x10006cc4       0x28 CMakeFiles/robo_pico.dir/C_/Program_Files/Raspberry_Pi/Pico_SDK_v1.5.1/pico-sdk/lib/tinyusb/src/device/usbd.c.obj
                0x10006cc4                usbd_edpt_release
 .text.usbd_edpt_xfer
                0x10006cec       0x78 CMakeFiles/robo_pico.dir/C_/Program_Files/Raspberry_Pi/Pico_SDK_v1.5.1/pico-sdk/lib/tinyusb/src/device/usbd.c.obj
                0x10006cec                usbd_edpt_xfer
 .text.usbd_edpt_stall
                0x10006d64       0x48 CMakeFiles/robo_pico.dir/C_/Program_Files/Raspberry_Pi/Pico_SDK_v1.5.1/pico-sdk/lib/tinyusb/src/device/usbd.c.obj
                0x10006d64                usbd_edpt_stall
 .text.usbd_edpt_clear_stall
                0x10006dac       0x48 CMakeFiles/robo_pico.dir/C_/Program_Files/Raspberry_Pi/Pico_SDK_v1.5.1/pico-sdk/lib/tinyusb/src/device/usbd.c.obj
                0x10006dac                usbd_edpt_clear_stall
 .text.usbd_edpt_stalled
                0x10006df4       0x1c CMakeFiles/robo_pico.dir/C_/Program_Files/Raspberry_Pi/Pico_SDK_v1.5.1/pico-sdk/lib/tinyusb/src/device/usbd.c.obj
                0x10006df4                usbd_edpt_stalled
 .text.process_control_request
                0x10006e10      0x37c CMakeFiles/robo_pico.dir/C_/Program_Files/Raspberry_Pi/Pico_SDK_v1.5.1/pico-sdk/lib/tinyusb/src/device/usbd.c.obj
 .text.tud_task_ext
                0x1000718c      0x1b8 CMakeFiles/robo_pico.dir/C_/Program_Files/Raspberry_Pi/Pico_SDK_v1.5.1/pico-sdk/lib/tinyusb/src/device/usbd.c.obj
                0x1000718c                tud_task_ext
 .text._data_stage_xact
                0x10007344       0x58 CMakeFiles/robo_pico.dir/C_/Program_Files/Raspberry_Pi/Pico_SDK_v1.5.1/pico-sdk/lib/tinyusb/src/device/usbd_control.c.obj
 .text.tud_control_status
                0x1000739c       0x38 CMakeFiles/robo_pico.dir/C_/Program_Files/Raspberry_Pi/Pico_SDK_v1.5.1/pico-sdk/lib/tinyusb/src/device/usbd_control.c.obj
                0x1000739c                tud_control_status
 .text.tud_control_xfer
                0x100073d4       0x74 CMakeFiles/robo_pico.dir/C_/Program_Files/Raspberry_Pi/Pico_SDK_v1.5.1/pico-sdk/lib/tinyusb/src/device/usbd_control.c.obj
                0x100073d4                tud_control_xfer
 .text.usbd_control_reset
                0x10007448       0x14 CMakeFiles/robo_pico.dir/C_/Program_Files/Raspberry_Pi/Pico_SDK_v1.5.1/pico-sdk/lib/tinyusb/src/device/usbd_control.c.obj
                0x10007448                usbd_control_reset
 .text.usbd_control_set_complete_callback
                0x1000745c        0xc CMakeFiles/robo_pico.dir/C_/Program_Files/Raspberry_Pi/Pico_SDK_v1.5.1/pico-sdk/lib/tinyusb/src/device/usbd_control.c.obj
                0x1000745c                usbd_control_set_complete_callback
 .text.usbd_control_set_request
                0x10007468       0x1c CMakeFiles/robo_pico.dir/C_/Program_Files/Raspberry_Pi/Pico_SDK_v1.5.1/pico-sdk/lib/tinyusb/src/device/usbd_control.c.obj
                0x10007468                usbd_control_set_request
 .text.usbd_control_xfer_cb
                0x10007484       0xcc CMakeFiles/robo_pico.dir/C_/Program_Files/Raspberry_Pi/Pico_SDK_v1.5.1/pico-sdk/lib/tinyusb/src/device/usbd_control.c.obj
                0x10007484                usbd_control_xfer_cb
 .text._prep_out_transaction
                0x10007550       0x4a CMakeFiles/robo_pico.dir/C_/Program_Files/Raspberry_Pi/Pico_SDK_v1.5.1/pico-sdk/lib/tinyusb/src/class/cdc/cdc_device.c.obj
 *fill*         0x1000759a        0x2 
 .text.tud_cdc_n_connected
                0x1000759c       0x44 CMakeFiles/robo_pico.dir/C_/Program_Files/Raspberry_Pi/Pico_SDK_v1.5.1/pico-sdk/lib/tinyusb/src/class/cdc/cdc_device.c.obj
                0x1000759c                tud_cdc_n_connected
 .text.tud_cdc_n_available
                0x100075e0       0x18 CMakeFiles/robo_pico.dir/C_/Program_Files/Raspberry_Pi/Pico_SDK_v1.5.1/pico-sdk/lib/tinyusb/src/class/cdc/cdc_device.c.obj
                0x100075e0                tud_cdc_n_available
 .text.tud_cdc_n_read
                0x100075f8       0x28 CMakeFiles/robo_pico.dir/C_/Program_Files/Raspberry_Pi/Pico_SDK_v1.5.1/pico-sdk/lib/tinyusb/src/class/cdc/cdc_device.c.obj
                0x100075f8                tud_cdc_n_read
 .text.tud_cdc_n_write_flush
                0x10007620       0xb8 CMakeFiles/robo_pico.dir/C_/Program_Files/Raspberry_Pi/Pico_SDK_v1.5.1/pico-sdk/lib/tinyusb/src/class/cdc/cdc_device.c.obj
                0x10007620                tud_cdc_n_write_flush
 .text.tud_cdc_n_write
                0x100076d8       0x38 CMakeFiles/robo_pico.dir/C_/Program_Files/Raspberry_Pi/Pico_SDK_v1.5.1/pico-sdk/lib/tinyusb/src/class/cdc/cdc_device.c.obj
                0x100076d8                tud_cdc_n_write
 .text.tud_cdc_n_write_available
                0x10007710       0x1c CMakeFiles/robo_pico.dir/C_/Program_Files/Raspberry_Pi/Pico_SDK_v1.5.1/pico-sdk/lib/tinyusb/src/class/cdc/cdc_device.c.obj
                0x10007710                tud_cdc_n_write_available
 .text.cdcd_init
                0x1000772c       0xbc CMakeFiles/robo_pico.dir/C_/Program_Files/Raspberry_Pi/Pico_SDK_v1.5.1/pico-sdk/lib/tinyusb/src/class/cdc/cdc_device.c.obj
                0x1000772c                cdcd_init
 .text.cdcd_reset
                0x100077e8       0x44 CMakeFiles/robo_pico.dir/C_/Program_Files/Raspberry_Pi/Pico_SDK_v1.5.1/pico-sdk/lib/tinyusb/src/class/cdc/cdc_device.c.obj
                0x100077e8                cdcd_reset
 .text.cdcd_open
                0x1000782c       0xcc CMakeFiles/robo_pico.dir/C_/Program_Files/Raspberry_Pi/Pico_SDK_v1.5.1/pico-sdk/lib/tinyusb/src/class/cdc/cdc_device.c.obj
                0x1000782c                cdcd_open
 .text.cdcd_control_xfer_cb
                0x100078f8      0x134 CMakeFiles/robo_pico.dir/C_/Program_Files/Raspberry_Pi/Pico_SDK_v1.5.1/pico-sdk/lib/tinyusb/src/class/cdc/cdc_device.c.obj
                0x100078f8                cdcd_control_xfer_cb
 .text.cdcd_xfer_cb
                0x10007a2c      0x130 CMakeFiles/robo_pico.dir/C_/Program_Files/Raspberry_Pi/Pico_SDK_v1.5.1/pico-sdk/lib/tinyusb/src/class/cdc/cdc_device.c.obj
                0x10007a2c                cdcd_xfer_cb
 .text.tusb_init
                0x10007b5c        0xa CMakeFiles/robo_pico.dir/C_/Program_Files/Raspberry_Pi/Pico_SDK_v1.5.1/pico-sdk/lib/tinyusb/src/tusb.c.obj
                0x10007b5c                tusb_init
 .text.tusb_inited
                0x10007b66        0xe CMakeFiles/robo_pico.dir/C_/Program_Files/Raspberry_Pi/Pico_SDK_v1.5.1/pico-sdk/lib/tinyusb/src/tusb.c.obj
                0x10007b66                tusb_inited
 .text.tu_edpt_claim
                0x10007b74       0x50 CMakeFiles/robo_pico.dir/C_/Program_Files/Raspberry_Pi/Pico_SDK_v1.5.1/pico-sdk/lib/tinyusb/src/tusb.c.obj
                0x10007b74                tu_edpt_claim
 .text.tu_edpt_release
                0x10007bc4       0x3c CMakeFiles/robo_pico.dir/C_/Program_Files/Raspberry_Pi/Pico_SDK_v1.5.1/pico-sdk/lib/tinyusb/src/tusb.c.obj
                0x10007bc4                tu_edpt_release
 .text.tu_edpt_validate
                0x10007c00       0x78 CMakeFiles/robo_pico.dir/C_/Program_Files/Raspberry_Pi/Pico_SDK_v1.5.1/pico-sdk/lib/tinyusb/src/tusb.c.obj
                0x10007c00                tu_edpt_validate
 .text.tu_edpt_bind_driver
                0x10007c78       0x26 CMakeFiles/robo_pico.dir/C_/Program_Files/Raspberry_Pi/Pico_SDK_v1.5.1/pico-sdk/lib/tinyusb/src/tusb.c.obj
                0x10007c78                tu_edpt_bind_driver
 .text.advance_index
                0x10007c9e       0x1a CMakeFiles/robo_pico.dir/C_/Program_Files/Raspberry_Pi/Pico_SDK_v1.5.1/pico-sdk/lib/tinyusb/src/common/tusb_fifo.c.obj
 .text._tu_fifo_peek
                0x10007cb8       0x56 CMakeFiles/robo_pico.dir/C_/Program_Files/Raspberry_Pi/Pico_SDK_v1.5.1/pico-sdk/lib/tinyusb/src/common/tusb_fifo.c.obj
 .text._ff_pull_const_addr
                0x10007d0e       0x4c CMakeFiles/robo_pico.dir/C_/Program_Files/Raspberry_Pi/Pico_SDK_v1.5.1/pico-sdk/lib/tinyusb/src/common/tusb_fifo.c.obj
 .text._ff_pull_n
                0x10007d5a      0x110 CMakeFiles/robo_pico.dir/C_/Program_Files/Raspberry_Pi/Pico_SDK_v1.5.1/pico-sdk/lib/tinyusb/src/common/tusb_fifo.c.obj
 .text._tu_fifo_peek_n
                0x10007e6a       0x6a CMakeFiles/robo_pico.dir/C_/Program_Files/Raspberry_Pi/Pico_SDK_v1.5.1/pico-sdk/lib/tinyusb/src/common/tusb_fifo.c.obj
 .text._tu_fifo_read_n
                0x10007ed4       0x4e CMakeFiles/robo_pico.dir/C_/Program_Files/Raspberry_Pi/Pico_SDK_v1.5.1/pico-sdk/lib/tinyusb/src/common/tusb_fifo.c.obj
 .text._ff_push_const_addr
                0x10007f22       0x40 CMakeFiles/robo_pico.dir/C_/Program_Files/Raspberry_Pi/Pico_SDK_v1.5.1/pico-sdk/lib/tinyusb/src/common/tusb_fifo.c.obj
 .text._ff_push_n
                0x10007f62      0x10c CMakeFiles/robo_pico.dir/C_/Program_Files/Raspberry_Pi/Pico_SDK_v1.5.1/pico-sdk/lib/tinyusb/src/common/tusb_fifo.c.obj
 .text._tu_fifo_write_n
                0x1000806e       0xf0 CMakeFiles/robo_pico.dir/C_/Program_Files/Raspberry_Pi/Pico_SDK_v1.5.1/pico-sdk/lib/tinyusb/src/common/tusb_fifo.c.obj
 .text.tu_fifo_config
                0x1000815e       0x7c CMakeFiles/robo_pico.dir/C_/Program_Files/Raspberry_Pi/Pico_SDK_v1.5.1/pico-sdk/lib/tinyusb/src/common/tusb_fifo.c.obj
                0x1000815e                tu_fifo_config
 .text.tu_fifo_count
                0x100081da       0x2a CMakeFiles/robo_pico.dir/C_/Program_Files/Raspberry_Pi/Pico_SDK_v1.5.1/pico-sdk/lib/tinyusb/src/common/tusb_fifo.c.obj
                0x100081da                tu_fifo_count
 .text.tu_fifo_empty
                0x10008204       0x10 CMakeFiles/robo_pico.dir/C_/Program_Files/Raspberry_Pi/Pico_SDK_v1.5.1/pico-sdk/lib/tinyusb/src/common/tusb_fifo.c.obj
                0x10008204                tu_fifo_empty
 .text.tu_fifo_full
                0x10008214       0x28 CMakeFiles/robo_pico.dir/C_/Program_Files/Raspberry_Pi/Pico_SDK_v1.5.1/pico-sdk/lib/tinyusb/src/common/tusb_fifo.c.obj
                0x10008214                tu_fifo_full
 .text.tu_fifo_remaining
                0x1000823c       0x2c CMakeFiles/robo_pico.dir/C_/Program_Files/Raspberry_Pi/Pico_SDK_v1.5.1/pico-sdk/lib/tinyusb/src/common/tusb_fifo.c.obj
                0x1000823c                tu_fifo_remaining
 .text.tu_fifo_read
                0x10008268       0x42 CMakeFiles/robo_pico.dir/C_/Program_Files/Raspberry_Pi/Pico_SDK_v1.5.1/pico-sdk/lib/tinyusb/src/common/tusb_fifo.c.obj
                0x10008268                tu_fifo_read
 .text.tu_fifo_read_n
                0x100082aa        0xa CMakeFiles/robo_pico.dir/C_/Program_Files/Raspberry_Pi/Pico_SDK_v1.5.1/pico-sdk/lib/tinyusb/src/common/tusb_fifo.c.obj
                0x100082aa                tu_fifo_read_n
 .text.tu_fifo_write
                0x100082b4       0x64 CMakeFiles/robo_pico.dir/C_/Program_Files/Raspberry_Pi/Pico_SDK_v1.5.1/pico-sdk/lib/tinyusb/src/common/tusb_fifo.c.obj
                0x100082b4                tu_fifo_write
 .text.tu_fifo_write_n
                0x10008318        0xa CMakeFiles/robo_pico.dir/C_/Program_Files/Raspberry_Pi/Pico_SDK_v1.5.1/pico-sdk/lib/tinyusb/src/common/tusb_fifo.c.obj
                0x10008318                tu_fifo_write_n
 .text.tu_fifo_clear
                0x10008322       0x3e CMakeFiles/robo_pico.dir/C_/Program_Files/Raspberry_Pi/Pico_SDK_v1.5.1/pico-sdk/lib/tinyusb/src/common/tusb_fifo.c.obj
                0x10008322                tu_fifo_clear
 .text.tu_fifo_set_overwritable
                0x10008360       0x46 CMakeFiles/robo_pico.dir/C_/Program_Files/Raspberry_Pi/Pico_SDK_v1.5.1/pico-sdk/lib/tinyusb/src/common/tusb_fifo.c.obj
                0x10008360                tu_fifo_set_overwritable
 .text.i2c_write_blocking_internal
                0x100083a6      0x140 CMakeFiles/robo_pico.dir/C_/Program_Files/Raspberry_Pi/Pico_SDK_v1.5.1/pico-sdk/src/rp2_common/hardware_i2c/i2c.c.obj
 .text.i2c_read_blocking_internal
                0x100084e6       0xe6 CMakeFiles/robo_pico.dir/C_/Program_Files/Raspberry_Pi/Pico_SDK_v1.5.1/pico-sdk/src/rp2_common/hardware_i2c/i2c.c.obj
 .text.i2c_set_baudrate
                0x100085cc       0xf0 CMakeFiles/robo_pico.dir/C_/Program_Files/Raspberry_Pi/Pico_SDK_v1.5.1/pico-sdk/src/rp2_common/hardware_i2c/i2c.c.obj
                0x100085cc                i2c_set_baudrate
 .text.i2c_init
                0x100086bc       0x58 CMakeFiles/robo_pico.dir/C_/Program_Files/Raspberry_Pi/Pico_SDK_v1.5.1/pico-sdk/src/rp2_common/hardware_i2c/i2c.c.obj
                0x100086bc                i2c_init
 .text.i2c_write_blocking
                0x10008714       0x18 CMakeFiles/robo_pico.dir/C_/Program_Files/Raspberry_Pi/Pico_SDK_v1.5.1/pico-sdk/src/rp2_common/hardware_i2c/i2c.c.obj
                0x10008714                i2c_write_blocking
 .text.i2c_read_blocking
                0x1000872c       0x18 CMakeFiles/robo_pico.dir/C_/Program_Files/Raspberry_Pi/Pico_SDK_v1.5.1/pico-sdk/src/rp2_common/hardware_i2c/i2c.c.obj
                0x1000872c                i2c_read_blocking
 .text.strlen   0x10008744       0x5c c:/progra~1/raspbe~1/picosd~1.1/gcc-ar~1/bin/../lib/gcc/arm-none-eabi/10.3.1/../../../../arm-none-eabi/lib/thumb/v6-m/nofp\libg.a(lib_a-strlen-stub.o)
                0x10008744                strlen
 .text.strncpy  0x100087a0       0x6c c:/progra~1/raspbe~1/picosd~1.1/gcc-ar~1/bin/../lib/gcc/arm-none-eabi/10.3.1/../../../../arm-none-eabi/lib/thumb/v6-m/nofp\libg.a(lib_a-strncpy.o)
                0x100087a0                strncpy
 *(.fini)
 .fini          0x1000880c        0x4 c:/progra~1/raspbe~1/picosd~1.1/gcc-ar~1/bin/../lib/gcc/arm-none-eabi/10.3.1/thumb/v6-m/nofp/crti.o
                0x1000880c                _fini
 .fini.__stub   0x10008810       0xe0 linker stubs
 *crtbegin.o(.ctors)
 *crtbegin?.o(.ctors)
 *(EXCLUDE_FILE(*crtend.o *crtend?.o) .ctors)
 *(SORT_BY_NAME(.ctors.*))
 *(.ctors)
 *crtbegin.o(.dtors)
 *crtbegin?.o(.dtors)
 *(EXCLUDE_FILE(*crtend.o *crtend?.o) .dtors)
 *(SORT_BY_NAME(.dtors.*))
 *(.dtors)
 *(.eh_frame*)
 .eh_frame      0x100088f0        0x0 c:/progra~1/raspbe~1/picosd~1.1/gcc-ar~1/bin/../lib/gcc/arm-none-eabi/10.3.1/thumb/v6-m/nofp/crtbegin.o
                0x100088f0                . = ALIGN (0x4)

.glue_7         0x100088f0        0x0
 .glue_7        0x100088f0        0x0 linker stubs

.glue_7t        0x100088f0        0x0
 .glue_7t       0x100088f0        0x0 linker stubs

.vfp11_veneer   0x100088f0        0x0
 .vfp11_veneer  0x100088f0        0x0 linker stubs

.v4_bx          0x100088f0        0x0
 .v4_bx         0x100088f0        0x0 linker stubs

.iplt           0x100088f0        0x0
 .iplt          0x100088f0        0x0 c:/progra~1/raspbe~1/picosd~1.1/gcc-ar~1/bin/../lib/gcc/arm-none-eabi/10.3.1/thumb/v6-m/nofp/crtbegin.o

.rodata         0x100088f0     0x1a8c
 *(EXCLUDE_FILE(*libm.a: *libc.a:*lib_a-mem*.o *libgcc.a:) .rodata*)
 .rodata.execute_forward.str1.4
                0x100088f0       0x55 CMakeFiles/robo_pico.dir/src/robo_pico.c.obj
 *fill*         0x10008945        0x3 
 .rodata.execute_backward.str1.4
                0x10008948       0x4e CMakeFiles/robo_pico.dir/src/robo_pico.c.obj
 *fill*         0x10008996        0x2 
 .rodata.execute_left_turn.str1.4
                0x10008998       0xa1 CMakeFiles/robo_pico.dir/src/robo_pico.c.obj
 *fill*         0x10008a39        0x3 
 .rodata.execute_right_turn.str1.4
                0x10008a3c       0x22 CMakeFiles/robo_pico.dir/src/robo_pico.c.obj
 *fill*         0x10008a5e        0x2 
 .rodata.main.str1.4
                0x10008a60       0x61 CMakeFiles/robo_pico.dir/src/robo_pico.c.obj
 *fill*         0x10008ac1        0x3 
 .rodata.__func__.0
                0x10008ac4       0x15 CMakeFiles/robo_pico.dir/src/robo_pico.c.obj
 *fill*         0x10008ad9        0x3 
 .rodata.apply_state
                0x10008adc       0x14 CMakeFiles/robo_pico.dir/src/motors.c.obj
 .rodata.drift_correction_init.str1.4
                0x10008af0       0x80 CMakeFiles/robo_pico.dir/src/drift_correction.c.obj
 .rodata.drift_correction_start.str1.4
                0x10008b70       0x29 CMakeFiles/robo_pico.dir/src/drift_correction.c.obj
 *fill*         0x10008b99        0x3 
 .rodata.drift_correction_stop.str1.4
                0x10008b9c        0x8 CMakeFiles/robo_pico.dir/src/drift_correction.c.obj
 .rodata.spin_lock_claim_unused.str1.4
                0x10008ba4       0x1b CMakeFiles/robo_pico.dir/C_/Program_Files/Raspberry_Pi/Pico_SDK_v1.5.1/pico-sdk/src/rp2_common/hardware_sync/sync.c.obj
 *fill*         0x10008bbf        0x1 
 .rodata.make_branch.str1.4
                0x10008bc0       0x89 CMakeFiles/robo_pico.dir/C_/Program_Files/Raspberry_Pi/Pico_SDK_v1.5.1/pico-sdk/src/rp2_common/hardware_irq/irq.c.obj
 *fill*         0x10008c49        0x3 
 .rodata.insert_branch_and_link.str1.4
                0x10008c4c       0x10 CMakeFiles/robo_pico.dir/C_/Program_Files/Raspberry_Pi/Pico_SDK_v1.5.1/pico-sdk/src/rp2_common/hardware_irq/irq.c.obj
 .rodata.irq_set_exclusive_handler.str1.4
                0x10008c5c       0x36 CMakeFiles/robo_pico.dir/C_/Program_Files/Raspberry_Pi/Pico_SDK_v1.5.1/pico-sdk/src/rp2_common/hardware_irq/irq.c.obj
 *fill*         0x10008c92        0x2 
 .rodata.irq_add_shared_handler.str1.4
                0x10008c94       0xd9 CMakeFiles/robo_pico.dir/C_/Program_Files/Raspberry_Pi/Pico_SDK_v1.5.1/pico-sdk/src/rp2_common/hardware_irq/irq.c.obj
 *fill*         0x10008d6d        0x3 
 .rodata.irq_remove_handler.str1.4
                0x10008d70       0x3a CMakeFiles/robo_pico.dir/C_/Program_Files/Raspberry_Pi/Pico_SDK_v1.5.1/pico-sdk/src/rp2_common/hardware_irq/irq.c.obj
 *fill*         0x10008daa        0x2 
 .rodata.irq_add_tail_to_free_list.str1.4
                0x10008dac       0x3a CMakeFiles/robo_pico.dir/C_/Program_Files/Raspberry_Pi/Pico_SDK_v1.5.1/pico-sdk/src/rp2_common/hardware_irq/irq.c.obj
 *fill*         0x10008de6        0x2 
 .rodata.user_irq_claim_unused.str1.4
                0x10008de8       0x1b CMakeFiles/robo_pico.dir/C_/Program_Files/Raspberry_Pi/Pico_SDK_v1.5.1/pico-sdk/src/rp2_common/hardware_irq/irq.c.obj
 *fill*         0x10008e03        0x1 
 .rodata.__func__.0
                0x10008e04       0x1a CMakeFiles/robo_pico.dir/C_/Program_Files/Raspberry_Pi/Pico_SDK_v1.5.1/pico-sdk/src/rp2_common/hardware_irq/irq.c.obj
 *fill*         0x10008e1e        0x2 
 .rodata.__func__.1
                0x10008e20       0x17 CMakeFiles/robo_pico.dir/C_/Program_Files/Raspberry_Pi/Pico_SDK_v1.5.1/pico-sdk/src/rp2_common/hardware_irq/irq.c.obj
 *fill*         0x10008e37        0x1 
 .rodata.__func__.2
                0x10008e38       0x13 CMakeFiles/robo_pico.dir/C_/Program_Files/Raspberry_Pi/Pico_SDK_v1.5.1/pico-sdk/src/rp2_common/hardware_irq/irq.c.obj
 *fill*         0x10008e4b        0x1 
 .rodata.__func__.3
                0x10008e4c        0xc CMakeFiles/robo_pico.dir/C_/Program_Files/Raspberry_Pi/Pico_SDK_v1.5.1/pico-sdk/src/rp2_common/hardware_irq/irq.c.obj
 .rodata.__func__.4
                0x10008e58        0xf CMakeFiles/robo_pico.dir/C_/Program_Files/Raspberry_Pi/Pico_SDK_v1.5.1/pico-sdk/src/rp2_common/hardware_irq/irq.c.obj
 *fill*         0x10008e67        0x1 
 .rodata.__func__.5
                0x10008e68       0x17 CMakeFiles/robo_pico.dir/C_/Program_Files/Raspberry_Pi/Pico_SDK_v1.5.1/pico-sdk/src/rp2_common/hardware_irq/irq.c.obj
 *fill*         0x10008e7f        0x1 
 .rodata.__func__.6
                0x10008e80       0x1a CMakeFiles/robo_pico.dir/C_/Program_Files/Raspberry_Pi/Pico_SDK_v1.5.1/pico-sdk/src/rp2_common/hardware_irq/irq.c.obj
 *fill*         0x10008e9a        0x2 
 .rodata.str1.4
                0x10008e9c       0xa5 CMakeFiles/robo_pico.dir/C_/Program_Files/Raspberry_Pi/Pico_SDK_v1.5.1/pico-sdk/src/common/pico_sync/mutex.c.obj
                                0x125 (size before relaxing)
 *fill*         0x10008f41        0x3 
 .rodata.__func__.1
                0x10008f44        0xb CMakeFiles/robo_pico.dir/C_/Program_Files/Raspberry_Pi/Pico_SDK_v1.5.1/pico-sdk/src/common/pico_sync/mutex.c.obj
 *fill*         0x10008f4f        0x1 
 .rodata.__func__.3
                0x10008f50       0x18 CMakeFiles/robo_pico.dir/C_/Program_Files/Raspberry_Pi/Pico_SDK_v1.5.1/pico-sdk/src/common/pico_sync/mutex.c.obj
 .rodata.__func__.4
                0x10008f68       0x15 CMakeFiles/robo_pico.dir/C_/Program_Files/Raspberry_Pi/Pico_SDK_v1.5.1/pico-sdk/src/common/pico_sync/mutex.c.obj
 *fill*         0x10008f7d        0x3 
 .rodata.repeating_timer_callback.str1.4
                0x10008f80       0x67 CMakeFiles/robo_pico.dir/C_/Program_Files/Raspberry_Pi/Pico_SDK_v1.5.1/pico-sdk/src/common/pico_time/time.c.obj
 *fill*         0x10008fe7        0x1 
 .rodata.timer_pool_entry_comparator.str1.4
                0x10008fe8       0x22 CMakeFiles/robo_pico.dir/C_/Program_Files/Raspberry_Pi/Pico_SDK_v1.5.1/pico-sdk/src/common/pico_time/time.c.obj
 *fill*         0x1000900a        0x2 
 .rodata.ph_add_child_node.str1.4
                0x1000900c       0xb2 CMakeFiles/robo_pico.dir/C_/Program_Files/Raspberry_Pi/Pico_SDK_v1.5.1/pico-sdk/src/common/pico_time/time.c.obj
 *fill*         0x100090be        0x2 
 .rodata.add_alarm_under_lock.str1.4
                0x100090c0       0x28 CMakeFiles/robo_pico.dir/C_/Program_Files/Raspberry_Pi/Pico_SDK_v1.5.1/pico-sdk/src/common/pico_time/time.c.obj
                                 0x2b (size before relaxing)
 .rodata.alarm_pool_alarm_callback.str1.4
                0x100090e8       0x98 CMakeFiles/robo_pico.dir/C_/Program_Files/Raspberry_Pi/Pico_SDK_v1.5.1/pico-sdk/src/common/pico_time/time.c.obj
                                0x118 (size before relaxing)
 .rodata.alarm_pool_get_default.str1.4
                0x10009180       0x21 CMakeFiles/robo_pico.dir/C_/Program_Files/Raspberry_Pi/Pico_SDK_v1.5.1/pico-sdk/src/common/pico_time/time.c.obj
 *fill*         0x100091a1        0x3 
 .rodata.alarm_pool_cancel_alarm.str1.4
                0x100091a4       0x27 CMakeFiles/robo_pico.dir/C_/Program_Files/Raspberry_Pi/Pico_SDK_v1.5.1/pico-sdk/src/common/pico_time/time.c.obj
 *fill*         0x100091cb        0x1 
 .rodata.sleep_until.str1.4
                0x100091cc       0x4d CMakeFiles/robo_pico.dir/C_/Program_Files/Raspberry_Pi/Pico_SDK_v1.5.1/pico-sdk/src/common/pico_time/time.c.obj
 *fill*         0x10009219        0x3 
 .rodata.__func__.1
                0x1000921c       0x18 CMakeFiles/robo_pico.dir/C_/Program_Files/Raspberry_Pi/Pico_SDK_v1.5.1/pico-sdk/src/common/pico_time/time.c.obj
 .rodata.__func__.10
                0x10009234       0x15 CMakeFiles/robo_pico.dir/C_/Program_Files/Raspberry_Pi/Pico_SDK_v1.5.1/pico-sdk/src/common/pico_time/time.c.obj
 *fill*         0x10009249        0x3 
 .rodata.__func__.11
                0x1000924c       0x1a CMakeFiles/robo_pico.dir/C_/Program_Files/Raspberry_Pi/Pico_SDK_v1.5.1/pico-sdk/src/common/pico_time/time.c.obj
 *fill*         0x10009266        0x2 
 .rodata.__func__.12
                0x10009268        0xa CMakeFiles/robo_pico.dir/C_/Program_Files/Raspberry_Pi/Pico_SDK_v1.5.1/pico-sdk/src/common/pico_time/time.c.obj
 *fill*         0x10009272        0x2 
 .rodata.__func__.3
                0x10009274       0x17 CMakeFiles/robo_pico.dir/C_/Program_Files/Raspberry_Pi/Pico_SDK_v1.5.1/pico-sdk/src/common/pico_time/time.c.obj
 *fill*         0x1000928b        0x1 
 .rodata.__func__.4
                0x1000928c       0x12 CMakeFiles/robo_pico.dir/C_/Program_Files/Raspberry_Pi/Pico_SDK_v1.5.1/pico-sdk/src/common/pico_time/time.c.obj
 *fill*         0x1000929e        0x2 
 .rodata.__func__.5
                0x100092a0        0xd CMakeFiles/robo_pico.dir/C_/Program_Files/Raspberry_Pi/Pico_SDK_v1.5.1/pico-sdk/src/common/pico_time/time.c.obj
 *fill*         0x100092ad        0x3 
 .rodata.__func__.6
                0x100092b0       0x12 CMakeFiles/robo_pico.dir/C_/Program_Files/Raspberry_Pi/Pico_SDK_v1.5.1/pico-sdk/src/common/pico_time/time.c.obj
 *fill*         0x100092c2        0x2 
 .rodata.__func__.7
                0x100092c4        0xf CMakeFiles/robo_pico.dir/C_/Program_Files/Raspberry_Pi/Pico_SDK_v1.5.1/pico-sdk/src/common/pico_time/time.c.obj
 *fill*         0x100092d3        0x1 
 .rodata.__func__.8
                0x100092d4        0xc CMakeFiles/robo_pico.dir/C_/Program_Files/Raspberry_Pi/Pico_SDK_v1.5.1/pico-sdk/src/common/pico_time/time.c.obj
 .rodata.__func__.9
                0x100092e0       0x15 CMakeFiles/robo_pico.dir/C_/Program_Files/Raspberry_Pi/Pico_SDK_v1.5.1/pico-sdk/src/common/pico_time/time.c.obj
 *fill*         0x100092f5        0x3 
 .rodata.hardware_alarm_claim.str1.4
                0x100092f8       0x22 CMakeFiles/robo_pico.dir/C_/Program_Files/Raspberry_Pi/Pico_SDK_v1.5.1/pico-sdk/src/rp2_common/hardware_timer/timer.c.obj
 .rodata.busy_wait_us.str1.4
                0x1000931a       0x7d CMakeFiles/robo_pico.dir/C_/Program_Files/Raspberry_Pi/Pico_SDK_v1.5.1/pico-sdk/src/rp2_common/hardware_timer/timer.c.obj
 *fill*         0x1000931a        0x2 
 .rodata.hardware_alarm_set_target.str1.4
                0x1000931c       0x81 CMakeFiles/robo_pico.dir/C_/Program_Files/Raspberry_Pi/Pico_SDK_v1.5.1/pico-sdk/src/rp2_common/hardware_timer/timer.c.obj
 *fill*         0x1000939d        0x3 
 .rodata.__func__.0
                0x100093a0       0x1a CMakeFiles/robo_pico.dir/C_/Program_Files/Raspberry_Pi/Pico_SDK_v1.5.1/pico-sdk/src/rp2_common/hardware_timer/timer.c.obj
 *fill*         0x100093ba        0x2 
 .rodata.__func__.1
                0x100093bc       0x15 CMakeFiles/robo_pico.dir/C_/Program_Files/Raspberry_Pi/Pico_SDK_v1.5.1/pico-sdk/src/rp2_common/hardware_timer/timer.c.obj
 .rodata.ph_add_child_node.str1.4
                0x100093d1       0xb2 CMakeFiles/robo_pico.dir/C_/Program_Files/Raspberry_Pi/Pico_SDK_v1.5.1/pico-sdk/src/common/pico_util/pheap.c.obj
 *fill*         0x100093d1        0x3 
 .rodata.ph_remove_any_head.str1.4
                0x100093d4       0xa8 CMakeFiles/robo_pico.dir/C_/Program_Files/Raspberry_Pi/Pico_SDK_v1.5.1/pico-sdk/src/common/pico_util/pheap.c.obj
                                 0xbc (size before relaxing)
 .rodata.ph_remove_and_free_node.str1.4
                0x1000947c       0x1e CMakeFiles/robo_pico.dir/C_/Program_Files/Raspberry_Pi/Pico_SDK_v1.5.1/pico-sdk/src/common/pico_util/pheap.c.obj
                                 0x26 (size before relaxing)
 *fill*         0x1000949a        0x2 
 .rodata.__func__.0
                0x1000949c       0x18 CMakeFiles/robo_pico.dir/C_/Program_Files/Raspberry_Pi/Pico_SDK_v1.5.1/pico-sdk/src/common/pico_util/pheap.c.obj
 .rodata.__func__.1
                0x100094b4       0x13 CMakeFiles/robo_pico.dir/C_/Program_Files/Raspberry_Pi/Pico_SDK_v1.5.1/pico-sdk/src/common/pico_util/pheap.c.obj
 *fill*         0x100094c7        0x1 
 .rodata.__func__.2
                0x100094c8       0x12 CMakeFiles/robo_pico.dir/C_/Program_Files/Raspberry_Pi/Pico_SDK_v1.5.1/pico-sdk/src/common/pico_util/pheap.c.obj
 *fill*         0x100094da        0x2 
 .rodata.__func__.3
                0x100094dc        0xc CMakeFiles/robo_pico.dir/C_/Program_Files/Raspberry_Pi/Pico_SDK_v1.5.1/pico-sdk/src/common/pico_util/pheap.c.obj
 .rodata.clock_configure.str1.4
                0x100094e8       0x73 CMakeFiles/robo_pico.dir/C_/Program_Files/Raspberry_Pi/Pico_SDK_v1.5.1/pico-sdk/src/rp2_common/hardware_clocks/clocks.c.obj
 *fill*         0x1000955b        0x1 
 .rodata.__func__.1
                0x1000955c       0x10 CMakeFiles/robo_pico.dir/C_/Program_Files/Raspberry_Pi/Pico_SDK_v1.5.1/pico-sdk/src/rp2_common/hardware_clocks/clocks.c.obj
 .rodata.pll_init.str1.4
                0x1000956c      0x140 CMakeFiles/robo_pico.dir/C_/Program_Files/Raspberry_Pi/Pico_SDK_v1.5.1/pico-sdk/src/rp2_common/hardware_pll/pll.c.obj
 .rodata.__func__.0
                0x100096ac        0x9 CMakeFiles/robo_pico.dir/C_/Program_Files/Raspberry_Pi/Pico_SDK_v1.5.1/pico-sdk/src/rp2_common/hardware_pll/pll.c.obj
 *fill*         0x100096b5        0x3 
 .rodata.__assert_func.str1.4
                0x100096b8       0x3f CMakeFiles/robo_pico.dir/C_/Program_Files/Raspberry_Pi/Pico_SDK_v1.5.1/pico-sdk/src/rp2_common/pico_runtime/runtime.c.obj
                                 0x43 (size before relaxing)
 *fill*         0x100096f7        0x1 
 .rodata.runtime_init.str1.4
                0x100096f8       0x7d CMakeFiles/robo_pico.dir/C_/Program_Files/Raspberry_Pi/Pico_SDK_v1.5.1/pico-sdk/src/rp2_common/pico_runtime/runtime.c.obj
 *fill*         0x10009775        0x3 
 .rodata.panic.str1.4
                0x10009778       0x12 CMakeFiles/robo_pico.dir/C_/Program_Files/Raspberry_Pi/Pico_SDK_v1.5.1/pico-sdk/src/rp2_common/pico_runtime/runtime.c.obj
 *fill*         0x1000978a        0x2 
 .rodata.__func__.2
                0x1000978c        0xd CMakeFiles/robo_pico.dir/C_/Program_Files/Raspberry_Pi/Pico_SDK_v1.5.1/pico-sdk/src/rp2_common/pico_runtime/runtime.c.obj
 *fill*         0x10009799        0x3 
 .rodata._ftoa.str1.4
                0x1000979c       0x15 CMakeFiles/robo_pico.dir/C_/Program_Files/Raspberry_Pi/Pico_SDK_v1.5.1/pico-sdk/src/rp2_common/pico_printf/printf.c.obj
 *fill*         0x100097b1        0x3 
 .rodata._vsnprintf
                0x100097b4      0x1e0 CMakeFiles/robo_pico.dir/C_/Program_Files/Raspberry_Pi/Pico_SDK_v1.5.1/pico-sdk/src/rp2_common/pico_printf/printf.c.obj
 *fill*         0x10009994        0x4 
 .rodata.pow10.0
                0x10009998       0x50 CMakeFiles/robo_pico.dir/C_/Program_Files/Raspberry_Pi/Pico_SDK_v1.5.1/pico-sdk/src/rp2_common/pico_printf/printf.c.obj
 .rodata.__aeabi_double_init.str1.4
                0x100099e8       0xb8 CMakeFiles/robo_pico.dir/C_/Program_Files/Raspberry_Pi/Pico_SDK_v1.5.1/pico-sdk/src/rp2_common/pico_double/double_init_rom.c.obj
 .rodata.__func__.0
                0x10009aa0       0x14 CMakeFiles/robo_pico.dir/C_/Program_Files/Raspberry_Pi/Pico_SDK_v1.5.1/pico-sdk/src/rp2_common/pico_double/double_init_rom.c.obj
 .rodata.__aeabi_float_init.str1.4
                0x10009ab4       0x96 CMakeFiles/robo_pico.dir/C_/Program_Files/Raspberry_Pi/Pico_SDK_v1.5.1/pico-sdk/src/rp2_common/pico_float/float_init_rom.c.obj
                                 0x9a (size before relaxing)
 *fill*         0x10009b4a        0x2 
 .rodata.__func__.0
                0x10009b4c       0x13 CMakeFiles/robo_pico.dir/C_/Program_Files/Raspberry_Pi/Pico_SDK_v1.5.1/pico-sdk/src/rp2_common/pico_float/float_init_rom.c.obj
 *fill*         0x10009b5f        0x1 
 .rodata.str1.4
                0x10009b60       0x40 CMakeFiles/robo_pico.dir/C_/Program_Files/Raspberry_Pi/Pico_SDK_v1.5.1/pico-sdk/src/rp2_common/pico_standard_link/binary_info.c.obj
 .rodata.__bi_44
                0x10009ba0        0xc CMakeFiles/robo_pico.dir/C_/Program_Files/Raspberry_Pi/Pico_SDK_v1.5.1/pico-sdk/src/rp2_common/pico_standard_link/binary_info.c.obj
 .rodata.__bi_75
                0x10009bac        0xc CMakeFiles/robo_pico.dir/C_/Program_Files/Raspberry_Pi/Pico_SDK_v1.5.1/pico-sdk/src/rp2_common/pico_standard_link/binary_info.c.obj
 .rodata.__bi_81
                0x10009bb8        0xc CMakeFiles/robo_pico.dir/C_/Program_Files/Raspberry_Pi/Pico_SDK_v1.5.1/pico-sdk/src/rp2_common/pico_standard_link/binary_info.c.obj
 .rodata.stdout_serialize_begin.str1.4
                0x10009bc4       0x7d CMakeFiles/robo_pico.dir/C_/Program_Files/Raspberry_Pi/Pico_SDK_v1.5.1/pico-sdk/src/rp2_common/pico_stdio/stdio.c.obj
 .rodata.__wrap_getchar.str1.4
                0x10009bc4       0x65 CMakeFiles/robo_pico.dir/C_/Program_Files/Raspberry_Pi/Pico_SDK_v1.5.1/pico-sdk/src/rp2_common/pico_stdio/stdio.c.obj
 .rodata.getchar_timeout_us.str1.4
                0x10009c29        0x3 CMakeFiles/robo_pico.dir/C_/Program_Files/Raspberry_Pi/Pico_SDK_v1.5.1/pico-sdk/src/rp2_common/pico_stdio/stdio.c.obj
 *fill*         0x10009c29        0x3 
 .rodata.__func__.0
                0x10009c2c       0x13 CMakeFiles/robo_pico.dir/C_/Program_Files/Raspberry_Pi/Pico_SDK_v1.5.1/pico-sdk/src/rp2_common/pico_stdio/stdio.c.obj
 *fill*         0x10009c3f        0x1 
 .rodata.__func__.3
                0x10009c40       0x15 CMakeFiles/robo_pico.dir/C_/Program_Files/Raspberry_Pi/Pico_SDK_v1.5.1/pico-sdk/src/rp2_common/pico_stdio/stdio.c.obj
 *fill*         0x10009c55        0x3 
 .rodata.crlf_str.2
                0x10009c58        0x2 CMakeFiles/robo_pico.dir/C_/Program_Files/Raspberry_Pi/Pico_SDK_v1.5.1/pico-sdk/src/rp2_common/pico_stdio/stdio.c.obj
 *fill*         0x10009c5a        0x2 
 .rodata._resetd_driver
                0x10009c5c       0x18 CMakeFiles/robo_pico.dir/C_/Program_Files/Raspberry_Pi/Pico_SDK_v1.5.1/pico-sdk/src/rp2_common/pico_stdio_usb/reset_interface.c.obj
 .rodata.low_priority_worker_irq.str1.4
                0x10009c74       0x7d CMakeFiles/robo_pico.dir/C_/Program_Files/Raspberry_Pi/Pico_SDK_v1.5.1/pico-sdk/src/rp2_common/pico_stdio_usb/stdio_usb.c.obj
 .rodata.stdio_usb_init.str1.4
                0x10009c74       0x61 CMakeFiles/robo_pico.dir/C_/Program_Files/Raspberry_Pi/Pico_SDK_v1.5.1/pico-sdk/src/rp2_common/pico_stdio_usb/stdio_usb.c.obj
                                 0x69 (size before relaxing)
 *fill*         0x10009cd5        0x3 
 .rodata.str1.4
                0x10009cd8       0x13 CMakeFiles/robo_pico.dir/C_/Program_Files/Raspberry_Pi/Pico_SDK_v1.5.1/pico-sdk/src/rp2_common/pico_stdio_usb/stdio_usb.c.obj
 *fill*         0x10009ceb        0x1 
 .rodata.__bi_182.0